Archive member included to satisfy reference by file (symbol)

/usr/lib/gcc/arm-none-eabi/9.2.1/../../../arm-none-eabi/lib/thumb/v7e-m+fp/hard/libc.a(lib_a-atexit.o)
                              /usr/lib/gcc/arm-none-eabi/9.2.1/../../../arm-none-eabi/lib/thumb/v7e-m+fp/hard/crt0.o (atexit)
/usr/lib/gcc/arm-none-eabi/9.2.1/../../../arm-none-eabi/lib/thumb/v7e-m+fp/hard/libc.a(lib_a-errno.o)
                              build/obj/Board_v1_Src_syscallsc.o (__errno)
/usr/lib/gcc/arm-none-eabi/9.2.1/../../../arm-none-eabi/lib/thumb/v7e-m+fp/hard/libc.a(lib_a-exit.o)
                              /usr/lib/gcc/arm-none-eabi/9.2.1/../../../arm-none-eabi/lib/thumb/v7e-m+fp/hard/crt0.o (exit)
/usr/lib/gcc/arm-none-eabi/9.2.1/../../../arm-none-eabi/lib/thumb/v7e-m+fp/hard/libc.a(lib_a-fini.o)
                              /usr/lib/gcc/arm-none-eabi/9.2.1/../../../arm-none-eabi/lib/thumb/v7e-m+fp/hard/crt0.o (__libc_fini_array)
/usr/lib/gcc/arm-none-eabi/9.2.1/../../../arm-none-eabi/lib/thumb/v7e-m+fp/hard/libc.a(lib_a-impure.o)
                              /usr/lib/gcc/arm-none-eabi/9.2.1/../../../arm-none-eabi/lib/thumb/v7e-m+fp/hard/libc.a(lib_a-exit.o) (_global_impure_ptr)
/usr/lib/gcc/arm-none-eabi/9.2.1/../../../arm-none-eabi/lib/thumb/v7e-m+fp/hard/libc.a(lib_a-init.o)
                              /usr/lib/gcc/arm-none-eabi/9.2.1/../../../arm-none-eabi/lib/thumb/v7e-m+fp/hard/crt0.o (__libc_init_array)
/usr/lib/gcc/arm-none-eabi/9.2.1/../../../arm-none-eabi/lib/thumb/v7e-m+fp/hard/libc.a(lib_a-memcpy.o)
                              build/obj/ThirdParty_FreeRTOS_Source_queuec.o (memcpy)
/usr/lib/gcc/arm-none-eabi/9.2.1/../../../arm-none-eabi/lib/thumb/v7e-m+fp/hard/libc.a(lib_a-memset.o)
                              /usr/lib/gcc/arm-none-eabi/9.2.1/../../../arm-none-eabi/lib/thumb/v7e-m+fp/hard/crt0.o (memset)
/usr/lib/gcc/arm-none-eabi/9.2.1/../../../arm-none-eabi/lib/thumb/v7e-m+fp/hard/libc.a(lib_a-__atexit.o)
                              /usr/lib/gcc/arm-none-eabi/9.2.1/../../../arm-none-eabi/lib/thumb/v7e-m+fp/hard/libc.a(lib_a-atexit.o) (__register_exitproc)
/usr/lib/gcc/arm-none-eabi/9.2.1/../../../arm-none-eabi/lib/thumb/v7e-m+fp/hard/libc.a(lib_a-__call_atexit.o)
                              /usr/lib/gcc/arm-none-eabi/9.2.1/../../../arm-none-eabi/lib/thumb/v7e-m+fp/hard/libc.a(lib_a-exit.o) (__call_exitprocs)
/usr/lib/gcc/arm-none-eabi/9.2.1/thumb/v7e-m+fp/hard/libgcc.a(_aeabi_ldivmod.o)
                              build/obj/ThirdParty_STM32G4xx_HAL_Driver_Src_stm32g4xx_hal_uartc.o (__aeabi_ldivmod)
/usr/lib/gcc/arm-none-eabi/9.2.1/thumb/v7e-m+fp/hard/libgcc.a(_aeabi_uldivmod.o)
                              build/obj/ThirdParty_STM32G4xx_HAL_Driver_Src_stm32g4xx_hal_uartc.o (__aeabi_uldivmod)
/usr/lib/gcc/arm-none-eabi/9.2.1/thumb/v7e-m+fp/hard/libgcc.a(_udivmoddi4.o)
                              /usr/lib/gcc/arm-none-eabi/9.2.1/thumb/v7e-m+fp/hard/libgcc.a(_aeabi_ldivmod.o) (__udivmoddi4)
/usr/lib/gcc/arm-none-eabi/9.2.1/thumb/v7e-m+fp/hard/libgcc.a(_dvmd_tls.o)
                              /usr/lib/gcc/arm-none-eabi/9.2.1/thumb/v7e-m+fp/hard/libgcc.a(_aeabi_ldivmod.o) (__aeabi_ldiv0)

Allocating common symbols
Common symbol       size              file

defaultTaskHandle   0x4               build/obj/Board_v1_Src_app_freertosc.o
htim8               0x4c              build/obj/Board_v1_Src_timc.o
hcrc                0x24              build/obj/Board_v1_Src_crcc.o
htim17              0x4c              build/obj/Board_v1_Src_stm32g4xx_hal_timebase_timc.o
hfdcan3             0x64              build/obj/Board_v1_Src_fdcanc.o
uwTick              0x4               build/obj/ThirdParty_STM32G4xx_HAL_Driver_Src_stm32g4xx_halc.o
xQueueRegistry      0x40              build/obj/ThirdParty_FreeRTOS_Source_queuec.o
hadc1               0x6c              build/obj/Board_v1_Src_adcc.o
hhrtim1             0xfc              build/obj/Board_v1_Src_hrtimc.o
hcordic             0x28              build/obj/Board_v1_Src_cordicc.o
hfmac               0x38              build/obj/Board_v1_Src_fmacc.o
huart2              0x94              build/obj/Board_v1_Src_usartc.o
hfdcan2             0x64              build/obj/Board_v1_Src_fdcanc.o

Discarded input sections

 .text          0x0000000000000000        0x0 /usr/lib/gcc/arm-none-eabi/9.2.1/thumb/v7e-m+fp/hard/crti.o
 .data          0x0000000000000000        0x0 /usr/lib/gcc/arm-none-eabi/9.2.1/thumb/v7e-m+fp/hard/crti.o
 .bss           0x0000000000000000        0x0 /usr/lib/gcc/arm-none-eabi/9.2.1/thumb/v7e-m+fp/hard/crti.o
 .data          0x0000000000000000        0x4 /usr/lib/gcc/arm-none-eabi/9.2.1/thumb/v7e-m+fp/hard/crtbegin.o
 .text          0x0000000000000000       0x70 /usr/lib/gcc/arm-none-eabi/9.2.1/../../../arm-none-eabi/lib/thumb/v7e-m+fp/hard/crt0.o
 .data          0x0000000000000000        0x0 /usr/lib/gcc/arm-none-eabi/9.2.1/../../../arm-none-eabi/lib/thumb/v7e-m+fp/hard/crt0.o
[...]
Memory Configuration

Name             Origin             Length             Attributes
RAM              0x0000000020000000 0x0000000000020000 xrw
FLASH            0x0000000008000000 0x0000000000080000 xr
*default*        0x0000000000000000 0xffffffffffffffff

Linker script and memory map

LOAD /usr/lib/gcc/arm-none-eabi/9.2.1/thumb/v7e-m+fp/hard/crti.o
LOAD /usr/lib/gcc/arm-none-eabi/9.2.1/thumb/v7e-m+fp/hard/crtbegin.o
LOAD /usr/lib/gcc/arm-none-eabi/9.2.1/../../../arm-none-eabi/lib/thumb/v7e-m+fp/hard/crt0.o
LOAD build/obj/ThirdParty_FreeRTOS_Source_croutinec.o
LOAD build/obj/ThirdParty_FreeRTOS_Source_event_groupsc.o
LOAD build/obj/ThirdParty_FreeRTOS_Source_listc.o
LOAD build/obj/ThirdParty_FreeRTOS_Source_queuec.o
LOAD build/obj/ThirdParty_FreeRTOS_Source_stream_bufferc.o
LOAD build/obj/ThirdParty_FreeRTOS_Source_tasksc.o
LOAD build/obj/ThirdParty_FreeRTOS_Source_timersc.o
LOAD build/obj/ThirdParty_FreeRTOS_Source_CMSIS_RTOS_cmsis_osc.o
LOAD build/obj/ThirdParty_FreeRTOS_Source_portable_MemMang_heap_4c.o
LOAD build/obj/Board_v1_startup_stm32g474xxs.o
LOAD build/obj/Board_v1___ThirdParty_FreeRTOS_Source_portable_GCC_ARM_CM4F_portc.o
LOAD build/obj/Board_v1_Src_adcc.o
LOAD build/obj/Board_v1_Src_app_freertosc.o
LOAD build/obj/Board_v1_Src_cordicc.o
LOAD build/obj/Board_v1_Src_crcc.o
LOAD build/obj/Board_v1_Src_fdcanc.o
LOAD build/obj/Board_v1_Src_fmacc.o
LOAD build/obj/Board_v1_Src_gpioc.o
LOAD build/obj/Board_v1_Src_hrtimc.o
LOAD build/obj/Board_v1_Src_mainc.o
LOAD build/obj/Board_v1_Src_stm32g4xx_hal_mspc.o
LOAD build/obj/Board_v1_Src_stm32g4xx_hal_timebase_timc.o
LOAD build/obj/Board_v1_Src_stm32g4xx_itc.o
LOAD build/obj/Board_v1_Src_syscallsc.o
LOAD build/obj/Board_v1_Src_sysmemc.o
LOAD build/obj/Board_v1_Src_system_stm32g4xxc.o
LOAD build/obj/Board_v1_Src_timc.o
LOAD build/obj/Board_v1_Src_usartc.o
LOAD build/obj/ThirdParty_STM32G4xx_HAL_Driver_Src_stm32g4xx_hal_adc_exc.o
LOAD build/obj/ThirdParty_STM32G4xx_HAL_Driver_Src_stm32g4xx_hal_adcc.o
LOAD build/obj/ThirdParty_STM32G4xx_HAL_Driver_Src_stm32g4xx_hal_cordicc.o
LOAD build/obj/ThirdParty_STM32G4xx_HAL_Driver_Src_stm32g4xx_hal_cortexc.o
LOAD build/obj/ThirdParty_STM32G4xx_HAL_Driver_Src_stm32g4xx_hal_crc_exc.o
LOAD build/obj/ThirdParty_STM32G4xx_HAL_Driver_Src_stm32g4xx_hal_crcc.o
LOAD build/obj/ThirdParty_STM32G4xx_HAL_Driver_Src_stm32g4xx_hal_dma_exc.o
LOAD build/obj/ThirdParty_STM32G4xx_HAL_Driver_Src_stm32g4xx_hal_dmac.o
LOAD build/obj/ThirdParty_STM32G4xx_HAL_Driver_Src_stm32g4xx_hal_extic.o
LOAD build/obj/ThirdParty_STM32G4xx_HAL_Driver_Src_stm32g4xx_hal_fdcanc.o
LOAD build/obj/ThirdParty_STM32G4xx_HAL_Driver_Src_stm32g4xx_hal_flash_exc.o
LOAD build/obj/ThirdParty_STM32G4xx_HAL_Driver_Src_stm32g4xx_hal_flash_ramfuncc.o
LOAD build/obj/ThirdParty_STM32G4xx_HAL_Driver_Src_stm32g4xx_hal_flashc.o
LOAD build/obj/ThirdParty_STM32G4xx_HAL_Driver_Src_stm32g4xx_hal_fmacc.o
LOAD build/obj/ThirdParty_STM32G4xx_HAL_Driver_Src_stm32g4xx_hal_gpioc.o
LOAD build/obj/ThirdParty_STM32G4xx_HAL_Driver_Src_stm32g4xx_hal_hrtimc.o
LOAD build/obj/ThirdParty_STM32G4xx_HAL_Driver_Src_stm32g4xx_hal_pwr_exc.o
LOAD build/obj/ThirdParty_STM32G4xx_HAL_Driver_Src_stm32g4xx_hal_pwrc.o
LOAD build/obj/ThirdParty_STM32G4xx_HAL_Driver_Src_stm32g4xx_hal_rcc_exc.o
LOAD build/obj/ThirdParty_STM32G4xx_HAL_Driver_Src_stm32g4xx_hal_rccc.o
LOAD build/obj/ThirdParty_STM32G4xx_HAL_Driver_Src_stm32g4xx_hal_tim_exc.o
LOAD build/obj/ThirdParty_STM32G4xx_HAL_Driver_Src_stm32g4xx_hal_timc.o
LOAD build/obj/ThirdParty_STM32G4xx_HAL_Driver_Src_stm32g4xx_hal_uart_exc.o
LOAD build/obj/ThirdParty_STM32G4xx_HAL_Driver_Src_stm32g4xx_hal_uartc.o
LOAD build/obj/ThirdParty_STM32G4xx_HAL_Driver_Src_stm32g4xx_halc.o
LOAD build/obj/ThirdParty_STM32G4xx_HAL_Driver_Src_stm32g4xx_ll_adcc.o
LOAD /usr/lib/gcc/arm-none-eabi/9.2.1/../../../arm-none-eabi/lib/thumb/v7e-m+fp/hard/libnosys.a
LOAD /usr/lib/gcc/arm-none-eabi/9.2.1/../../../arm-none-eabi/lib/thumb/v7e-m+fp/hard/libstdc++.a
LOAD /usr/lib/gcc/arm-none-eabi/9.2.1/../../../arm-none-eabi/lib/thumb/v7e-m+fp/hard/libm.a
LOAD /usr/lib/gcc/arm-none-eabi/9.2.1/../../../arm-none-eabi/lib/thumb/v7e-m+fp/hard/libc.a
START GROUP
LOAD /usr/lib/gcc/arm-none-eabi/9.2.1/thumb/v7e-m+fp/hard/libgcc.a
LOAD /usr/lib/gcc/arm-none-eabi/9.2.1/../../../arm-none-eabi/lib/thumb/v7e-m+fp/hard/libg.a
LOAD /usr/lib/gcc/arm-none-eabi/9.2.1/../../../arm-none-eabi/lib/thumb/v7e-m+fp/hard/libc.a
END GROUP
START GROUP
LOAD /usr/lib/gcc/arm-none-eabi/9.2.1/thumb/v7e-m+fp/hard/libgcc.a
LOAD /usr/lib/gcc/arm-none-eabi/9.2.1/../../../arm-none-eabi/lib/thumb/v7e-m+fp/hard/libc.a
LOAD /usr/lib/gcc/arm-none-eabi/9.2.1/../../../arm-none-eabi/lib/thumb/v7e-m+fp/hard/libnosys.a
END GROUP
LOAD /usr/lib/gcc/arm-none-eabi/9.2.1/thumb/v7e-m+fp/hard/crtend.o
LOAD /usr/lib/gcc/arm-none-eabi/9.2.1/thumb/v7e-m+fp/hard/crtn.o
                0x0000000020020000                _estack = (ORIGIN (RAM) + LENGTH (RAM))
                0x0000000000000200                _Min_Heap_Size = 0x200
                0x0000000000000400                _Min_Stack_Size = 0x400

.isr_vector     0x0000000008000000      0x1d8
                0x0000000008000000                . = ALIGN (0x4)
 *(.isr_vector)
 .isr_vector    0x0000000008000000      0x1d8 build/obj/Board_v1_startup_stm32g474xxs.o
                0x0000000008000000                g_pfnVectors
                0x00000000080001d8                . = ALIGN (0x4)

.text           0x00000000080001e0     0x6934
                0x00000000080001e0                . = ALIGN (0x4)
 *(.text)
 .text          0x00000000080001e0       0x88 /usr/lib/gcc/arm-none-eabi/9.2.1/thumb/v7e-m+fp/hard/crtbegin.o
 .text          0x0000000008000268        0xc /usr/lib/gcc/arm-none-eabi/9.2.1/../../../arm-none-eabi/lib/thumb/v7e-m+fp/hard/libc.a(lib_a-atexit.o)
                0x0000000008000268                atexit
 .text          0x0000000008000274       0x34 /usr/lib/gcc/arm-none-eabi/9.2.1/../../../arm-none-eabi/lib/thumb/v7e-m+fp/hard/libc.a(lib_a-fini.o)
                0x0000000008000274                __libc_fini_array
 .text          0x00000000080002a8       0x48 /usr/lib/gcc/arm-none-eabi/9.2.1/../../../arm-none-eabi/lib/thumb/v7e-m+fp/hard/libc.a(lib_a-init.o)
                0x00000000080002a8                __libc_init_array
 .text          0x00000000080002f0       0xa0 /usr/lib/gcc/arm-none-eabi/9.2.1/../../../arm-none-eabi/lib/thumb/v7e-m+fp/hard/libc.a(lib_a-memset.o)
                0x00000000080002f0                memset
 .text          0x0000000008000390       0x68 /usr/lib/gcc/arm-none-eabi/9.2.1/../../../arm-none-eabi/lib/thumb/v7e-m+fp/hard/libc.a(lib_a-__atexit.o)
                0x0000000008000390                __register_exitproc
 .text          0x00000000080003f8       0x30 /usr/lib/gcc/arm-none-eabi/9.2.1/thumb/v7e-m+fp/hard/libgcc.a(_aeabi_uldivmod.o)
                0x00000000080003f8                __aeabi_uldivmod
 .text          0x0000000008000428      0x2c4 /usr/lib/gcc/arm-none-eabi/9.2.1/thumb/v7e-m+fp/hard/libgcc.a(_udivmoddi4.o)
                0x0000000008000428                __udivmoddi4
 .text          0x00000000080006ec        0x4 /usr/lib/gcc/arm-none-eabi/9.2.1/thumb/v7e-m+fp/hard/libgcc.a(_dvmd_tls.o)
                0x00000000080006ec                __aeabi_ldiv0
                0x00000000080006ec                __aeabi_idiv0
 *(.text*)
 .text.vListInitialise
                0x00000000080006f0       0x18 build/obj/ThirdParty_FreeRTOS_Source_listc.o
                0x00000000080006f0                vListInitialise
 .text.vListInitialiseItem
                0x0000000008000708        0x8 build/obj/ThirdParty_FreeRTOS_Source_listc.o
                0x0000000008000708                vListInitialiseItem
 .text.vListInsertEnd
                0x0000000008000710       0x20 build/obj/ThirdParty_FreeRTOS_Source_listc.o
                0x0000000008000710                vListInsertEnd
 .text.vListInsert
                0x0000000008000730       0x30 build/obj/ThirdParty_FreeRTOS_Source_listc.o
                0x0000000008000730                vListInsert
 .text.uxListRemove
                0x0000000008000760       0x28 build/obj/ThirdParty_FreeRTOS_Source_listc.o
                0x0000000008000760                uxListRemove
 .text.prvIdleTask
                0x0000000008000788       0x70 build/obj/ThirdParty_FreeRTOS_Source_tasksc.o
 .text.prvResetNextTaskUnblockTime.part.0
                0x00000000080007f8       0x18 build/obj/ThirdParty_FreeRTOS_Source_tasksc.o
 .text.prvAddCurrentTaskToDelayedList
                0x0000000008000810       0x8c build/obj/ThirdParty_FreeRTOS_Source_tasksc.o
 .text.xTaskIncrementTick.part.0
                0x000000000800089c      0x140 build/obj/ThirdParty_FreeRTOS_Source_tasksc.o
 .text.xTaskCreate
                0x00000000080009dc      0x208 build/obj/ThirdParty_FreeRTOS_Source_tasksc.o
                0x00000000080009dc                xTaskCreate
 .text.vTaskStartScheduler
                0x0000000008000be4       0x78 build/obj/ThirdParty_FreeRTOS_Source_tasksc.o
                0x0000000008000be4                vTaskStartScheduler
 .text.vTaskSuspendAll
                0x0000000008000c5c       0x10 build/obj/ThirdParty_FreeRTOS_Source_tasksc.o
                0x0000000008000c5c                vTaskSuspendAll
 .text.xTaskResumeAll
                0x0000000008000c6c      0x134 build/obj/ThirdParty_FreeRTOS_Source_tasksc.o
                0x0000000008000c6c                xTaskResumeAll
 .text.vTaskDelay
                0x0000000008000da0       0x48 build/obj/ThirdParty_FreeRTOS_Source_tasksc.o
                0x0000000008000da0                vTaskDelay
 .text.xTaskIncrementTick
                0x0000000008000de8       0x20 build/obj/ThirdParty_FreeRTOS_Source_tasksc.o
                0x0000000008000de8                xTaskIncrementTick
 .text.vTaskSwitchContext
                0x0000000008000e08       0x78 build/obj/ThirdParty_FreeRTOS_Source_tasksc.o
                0x0000000008000e08                vTaskSwitchContext
 .text.osKernelStart
                0x0000000008000e80        0xc build/obj/ThirdParty_FreeRTOS_Source_CMSIS_RTOS_cmsis_osc.o
                0x0000000008000e80                osKernelStart
 .text.osThreadCreate
                0x0000000008000e8c       0x30 build/obj/ThirdParty_FreeRTOS_Source_CMSIS_RTOS_cmsis_osc.o
                0x0000000008000e8c                osThreadCreate
 .text.osDelay  0x0000000008000ebc       0x10 build/obj/ThirdParty_FreeRTOS_Source_CMSIS_RTOS_cmsis_osc.o
                0x0000000008000ebc                osDelay
 .text.prvInsertBlockIntoFreeList
                0x0000000008000ecc       0x60 build/obj/ThirdParty_FreeRTOS_Source_portable_MemMang_heap_4c.o
 .text.pvPortMalloc
                0x0000000008000f2c      0x12c build/obj/ThirdParty_FreeRTOS_Source_portable_MemMang_heap_4c.o
                0x0000000008000f2c                pvPortMalloc
 .text.vPortFree
                0x0000000008001058       0x7c build/obj/ThirdParty_FreeRTOS_Source_portable_MemMang_heap_4c.o
                0x0000000008001058                vPortFree
 .text.Reset_Handler
                0x00000000080010d4       0x50 build/obj/Board_v1_startup_stm32g474xxs.o
                0x00000000080010d4                Reset_Handler
 .text.Default_Handler
                0x0000000008001124        0x2 build/obj/Board_v1_startup_stm32g474xxs.o
                0x0000000008001124                RTC_Alarm_IRQHandler
                0x0000000008001124                EXTI2_IRQHandler
                0x0000000008001124                TIM8_TRG_COM_IRQHandler
                0x0000000008001124                TIM8_CC_IRQHandler
                0x0000000008001124                SPI4_IRQHandler
                0x0000000008001124                FDCAN3_IT0_IRQHandler
                0x0000000008001124                TIM1_CC_IRQHandler
                0x0000000008001124                HRTIM1_FLT_IRQHandler
                0x0000000008001124                HRTIM1_TIMF_IRQHandler
                0x0000000008001124                USB_HP_IRQHandler
                0x0000000008001124                CORDIC_IRQHandler
                0x0000000008001124                HRTIM1_TIMD_IRQHandler
                0x0000000008001124                DMA2_Channel8_IRQHandler
                0x0000000008001124                EXTI3_IRQHandler
                0x0000000008001124                I2C3_ER_IRQHandler
                0x0000000008001124                EXTI0_IRQHandler
                0x0000000008001124                I2C2_EV_IRQHandler
                0x0000000008001124                FPU_IRQHandler
                0x0000000008001124                FDCAN1_IT1_IRQHandler
                0x0000000008001124                TIM1_UP_TIM16_IRQHandler
                0x0000000008001124                HRTIM1_TIME_IRQHandler
                0x0000000008001124                SPI1_IRQHandler
                0x0000000008001124                TIM6_DAC_IRQHandler
                0x0000000008001124                HRTIM1_TIMC_IRQHandler
                0x0000000008001124                TIM8_UP_IRQHandler
                0x0000000008001124                DMA2_Channel2_IRQHandler
                0x0000000008001124                DMA1_Channel4_IRQHandler
                0x0000000008001124                TIM20_TRG_COM_IRQHandler
                0x0000000008001124                USART3_IRQHandler
                0x0000000008001124                DMA1_Channel7_IRQHandler
                0x0000000008001124                UART5_IRQHandler
                0x0000000008001124                ADC3_IRQHandler
                0x0000000008001124                TIM4_IRQHandler
                0x0000000008001124                DMA2_Channel1_IRQHandler
                0x0000000008001124                QUADSPI_IRQHandler
                0x0000000008001124                I2C1_EV_IRQHandler
                0x0000000008001124                DMA1_Channel6_IRQHandler
                0x0000000008001124                UART4_IRQHandler
                0x0000000008001124                DMA2_Channel4_IRQHandler
                0x0000000008001124                TIM3_IRQHandler
                0x0000000008001124                RCC_IRQHandler
                0x0000000008001124                TIM20_UP_IRQHandler
                0x0000000008001124                DMA1_Channel1_IRQHandler
                0x0000000008001124                Default_Handler
                0x0000000008001124                DMA2_Channel7_IRQHandler
                0x0000000008001124                RTC_TAMP_LSECSS_IRQHandler
                0x0000000008001124                FMAC_IRQHandler
                0x0000000008001124                EXTI15_10_IRQHandler
                0x0000000008001124                DMA1_Channel8_IRQHandler
                0x0000000008001124                HRTIM1_TIMA_IRQHandler
                0x0000000008001124                TIM7_DAC_IRQHandler
                0x0000000008001124                FDCAN3_IT1_IRQHandler
                0x0000000008001124                TIM5_IRQHandler
                0x0000000008001124                UCPD1_IRQHandler
                0x0000000008001124                I2C3_EV_IRQHandler
                0x0000000008001124                EXTI9_5_IRQHandler
                0x0000000008001124                RTC_WKUP_IRQHandler
                0x0000000008001124                PVD_PVM_IRQHandler
                0x0000000008001124                SPI2_IRQHandler
                0x0000000008001124                ADC5_IRQHandler
                0x0000000008001124                DMA2_Channel5_IRQHandler
                0x0000000008001124                CRS_IRQHandler
                0x0000000008001124                DMA1_Channel5_IRQHandler
                0x0000000008001124                USB_LP_IRQHandler
                0x0000000008001124                EXTI4_IRQHandler
                0x0000000008001124                RNG_IRQHandler
                0x0000000008001124                HRTIM1_TIMB_IRQHandler
                0x0000000008001124                DMA1_Channel3_IRQHandler
                0x0000000008001124                ADC4_IRQHandler
                0x0000000008001124                WWDG_IRQHandler
                0x0000000008001124                I2C4_EV_IRQHandler
                0x0000000008001124                LPUART1_IRQHandler
                0x0000000008001124                DMA2_Channel6_IRQHandler
                0x0000000008001124                FDCAN1_IT0_IRQHandler
                0x0000000008001124                TIM2_IRQHandler
                0x0000000008001124                COMP7_IRQHandler
                0x0000000008001124                COMP1_2_3_IRQHandler
                0x0000000008001124                EXTI1_IRQHandler
                0x0000000008001124                COMP4_5_6_IRQHandler
                0x0000000008001124                TIM20_BRK_IRQHandler
                0x0000000008001124                I2C2_ER_IRQHandler
                0x0000000008001124                DMA1_Channel2_IRQHandler
                0x0000000008001124                TIM8_BRK_IRQHandler
                0x0000000008001124                FLASH_IRQHandler
                0x0000000008001124                TIM20_CC_IRQHandler
                0x0000000008001124                USART1_IRQHandler
                0x0000000008001124                SPI3_IRQHandler
                0x0000000008001124                I2C1_ER_IRQHandler
                0x0000000008001124                FMC_IRQHandler
                0x0000000008001124                LPTIM1_IRQHandler
                0x0000000008001124                DMAMUX_OVR_IRQHandler
                0x0000000008001124                I2C4_ER_IRQHandler
                0x0000000008001124                USBWakeUp_IRQHandler
                0x0000000008001124                SAI1_IRQHandler
                0x0000000008001124                DMA2_Channel3_IRQHandler
                0x0000000008001124                TIM1_BRK_TIM15_IRQHandler
 *fill*         0x0000000008001126        0x2 
 .text.prvPortStartFirstTask
                0x0000000008001128       0x28 build/obj/Board_v1___ThirdParty_FreeRTOS_Source_portable_GCC_ARM_CM4F_portc.o
 .text.vPortEnableVFP
                0x0000000008001150       0x14 build/obj/Board_v1___ThirdParty_FreeRTOS_Source_portable_GCC_ARM_CM4F_portc.o
 .text.prvTaskExitError
                0x0000000008001164       0x40 build/obj/Board_v1___ThirdParty_FreeRTOS_Source_portable_GCC_ARM_CM4F_portc.o
 .text.pxPortInitialiseStack
                0x00000000080011a4       0x30 build/obj/Board_v1___ThirdParty_FreeRTOS_Source_portable_GCC_ARM_CM4F_portc.o
                0x00000000080011a4                pxPortInitialiseStack
 *fill*         0x00000000080011d4        0xc 
 .text.SVC_Handler
                0x00000000080011e0       0x24 build/obj/Board_v1___ThirdParty_FreeRTOS_Source_portable_GCC_ARM_CM4F_portc.o
                0x00000000080011e0                SVC_Handler
 .text.vPortEnterCritical
                0x0000000008001204       0x44 build/obj/Board_v1___ThirdParty_FreeRTOS_Source_portable_GCC_ARM_CM4F_portc.o
                0x0000000008001204                vPortEnterCritical
 .text.vPortExitCritical
                0x0000000008001248       0x28 build/obj/Board_v1___ThirdParty_FreeRTOS_Source_portable_GCC_ARM_CM4F_portc.o
                0x0000000008001248                vPortExitCritical
 .text.PendSV_Handler
                0x0000000008001270       0x64 build/obj/Board_v1___ThirdParty_FreeRTOS_Source_portable_GCC_ARM_CM4F_portc.o
                0x0000000008001270                PendSV_Handler
 .text.SysTick_Handler
                0x00000000080012d4       0x2c build/obj/Board_v1___ThirdParty_FreeRTOS_Source_portable_GCC_ARM_CM4F_portc.o
                0x00000000080012d4                SysTick_Handler
 .text.vPortSetupTimerInterrupt
                0x0000000008001300       0x3c build/obj/Board_v1___ThirdParty_FreeRTOS_Source_portable_GCC_ARM_CM4F_portc.o
                0x0000000008001300                vPortSetupTimerInterrupt
 .text.xPortStartScheduler
                0x000000000800133c      0x10c build/obj/Board_v1___ThirdParty_FreeRTOS_Source_portable_GCC_ARM_CM4F_portc.o
                0x000000000800133c                xPortStartScheduler
 .text.MX_ADC1_Init
                0x0000000008001448       0xe8 build/obj/Board_v1_Src_adcc.o
                0x0000000008001448                MX_ADC1_Init
 .text.HAL_ADC_MspInit
                0x0000000008001530       0xc0 build/obj/Board_v1_Src_adcc.o
                0x0000000008001530                HAL_ADC_MspInit
 .text.StartDefaultTask
                0x00000000080015f0        0xc build/obj/Board_v1_Src_app_freertosc.o
                0x00000000080015f0                StartDefaultTask
 .text.MX_FREERTOS_Init
                0x00000000080015fc       0x28 build/obj/Board_v1_Src_app_freertosc.o
                0x00000000080015fc                MX_FREERTOS_Init
 .text.MX_CORDIC_Init
                0x0000000008001624       0x20 build/obj/Board_v1_Src_cordicc.o
                0x0000000008001624                MX_CORDIC_Init
 .text.HAL_CORDIC_MspInit
                0x0000000008001644       0x30 build/obj/Board_v1_Src_cordicc.o
                0x0000000008001644                HAL_CORDIC_MspInit
 .text.MX_CRC_Init
                0x0000000008001674       0x2c build/obj/Board_v1_Src_crcc.o
                0x0000000008001674                MX_CRC_Init
 .text.HAL_CRC_MspInit
                0x00000000080016a0       0x2c build/obj/Board_v1_Src_crcc.o
                0x00000000080016a0                HAL_CRC_MspInit
 .text.MX_FDCAN2_Init
                0x00000000080016cc       0x4c build/obj/Board_v1_Src_fdcanc.o
                0x00000000080016cc                MX_FDCAN2_Init
 .text.MX_FDCAN3_Init
                0x0000000008001718       0x4c build/obj/Board_v1_Src_fdcanc.o
                0x0000000008001718                MX_FDCAN3_Init
 .text.HAL_FDCAN_MspInit
                0x0000000008001764      0x13c build/obj/Board_v1_Src_fdcanc.o
                0x0000000008001764                HAL_FDCAN_MspInit
 .text.MX_FMAC_Init
                0x00000000080018a0       0x20 build/obj/Board_v1_Src_fmacc.o
                0x00000000080018a0                MX_FMAC_Init
 .text.HAL_FMAC_MspInit
                0x00000000080018c0       0x2c build/obj/Board_v1_Src_fmacc.o
                0x00000000080018c0                HAL_FMAC_MspInit
 .text.MX_GPIO_Init
                0x00000000080018ec       0x88 build/obj/Board_v1_Src_gpioc.o
                0x00000000080018ec                MX_GPIO_Init
 .text.HAL_HRTIM_MspInit
                0x0000000008001974       0x40 build/obj/Board_v1_Src_hrtimc.o
                0x0000000008001974                HAL_HRTIM_MspInit
 .text.HAL_HRTIM_MspPostInit
                0x00000000080019b4       0x84 build/obj/Board_v1_Src_hrtimc.o
                0x00000000080019b4                HAL_HRTIM_MspPostInit
 .text.MX_HRTIM1_Init
                0x0000000008001a38      0x3d0 build/obj/Board_v1_Src_hrtimc.o
                0x0000000008001a38                MX_HRTIM1_Init
 .text.SystemClock_Config
                0x0000000008001e08       0x70 build/obj/Board_v1_Src_mainc.o
                0x0000000008001e08                SystemClock_Config
 .text.startup.main
                0x0000000008001e78       0x3c build/obj/Board_v1_Src_mainc.o
                0x0000000008001e78                main
 .text.HAL_TIM_PeriodElapsedCallback
                0x0000000008001eb4       0x14 build/obj/Board_v1_Src_mainc.o
                0x0000000008001eb4                HAL_TIM_PeriodElapsedCallback
 .text.Error_Handler
                0x0000000008001ec8        0x4 build/obj/Board_v1_Src_mainc.o
                0x0000000008001ec8                Error_Handler
 .text.HAL_MspInit
                0x0000000008001ecc       0x44 build/obj/Board_v1_Src_stm32g4xx_hal_mspc.o
                0x0000000008001ecc                HAL_MspInit
 .text.HAL_InitTick
                0x0000000008001f10       0x94 build/obj/Board_v1_Src_stm32g4xx_hal_timebase_timc.o
                0x0000000008001f10                HAL_InitTick
 .text.NMI_Handler
                0x0000000008001fa4        0x8 build/obj/Board_v1_Src_stm32g4xx_itc.o
                0x0000000008001fa4                NMI_Handler
 .text.HardFault_Handler
                0x0000000008001fac        0x4 build/obj/Board_v1_Src_stm32g4xx_itc.o
                0x0000000008001fac                HardFault_Handler
 .text.MemManage_Handler
                0x0000000008001fb0        0x4 build/obj/Board_v1_Src_stm32g4xx_itc.o
                0x0000000008001fb0                MemManage_Handler
 .text.BusFault_Handler
                0x0000000008001fb4        0x4 build/obj/Board_v1_Src_stm32g4xx_itc.o
                0x0000000008001fb4                BusFault_Handler
 .text.UsageFault_Handler
                0x0000000008001fb8        0x4 build/obj/Board_v1_Src_stm32g4xx_itc.o
                0x0000000008001fb8                UsageFault_Handler
 .text.DebugMon_Handler
                0x0000000008001fbc        0x4 build/obj/Board_v1_Src_stm32g4xx_itc.o
                0x0000000008001fbc                DebugMon_Handler
 .text.ADC1_2_IRQHandler
                0x0000000008001fc0        0xc build/obj/Board_v1_Src_stm32g4xx_itc.o
                0x0000000008001fc0                ADC1_2_IRQHandler
 .text.TIM1_TRG_COM_TIM17_IRQHandler
                0x0000000008001fcc        0xc build/obj/Board_v1_Src_stm32g4xx_itc.o
                0x0000000008001fcc                TIM1_TRG_COM_TIM17_IRQHandler
 .text.USART2_IRQHandler
                0x0000000008001fd8        0xc build/obj/Board_v1_Src_stm32g4xx_itc.o
                0x0000000008001fd8                USART2_IRQHandler
 .text.HRTIM1_Master_IRQHandler
                0x0000000008001fe4        0xc build/obj/Board_v1_Src_stm32g4xx_itc.o
                0x0000000008001fe4                HRTIM1_Master_IRQHandler
 .text.FDCAN2_IT0_IRQHandler
                0x0000000008001ff0        0xc build/obj/Board_v1_Src_stm32g4xx_itc.o
                0x0000000008001ff0                FDCAN2_IT0_IRQHandler
 .text.FDCAN2_IT1_IRQHandler
                0x0000000008001ffc        0x4 build/obj/Board_v1_Src_stm32g4xx_itc.o
                0x0000000008001ffc                FDCAN2_IT1_IRQHandler
 .text.SystemInit
                0x0000000008002000       0x14 build/obj/Board_v1_Src_system_stm32g4xxc.o
                0x0000000008002000                SystemInit
 .text.MX_TIM8_Init
                0x0000000008002014       0x70 build/obj/Board_v1_Src_timc.o
                0x0000000008002014                MX_TIM8_Init
 .text.HAL_TIM_Encoder_MspInit
                0x0000000008002084       0x94 build/obj/Board_v1_Src_timc.o
                0x0000000008002084                HAL_TIM_Encoder_MspInit
 .text.MX_USART2_UART_Init
                0x0000000008002118       0x8c build/obj/Board_v1_Src_usartc.o
                0x0000000008002118                MX_USART2_UART_Init
 .text.HAL_UART_MspInit
                0x00000000080021a4       0x9c build/obj/Board_v1_Src_usartc.o
                0x00000000080021a4                HAL_UART_MspInit
 .text.HAL_ADCEx_InjectedConvCpltCallback
                0x0000000008002240        0x4 build/obj/ThirdParty_STM32G4xx_HAL_Driver_Src_stm32g4xx_hal_adc_exc.o
                0x0000000008002240                HAL_ADCEx_InjectedConvCpltCallback
 .text.HAL_ADCEx_InjectedQueueOverflowCallback
                0x0000000008002244        0x4 build/obj/ThirdParty_STM32G4xx_HAL_Driver_Src_stm32g4xx_hal_adc_exc.o
                0x0000000008002244                HAL_ADCEx_InjectedQueueOverflowCallback
 .text.HAL_ADCEx_LevelOutOfWindow2Callback
                0x0000000008002248        0x4 build/obj/ThirdParty_STM32G4xx_HAL_Driver_Src_stm32g4xx_hal_adc_exc.o
                0x0000000008002248                HAL_ADCEx_LevelOutOfWindow2Callback
 .text.HAL_ADCEx_LevelOutOfWindow3Callback
                0x000000000800224c        0x4 build/obj/ThirdParty_STM32G4xx_HAL_Driver_Src_stm32g4xx_hal_adc_exc.o
                0x000000000800224c                HAL_ADCEx_LevelOutOfWindow3Callback
 .text.HAL_ADCEx_EndOfSamplingCallback
                0x0000000008002250        0x4 build/obj/ThirdParty_STM32G4xx_HAL_Driver_Src_stm32g4xx_hal_adc_exc.o
                0x0000000008002250                HAL_ADCEx_EndOfSamplingCallback
 .text.HAL_ADCEx_InjectedConfigChannel
                0x0000000008002254      0x658 build/obj/ThirdParty_STM32G4xx_HAL_Driver_Src_stm32g4xx_hal_adc_exc.o
                0x0000000008002254                HAL_ADCEx_InjectedConfigChannel
 .text.HAL_ADCEx_MultiModeConfigChannel
                0x00000000080028ac      0x164 build/obj/ThirdParty_STM32G4xx_HAL_Driver_Src_stm32g4xx_hal_adc_exc.o
                0x00000000080028ac                HAL_ADCEx_MultiModeConfigChannel
 .text.HAL_ADC_Init
                0x0000000008002a10      0x250 build/obj/ThirdParty_STM32G4xx_HAL_Driver_Src_stm32g4xx_hal_adcc.o
                0x0000000008002a10                HAL_ADC_Init
 .text.HAL_ADC_ConvCpltCallback
                0x0000000008002c60        0x4 build/obj/ThirdParty_STM32G4xx_HAL_Driver_Src_stm32g4xx_hal_adcc.o
                0x0000000008002c60                HAL_ADC_ConvCpltCallback
 .text.HAL_ADC_LevelOutOfWindowCallback
                0x0000000008002c64        0x4 build/obj/ThirdParty_STM32G4xx_HAL_Driver_Src_stm32g4xx_hal_adcc.o
                0x0000000008002c64                HAL_ADC_LevelOutOfWindowCallback
 .text.HAL_ADC_ErrorCallback
                0x0000000008002c68        0x4 build/obj/ThirdParty_STM32G4xx_HAL_Driver_Src_stm32g4xx_hal_adcc.o
                0x0000000008002c68                HAL_ADC_ErrorCallback
 .text.HAL_ADC_IRQHandler
                0x0000000008002c6c      0x2ac build/obj/ThirdParty_STM32G4xx_HAL_Driver_Src_stm32g4xx_hal_adcc.o
                0x0000000008002c6c                HAL_ADC_IRQHandler
 .text.HAL_ADC_ConfigChannel
                0x0000000008002f18      0x52c build/obj/ThirdParty_STM32G4xx_HAL_Driver_Src_stm32g4xx_hal_adcc.o
                0x0000000008002f18                HAL_ADC_ConfigChannel
 .text.HAL_CORDIC_Init
                0x0000000008003444       0x34 build/obj/ThirdParty_STM32G4xx_HAL_Driver_Src_stm32g4xx_hal_cordicc.o
                0x0000000008003444                HAL_CORDIC_Init
 .text.HAL_NVIC_SetPriorityGrouping
                0x0000000008003478       0x28 build/obj/ThirdParty_STM32G4xx_HAL_Driver_Src_stm32g4xx_hal_cortexc.o
                0x0000000008003478                HAL_NVIC_SetPriorityGrouping
 .text.HAL_NVIC_SetPriority
                0x00000000080034a0       0x70 build/obj/ThirdParty_STM32G4xx_HAL_Driver_Src_stm32g4xx_hal_cortexc.o
                0x00000000080034a0                HAL_NVIC_SetPriority
 .text.HAL_NVIC_EnableIRQ
                0x0000000008003510       0x1c build/obj/ThirdParty_STM32G4xx_HAL_Driver_Src_stm32g4xx_hal_cortexc.o
                0x0000000008003510                HAL_NVIC_EnableIRQ
 .text.HAL_CRCEx_Polynomial_Set
                0x000000000800352c       0x6c build/obj/ThirdParty_STM32G4xx_HAL_Driver_Src_stm32g4xx_hal_crc_exc.o
                0x000000000800352c                HAL_CRCEx_Polynomial_Set
 .text.HAL_CRC_Init
                0x0000000008003598       0x7c build/obj/ThirdParty_STM32G4xx_HAL_Driver_Src_stm32g4xx_hal_crcc.o
                0x0000000008003598                HAL_CRC_Init
 .text.HAL_DMA_Abort
                0x0000000008003614       0x74 build/obj/ThirdParty_STM32G4xx_HAL_Driver_Src_stm32g4xx_hal_dmac.o
                0x0000000008003614                HAL_DMA_Abort
 .text.HAL_DMA_Abort_IT
                0x0000000008003688       0x80 build/obj/ThirdParty_STM32G4xx_HAL_Driver_Src_stm32g4xx_hal_dmac.o
                0x0000000008003688                HAL_DMA_Abort_IT
 .text.HAL_FDCAN_Init
                0x0000000008003708      0x280 build/obj/ThirdParty_STM32G4xx_HAL_Driver_Src_stm32g4xx_hal_fdcanc.o
                0x0000000008003708                HAL_FDCAN_Init
 .text.HAL_FDCAN_TxEventFifoCallback
                0x0000000008003988        0x4 build/obj/ThirdParty_STM32G4xx_HAL_Driver_Src_stm32g4xx_hal_fdcanc.o
                0x0000000008003988                HAL_FDCAN_TxEventFifoCallback
 .text.HAL_FDCAN_RxFifo0Callback
                0x000000000800398c        0x4 build/obj/ThirdParty_STM32G4xx_HAL_Driver_Src_stm32g4xx_hal_fdcanc.o
                0x000000000800398c                HAL_FDCAN_RxFifo0Callback
 .text.HAL_FDCAN_RxFifo1Callback
                0x0000000008003990        0x4 build/obj/ThirdParty_STM32G4xx_HAL_Driver_Src_stm32g4xx_hal_fdcanc.o
                0x0000000008003990                HAL_FDCAN_RxFifo1Callback
 .text.HAL_FDCAN_TxFifoEmptyCallback
                0x0000000008003994        0x4 build/obj/ThirdParty_STM32G4xx_HAL_Driver_Src_stm32g4xx_hal_fdcanc.o
                0x0000000008003994                HAL_FDCAN_TxFifoEmptyCallback
 .text.HAL_FDCAN_TxBufferCompleteCallback
                0x0000000008003998        0x4 build/obj/ThirdParty_STM32G4xx_HAL_Driver_Src_stm32g4xx_hal_fdcanc.o
                0x0000000008003998                HAL_FDCAN_TxBufferCompleteCallback
 .text.HAL_FDCAN_TxBufferAbortCallback
                0x000000000800399c        0x4 build/obj/ThirdParty_STM32G4xx_HAL_Driver_Src_stm32g4xx_hal_fdcanc.o
                0x000000000800399c                HAL_FDCAN_TxBufferAbortCallback
 .text.HAL_FDCAN_TimestampWraparoundCallback
                0x00000000080039a0        0x4 build/obj/ThirdParty_STM32G4xx_HAL_Driver_Src_stm32g4xx_hal_fdcanc.o
                0x00000000080039a0                HAL_FDCAN_TimestampWraparoundCallback
 .text.HAL_FDCAN_TimeoutOccurredCallback
                0x00000000080039a4        0x4 build/obj/ThirdParty_STM32G4xx_HAL_Driver_Src_stm32g4xx_hal_fdcanc.o
                0x00000000080039a4                HAL_FDCAN_TimeoutOccurredCallback
 .text.HAL_FDCAN_HighPriorityMessageCallback
                0x00000000080039a8        0x4 build/obj/ThirdParty_STM32G4xx_HAL_Driver_Src_stm32g4xx_hal_fdcanc.o
                0x00000000080039a8                HAL_FDCAN_HighPriorityMessageCallback
 .text.HAL_FDCAN_ErrorCallback
                0x00000000080039ac        0x4 build/obj/ThirdParty_STM32G4xx_HAL_Driver_Src_stm32g4xx_hal_fdcanc.o
                0x00000000080039ac                HAL_FDCAN_ErrorCallback
 .text.HAL_FDCAN_ErrorStatusCallback
                0x00000000080039b0        0x4 build/obj/ThirdParty_STM32G4xx_HAL_Driver_Src_stm32g4xx_hal_fdcanc.o
                0x00000000080039b0                HAL_FDCAN_ErrorStatusCallback
 .text.HAL_FDCAN_IRQHandler
                0x00000000080039b4      0x194 build/obj/ThirdParty_STM32G4xx_HAL_Driver_Src_stm32g4xx_hal_fdcanc.o
                0x00000000080039b4                HAL_FDCAN_IRQHandler
 .text.FMAC_Reset
                0x0000000008003b48       0x40 build/obj/ThirdParty_STM32G4xx_HAL_Driver_Src_stm32g4xx_hal_fmacc.o
 .text.HAL_FMAC_Init
                0x0000000008003b88       0x68 build/obj/ThirdParty_STM32G4xx_HAL_Driver_Src_stm32g4xx_hal_fmacc.o
                0x0000000008003b88                HAL_FMAC_Init
 .text.HAL_GPIO_Init
                0x0000000008003bf0      0x1fc build/obj/ThirdParty_STM32G4xx_HAL_Driver_Src_stm32g4xx_hal_gpioc.o
                0x0000000008003bf0                HAL_GPIO_Init
 .text.HRTIM_OutputConfig
                0x0000000008003dec       0xe8 build/obj/ThirdParty_STM32G4xx_HAL_Driver_Src_stm32g4xx_hal_hrtimc.o
 .text.HRTIM_ForceRegistersUpdate
                0x0000000008003ed4       0x80 build/obj/ThirdParty_STM32G4xx_HAL_Driver_Src_stm32g4xx_hal_hrtimc.o
 .text.HAL_HRTIM_Init
                0x0000000008003f54       0xb4 build/obj/ThirdParty_STM32G4xx_HAL_Driver_Src_stm32g4xx_hal_hrtimc.o
                0x0000000008003f54                HAL_HRTIM_Init
 .text.HAL_HRTIM_DLLCalibrationStart
                0x0000000008004008       0x70 build/obj/ThirdParty_STM32G4xx_HAL_Driver_Src_stm32g4xx_hal_hrtimc.o
                0x0000000008004008                HAL_HRTIM_DLLCalibrationStart
 .text.HAL_HRTIM_PollForDLLCalibration
                0x0000000008004078       0x44 build/obj/ThirdParty_STM32G4xx_HAL_Driver_Src_stm32g4xx_hal_hrtimc.o
                0x0000000008004078                HAL_HRTIM_PollForDLLCalibration
 .text.HAL_HRTIM_TimeBaseConfig
                0x00000000080040bc       0x74 build/obj/ThirdParty_STM32G4xx_HAL_Driver_Src_stm32g4xx_hal_hrtimc.o
                0x00000000080040bc                HAL_HRTIM_TimeBaseConfig
 .text.HAL_HRTIM_ADCTriggerConfig
                0x0000000008004130      0x244 build/obj/ThirdParty_STM32G4xx_HAL_Driver_Src_stm32g4xx_hal_hrtimc.o
                0x0000000008004130                HAL_HRTIM_ADCTriggerConfig
 .text.HAL_HRTIM_ADCPostScalerConfig
                0x0000000008004374      0x190 build/obj/ThirdParty_STM32G4xx_HAL_Driver_Src_stm32g4xx_hal_hrtimc.o
                0x0000000008004374                HAL_HRTIM_ADCPostScalerConfig
 .text.HAL_HRTIM_RollOverModeConfig
                0x0000000008004504       0x5c build/obj/ThirdParty_STM32G4xx_HAL_Driver_Src_stm32g4xx_hal_hrtimc.o
                0x0000000008004504                HAL_HRTIM_RollOverModeConfig
 .text.HAL_HRTIM_WaveformTimerConfig
                0x0000000008004560      0x2b4 build/obj/ThirdParty_STM32G4xx_HAL_Driver_Src_stm32g4xx_hal_hrtimc.o
                0x0000000008004560                HAL_HRTIM_WaveformTimerConfig
 .text.HAL_HRTIM_WaveformTimerControl
                0x0000000008004814       0x90 build/obj/ThirdParty_STM32G4xx_HAL_Driver_Src_stm32g4xx_hal_hrtimc.o
                0x0000000008004814                HAL_HRTIM_WaveformTimerControl
 .text.HAL_HRTIM_DeadTimeConfig
                0x00000000080048a4       0x9c build/obj/ThirdParty_STM32G4xx_HAL_Driver_Src_stm32g4xx_hal_hrtimc.o
                0x00000000080048a4                HAL_HRTIM_DeadTimeConfig
 .text.HAL_HRTIM_WaveformCompareConfig
                0x0000000008004940      0x16c build/obj/ThirdParty_STM32G4xx_HAL_Driver_Src_stm32g4xx_hal_hrtimc.o
                0x0000000008004940                HAL_HRTIM_WaveformCompareConfig
 .text.HAL_HRTIM_WaveformOutputConfig
                0x0000000008004aac       0x3c build/obj/ThirdParty_STM32G4xx_HAL_Driver_Src_stm32g4xx_hal_hrtimc.o
                0x0000000008004aac                HAL_HRTIM_WaveformOutputConfig
 .text.HAL_HRTIM_Fault1Callback
                0x0000000008004ae8        0x4 build/obj/ThirdParty_STM32G4xx_HAL_Driver_Src_stm32g4xx_hal_hrtimc.o
                0x0000000008004ae8                HAL_HRTIM_Fault1Callback
 .text.HAL_HRTIM_Fault2Callback
                0x0000000008004aec        0x4 build/obj/ThirdParty_STM32G4xx_HAL_Driver_Src_stm32g4xx_hal_hrtimc.o
                0x0000000008004aec                HAL_HRTIM_Fault2Callback
 .text.HAL_HRTIM_Fault3Callback
                0x0000000008004af0        0x4 build/obj/ThirdParty_STM32G4xx_HAL_Driver_Src_stm32g4xx_hal_hrtimc.o
                0x0000000008004af0                HAL_HRTIM_Fault3Callback
 .text.HAL_HRTIM_Fault4Callback
                0x0000000008004af4        0x4 build/obj/ThirdParty_STM32G4xx_HAL_Driver_Src_stm32g4xx_hal_hrtimc.o
                0x0000000008004af4                HAL_HRTIM_Fault4Callback
 .text.HAL_HRTIM_Fault5Callback
                0x0000000008004af8        0x4 build/obj/ThirdParty_STM32G4xx_HAL_Driver_Src_stm32g4xx_hal_hrtimc.o
                0x0000000008004af8                HAL_HRTIM_Fault5Callback
 .text.HAL_HRTIM_Fault6Callback
                0x0000000008004afc        0x4 build/obj/ThirdParty_STM32G4xx_HAL_Driver_Src_stm32g4xx_hal_hrtimc.o
                0x0000000008004afc                HAL_HRTIM_Fault6Callback
 .text.HAL_HRTIM_SystemFaultCallback
                0x0000000008004b00        0x4 build/obj/ThirdParty_STM32G4xx_HAL_Driver_Src_stm32g4xx_hal_hrtimc.o
                0x0000000008004b00                HAL_HRTIM_SystemFaultCallback
 .text.HAL_HRTIM_DLLCalibrationReadyCallback
                0x0000000008004b04        0x4 build/obj/ThirdParty_STM32G4xx_HAL_Driver_Src_stm32g4xx_hal_hrtimc.o
                0x0000000008004b04                HAL_HRTIM_DLLCalibrationReadyCallback
 .text.HAL_HRTIM_BurstModePeriodCallback
                0x0000000008004b08        0x4 build/obj/ThirdParty_STM32G4xx_HAL_Driver_Src_stm32g4xx_hal_hrtimc.o
                0x0000000008004b08                HAL_HRTIM_BurstModePeriodCallback
 .text.HAL_HRTIM_SynchronizationEventCallback
                0x0000000008004b0c        0x4 build/obj/ThirdParty_STM32G4xx_HAL_Driver_Src_stm32g4xx_hal_hrtimc.o
                0x0000000008004b0c                HAL_HRTIM_SynchronizationEventCallback
 .text.HAL_HRTIM_RegistersUpdateCallback
                0x0000000008004b10        0x4 build/obj/ThirdParty_STM32G4xx_HAL_Driver_Src_stm32g4xx_hal_hrtimc.o
                0x0000000008004b10                HAL_HRTIM_RegistersUpdateCallback
 .text.HAL_HRTIM_RepetitionEventCallback
                0x0000000008004b14        0x4 build/obj/ThirdParty_STM32G4xx_HAL_Driver_Src_stm32g4xx_hal_hrtimc.o
                0x0000000008004b14                HAL_HRTIM_RepetitionEventCallback
 .text.HAL_HRTIM_Compare1EventCallback
                0x0000000008004b18        0x4 build/obj/ThirdParty_STM32G4xx_HAL_Driver_Src_stm32g4xx_hal_hrtimc.o
                0x0000000008004b18                HAL_HRTIM_Compare1EventCallback
 .text.HAL_HRTIM_Compare2EventCallback
                0x0000000008004b1c        0x4 build/obj/ThirdParty_STM32G4xx_HAL_Driver_Src_stm32g4xx_hal_hrtimc.o
                0x0000000008004b1c                HAL_HRTIM_Compare2EventCallback
 .text.HAL_HRTIM_Compare3EventCallback
                0x0000000008004b20        0x4 build/obj/ThirdParty_STM32G4xx_HAL_Driver_Src_stm32g4xx_hal_hrtimc.o
                0x0000000008004b20                HAL_HRTIM_Compare3EventCallback
 .text.HAL_HRTIM_Compare4EventCallback
                0x0000000008004b24        0x4 build/obj/ThirdParty_STM32G4xx_HAL_Driver_Src_stm32g4xx_hal_hrtimc.o
                0x0000000008004b24                HAL_HRTIM_Compare4EventCallback
 .text.HAL_HRTIM_Capture1EventCallback
                0x0000000008004b28        0x4 build/obj/ThirdParty_STM32G4xx_HAL_Driver_Src_stm32g4xx_hal_hrtimc.o
                0x0000000008004b28                HAL_HRTIM_Capture1EventCallback
 .text.HAL_HRTIM_Capture2EventCallback
                0x0000000008004b2c        0x4 build/obj/ThirdParty_STM32G4xx_HAL_Driver_Src_stm32g4xx_hal_hrtimc.o
                0x0000000008004b2c                HAL_HRTIM_Capture2EventCallback
 .text.HAL_HRTIM_DelayedProtectionCallback
                0x0000000008004b30        0x4 build/obj/ThirdParty_STM32G4xx_HAL_Driver_Src_stm32g4xx_hal_hrtimc.o
                0x0000000008004b30                HAL_HRTIM_DelayedProtectionCallback
 .text.HAL_HRTIM_CounterResetCallback
                0x0000000008004b34        0x4 build/obj/ThirdParty_STM32G4xx_HAL_Driver_Src_stm32g4xx_hal_hrtimc.o
                0x0000000008004b34                HAL_HRTIM_CounterResetCallback
 .text.HAL_HRTIM_Output1SetCallback
                0x0000000008004b38        0x4 build/obj/ThirdParty_STM32G4xx_HAL_Driver_Src_stm32g4xx_hal_hrtimc.o
                0x0000000008004b38                HAL_HRTIM_Output1SetCallback
 .text.HAL_HRTIM_Output1ResetCallback
                0x0000000008004b3c        0x4 build/obj/ThirdParty_STM32G4xx_HAL_Driver_Src_stm32g4xx_hal_hrtimc.o
                0x0000000008004b3c                HAL_HRTIM_Output1ResetCallback
 .text.HAL_HRTIM_Output2SetCallback
                0x0000000008004b40        0x4 build/obj/ThirdParty_STM32G4xx_HAL_Driver_Src_stm32g4xx_hal_hrtimc.o
                0x0000000008004b40                HAL_HRTIM_Output2SetCallback
 .text.HAL_HRTIM_Output2ResetCallback
                0x0000000008004b44        0x4 build/obj/ThirdParty_STM32G4xx_HAL_Driver_Src_stm32g4xx_hal_hrtimc.o
                0x0000000008004b44                HAL_HRTIM_Output2ResetCallback
 .text.HAL_HRTIM_IRQHandler
                0x0000000008004b48      0x390 build/obj/ThirdParty_STM32G4xx_HAL_Driver_Src_stm32g4xx_hal_hrtimc.o
                0x0000000008004b48                HAL_HRTIM_IRQHandler
 .text.HAL_PWREx_ControlVoltageScaling
                0x0000000008004ed8       0xfc build/obj/ThirdParty_STM32G4xx_HAL_Driver_Src_stm32g4xx_hal_pwr_exc.o
                0x0000000008004ed8                HAL_PWREx_ControlVoltageScaling
 .text.HAL_PWREx_DisableUCPDDeadBattery
                0x0000000008004fd4       0x10 build/obj/ThirdParty_STM32G4xx_HAL_Driver_Src_stm32g4xx_hal_pwr_exc.o
                0x0000000008004fd4                HAL_PWREx_DisableUCPDDeadBattery
 .text.HAL_RCCEx_PeriphCLKConfig
                0x0000000008004fe4      0x310 build/obj/ThirdParty_STM32G4xx_HAL_Driver_Src_stm32g4xx_hal_rcc_exc.o
                0x0000000008004fe4                HAL_RCCEx_PeriphCLKConfig
 .text.HAL_RCC_OscConfig
                0x00000000080052f4      0x498 build/obj/ThirdParty_STM32G4xx_HAL_Driver_Src_stm32g4xx_hal_rccc.o
                0x00000000080052f4                HAL_RCC_OscConfig
 .text.HAL_RCC_GetSysClockFreq
                0x000000000800578c       0x70 build/obj/ThirdParty_STM32G4xx_HAL_Driver_Src_stm32g4xx_hal_rccc.o
                0x000000000800578c                HAL_RCC_GetSysClockFreq
 .text.HAL_RCC_ClockConfig
                0x00000000080057fc      0x224 build/obj/ThirdParty_STM32G4xx_HAL_Driver_Src_stm32g4xx_hal_rccc.o
                0x00000000080057fc                HAL_RCC_ClockConfig
 .text.HAL_RCC_GetPCLK1Freq
                0x0000000008005a20       0x24 build/obj/ThirdParty_STM32G4xx_HAL_Driver_Src_stm32g4xx_hal_rccc.o
                0x0000000008005a20                HAL_RCC_GetPCLK1Freq
 .text.HAL_RCC_GetPCLK2Freq
                0x0000000008005a44       0x24 build/obj/ThirdParty_STM32G4xx_HAL_Driver_Src_stm32g4xx_hal_rccc.o
                0x0000000008005a44                HAL_RCC_GetPCLK2Freq
 .text.HAL_RCC_GetClockConfig
                0x0000000008005a68       0x44 build/obj/ThirdParty_STM32G4xx_HAL_Driver_Src_stm32g4xx_hal_rccc.o
                0x0000000008005a68                HAL_RCC_GetClockConfig
 .text.HAL_RCC_EnableCSS
                0x0000000008005aac       0x10 build/obj/ThirdParty_STM32G4xx_HAL_Driver_Src_stm32g4xx_hal_rccc.o
                0x0000000008005aac                HAL_RCC_EnableCSS
 .text.HAL_RCC_CSSCallback
                0x0000000008005abc        0x4 build/obj/ThirdParty_STM32G4xx_HAL_Driver_Src_stm32g4xx_hal_rccc.o
                0x0000000008005abc                HAL_RCC_CSSCallback
 .text.HAL_RCC_NMI_IRQHandler
                0x0000000008005ac0       0x1c build/obj/ThirdParty_STM32G4xx_HAL_Driver_Src_stm32g4xx_hal_rccc.o
                0x0000000008005ac0                HAL_RCC_NMI_IRQHandler
 .text.HAL_TIMEx_MasterConfigSynchronization
                0x0000000008005adc       0xc8 build/obj/ThirdParty_STM32G4xx_HAL_Driver_Src_stm32g4xx_hal_tim_exc.o
                0x0000000008005adc                HAL_TIMEx_MasterConfigSynchronization
 .text.HAL_TIMEx_CommutCallback
                0x0000000008005ba4        0x4 build/obj/ThirdParty_STM32G4xx_HAL_Driver_Src_stm32g4xx_hal_tim_exc.o
                0x0000000008005ba4                HAL_TIMEx_CommutCallback
 .text.HAL_TIMEx_BreakCallback
                0x0000000008005ba8        0x4 build/obj/ThirdParty_STM32G4xx_HAL_Driver_Src_stm32g4xx_hal_tim_exc.o
                0x0000000008005ba8                HAL_TIMEx_BreakCallback
 .text.HAL_TIMEx_Break2Callback
                0x0000000008005bac        0x4 build/obj/ThirdParty_STM32G4xx_HAL_Driver_Src_stm32g4xx_hal_tim_exc.o
                0x0000000008005bac                HAL_TIMEx_Break2Callback
 .text.HAL_TIMEx_EncoderIndexCallback
                0x0000000008005bb0        0x4 build/obj/ThirdParty_STM32G4xx_HAL_Driver_Src_stm32g4xx_hal_tim_exc.o
                0x0000000008005bb0                HAL_TIMEx_EncoderIndexCallback
 .text.HAL_TIMEx_DirectionChangeCallback
                0x0000000008005bb4        0x4 build/obj/ThirdParty_STM32G4xx_HAL_Driver_Src_stm32g4xx_hal_tim_exc.o
                0x0000000008005bb4                HAL_TIMEx_DirectionChangeCallback
 .text.HAL_TIMEx_IndexErrorCallback
                0x0000000008005bb8        0x4 build/obj/ThirdParty_STM32G4xx_HAL_Driver_Src_stm32g4xx_hal_tim_exc.o
                0x0000000008005bb8                HAL_TIMEx_IndexErrorCallback
 .text.HAL_TIMEx_TransitionErrorCallback
                0x0000000008005bbc        0x4 build/obj/ThirdParty_STM32G4xx_HAL_Driver_Src_stm32g4xx_hal_tim_exc.o
                0x0000000008005bbc                HAL_TIMEx_TransitionErrorCallback
 .text.HAL_TIM_Base_MspInit
                0x0000000008005bc0        0x4 build/obj/ThirdParty_STM32G4xx_HAL_Driver_Src_stm32g4xx_hal_timc.o
                0x0000000008005bc0                HAL_TIM_Base_MspInit
 .text.HAL_TIM_Base_Start_IT
                0x0000000008005bc4       0x84 build/obj/ThirdParty_STM32G4xx_HAL_Driver_Src_stm32g4xx_hal_timc.o
                0x0000000008005bc4                HAL_TIM_Base_Start_IT
 .text.HAL_TIM_OC_DelayElapsedCallback
                0x0000000008005c48        0x4 build/obj/ThirdParty_STM32G4xx_HAL_Driver_Src_stm32g4xx_hal_timc.o
                0x0000000008005c48                HAL_TIM_OC_DelayElapsedCallback
 .text.HAL_TIM_IC_CaptureCallback
                0x0000000008005c4c        0x4 build/obj/ThirdParty_STM32G4xx_HAL_Driver_Src_stm32g4xx_hal_timc.o
                0x0000000008005c4c                HAL_TIM_IC_CaptureCallback
 .text.HAL_TIM_PWM_PulseFinishedCallback
                0x0000000008005c50        0x4 build/obj/ThirdParty_STM32G4xx_HAL_Driver_Src_stm32g4xx_hal_timc.o
                0x0000000008005c50                HAL_TIM_PWM_PulseFinishedCallback
 .text.HAL_TIM_TriggerCallback
                0x0000000008005c54        0x4 build/obj/ThirdParty_STM32G4xx_HAL_Driver_Src_stm32g4xx_hal_timc.o
                0x0000000008005c54                HAL_TIM_TriggerCallback
 .text.HAL_TIM_IRQHandler
                0x0000000008005c58      0x1c4 build/obj/ThirdParty_STM32G4xx_HAL_Driver_Src_stm32g4xx_hal_timc.o
                0x0000000008005c58                HAL_TIM_IRQHandler
 .text.TIM_Base_SetConfig
                0x0000000008005e1c       0xd8 build/obj/ThirdParty_STM32G4xx_HAL_Driver_Src_stm32g4xx_hal_timc.o
                0x0000000008005e1c                TIM_Base_SetConfig
 .text.HAL_TIM_Base_Init
                0x0000000008005ef4       0x64 build/obj/ThirdParty_STM32G4xx_HAL_Driver_Src_stm32g4xx_hal_timc.o
                0x0000000008005ef4                HAL_TIM_Base_Init
 .text.HAL_TIM_Encoder_Init
                0x0000000008005f58       0xbc build/obj/ThirdParty_STM32G4xx_HAL_Driver_Src_stm32g4xx_hal_timc.o
                0x0000000008005f58                HAL_TIM_Encoder_Init
 .text.UARTEx_SetNbDataToProcess.part.0
                0x0000000008006014       0x3c build/obj/ThirdParty_STM32G4xx_HAL_Driver_Src_stm32g4xx_hal_uart_exc.o
 .text.HAL_RS485Ex_Init
                0x0000000008006050       0x90 build/obj/ThirdParty_STM32G4xx_HAL_Driver_Src_stm32g4xx_hal_uart_exc.o
                0x0000000008006050                HAL_RS485Ex_Init
 .text.HAL_UARTEx_WakeupCallback
                0x00000000080060e0        0x4 build/obj/ThirdParty_STM32G4xx_HAL_Driver_Src_stm32g4xx_hal_uart_exc.o
                0x00000000080060e0                HAL_UARTEx_WakeupCallback
 .text.HAL_UARTEx_RxFifoFullCallback
                0x00000000080060e4        0x4 build/obj/ThirdParty_STM32G4xx_HAL_Driver_Src_stm32g4xx_hal_uart_exc.o
                0x00000000080060e4                HAL_UARTEx_RxFifoFullCallback
 .text.HAL_UARTEx_TxFifoEmptyCallback
                0x00000000080060e8        0x4 build/obj/ThirdParty_STM32G4xx_HAL_Driver_Src_stm32g4xx_hal_uart_exc.o
                0x00000000080060e8                HAL_UARTEx_TxFifoEmptyCallback
 .text.HAL_UARTEx_DisableFifoMode
                0x00000000080060ec       0x3c build/obj/ThirdParty_STM32G4xx_HAL_Driver_Src_stm32g4xx_hal_uart_exc.o
                0x00000000080060ec                HAL_UARTEx_DisableFifoMode
 .text.HAL_UARTEx_SetTxFifoThreshold
                0x0000000008006128       0x54 build/obj/ThirdParty_STM32G4xx_HAL_Driver_Src_stm32g4xx_hal_uart_exc.o
                0x0000000008006128                HAL_UARTEx_SetTxFifoThreshold
 .text.HAL_UARTEx_SetRxFifoThreshold
                0x000000000800617c       0x54 build/obj/ThirdParty_STM32G4xx_HAL_Driver_Src_stm32g4xx_hal_uart_exc.o
                0x000000000800617c                HAL_UARTEx_SetRxFifoThreshold
 .text.UART_EndRxTransfer
                0x00000000080061d0       0x6c build/obj/ThirdParty_STM32G4xx_HAL_Driver_Src_stm32g4xx_hal_uartc.o
 .text.HAL_UART_TxCpltCallback
                0x000000000800623c        0x4 build/obj/ThirdParty_STM32G4xx_HAL_Driver_Src_stm32g4xx_hal_uartc.o
                0x000000000800623c                HAL_UART_TxCpltCallback
 .text.HAL_UART_ErrorCallback
                0x0000000008006240        0x4 build/obj/ThirdParty_STM32G4xx_HAL_Driver_Src_stm32g4xx_hal_uartc.o
                0x0000000008006240                HAL_UART_ErrorCallback
 .text.UART_DMAAbortOnError
                0x0000000008006244       0x10 build/obj/ThirdParty_STM32G4xx_HAL_Driver_Src_stm32g4xx_hal_uartc.o
 .text.HAL_UARTEx_RxEventCallback
                0x0000000008006254        0x4 build/obj/ThirdParty_STM32G4xx_HAL_Driver_Src_stm32g4xx_hal_uartc.o
                0x0000000008006254                HAL_UARTEx_RxEventCallback
 .text.HAL_UART_IRQHandler
                0x0000000008006258      0x330 build/obj/ThirdParty_STM32G4xx_HAL_Driver_Src_stm32g4xx_hal_uartc.o
                0x0000000008006258                HAL_UART_IRQHandler
 .text.UART_SetConfig
                0x0000000008006588      0x318 build/obj/ThirdParty_STM32G4xx_HAL_Driver_Src_stm32g4xx_hal_uartc.o
                0x0000000008006588                UART_SetConfig
 .text.UART_AdvFeatureConfig
                0x00000000080068a0       0xb0 build/obj/ThirdParty_STM32G4xx_HAL_Driver_Src_stm32g4xx_hal_uartc.o
                0x00000000080068a0                UART_AdvFeatureConfig
 .text.UART_WaitOnFlagUntilTimeout
                0x0000000008006950       0x90 build/obj/ThirdParty_STM32G4xx_HAL_Driver_Src_stm32g4xx_hal_uartc.o
                0x0000000008006950                UART_WaitOnFlagUntilTimeout
 .text.UART_CheckIdleState
                0x00000000080069e0       0xc4 build/obj/ThirdParty_STM32G4xx_HAL_Driver_Src_stm32g4xx_hal_uartc.o
                0x00000000080069e0                UART_CheckIdleState
 .text.HAL_Init
                0x0000000008006aa4       0x20 build/obj/ThirdParty_STM32G4xx_HAL_Driver_Src_stm32g4xx_halc.o
                0x0000000008006aa4                HAL_Init
 .text.HAL_IncTick
                0x0000000008006ac4       0x18 build/obj/ThirdParty_STM32G4xx_HAL_Driver_Src_stm32g4xx_halc.o
                0x0000000008006ac4                HAL_IncTick
 .text.HAL_GetTick
                0x0000000008006adc        0xc build/obj/ThirdParty_STM32G4xx_HAL_Driver_Src_stm32g4xx_halc.o
                0x0000000008006adc                HAL_GetTick
 .text.startup  0x0000000008006ae8       0x14 /usr/lib/gcc/arm-none-eabi/9.2.1/../../../arm-none-eabi/lib/thumb/v7e-m+fp/hard/libc.a(lib_a-__call_atexit.o)
 *(.glue_7)
 .glue_7        0x0000000008006afc        0x0 linker stubs
 *(.glue_7t)
 .glue_7t       0x0000000008006afc        0x0 linker stubs
 *(.eh_frame)
 .eh_frame      0x0000000008006afc        0x0 /usr/lib/gcc/arm-none-eabi/9.2.1/thumb/v7e-m+fp/hard/crtbegin.o
 *(.init)
 .init          0x0000000008006afc        0x4 /usr/lib/gcc/arm-none-eabi/9.2.1/thumb/v7e-m+fp/hard/crti.o
                0x0000000008006afc                _init
 .init          0x0000000008006b00        0x8 /usr/lib/gcc/arm-none-eabi/9.2.1/thumb/v7e-m+fp/hard/crtn.o
 *(.fini)
 .fini          0x0000000008006b08        0x4 /usr/lib/gcc/arm-none-eabi/9.2.1/thumb/v7e-m+fp/hard/crti.o
                0x0000000008006b08                _fini
 .fini          0x0000000008006b0c        0x8 /usr/lib/gcc/arm-none-eabi/9.2.1/thumb/v7e-m+fp/hard/crtn.o
                0x0000000008006b14                . = ALIGN (0x4)
                0x0000000008006b14                _etext = .

.vfp11_veneer   0x0000000008006b14        0x0
 .vfp11_veneer  0x0000000008006b14        0x0 linker stubs

.v4_bx          0x0000000008006b14        0x0
 .v4_bx         0x0000000008006b14        0x0 linker stubs

.iplt           0x0000000008006b14        0x0
 .iplt          0x0000000008006b14        0x0 /usr/lib/gcc/arm-none-eabi/9.2.1/thumb/v7e-m+fp/hard/crtbegin.o

.rodata         0x0000000008006b14       0x80
                0x0000000008006b14                . = ALIGN (0x4)
 *(.rodata)
 .rodata        0x0000000008006b14       0x14 build/obj/Board_v1_Src_app_freertosc.o
 .rodata        0x0000000008006b28        0x4 /usr/lib/gcc/arm-none-eabi/9.2.1/../../../arm-none-eabi/lib/thumb/v7e-m+fp/hard/libc.a(lib_a-impure.o)
                0x0000000008006b28                _global_impure_ptr
 *(.rodata*)
 .rodata.vTaskStartScheduler.str1.4
                0x0000000008006b2c        0x5 build/obj/ThirdParty_FreeRTOS_Source_tasksc.o
 *fill*         0x0000000008006b31        0x3 
 .rodata.str1.4
                0x0000000008006b34        0xc build/obj/Board_v1_Src_app_freertosc.o
 .rodata.AHBPrescTable
                0x0000000008006b40       0x10 build/obj/Board_v1_Src_system_stm32g4xxc.o
                0x0000000008006b40                AHBPrescTable
 .rodata.APBPrescTable
                0x0000000008006b50        0x8 build/obj/Board_v1_Src_system_stm32g4xxc.o
                0x0000000008006b50                APBPrescTable
 .rodata.denominator.10718
                0x0000000008006b58        0x8 build/obj/ThirdParty_STM32G4xx_HAL_Driver_Src_stm32g4xx_hal_uart_exc.o
 .rodata.numerator.10717
                0x0000000008006b60        0x8 build/obj/ThirdParty_STM32G4xx_HAL_Driver_Src_stm32g4xx_hal_uart_exc.o
 .rodata.CSWTCH.60
                0x0000000008006b68        0x3 build/obj/ThirdParty_STM32G4xx_HAL_Driver_Src_stm32g4xx_hal_uartc.o
 *fill*         0x0000000008006b6b        0x1 
 .rodata.CSWTCH.61
                0x0000000008006b6c        0xd build/obj/ThirdParty_STM32G4xx_HAL_Driver_Src_stm32g4xx_hal_uartc.o
 *fill*         0x0000000008006b79        0x3 
 .rodata.UARTPrescTable
                0x0000000008006b7c       0x18 build/obj/ThirdParty_STM32G4xx_HAL_Driver_Src_stm32g4xx_hal_uartc.o
                0x0000000008006b7c                UARTPrescTable
                0x0000000008006b94                . = ALIGN (0x4)

.ARM.extab      0x0000000008006b94        0x0
                0x0000000008006b94                . = ALIGN (0x4)
 *(.ARM.extab* .gnu.linkonce.armextab.*)
                0x0000000008006b94                . = ALIGN (0x4)

.ARM            0x0000000008006b94        0x8
                0x0000000008006b94                . = ALIGN (0x4)
                0x0000000008006b94                __exidx_start = .
 *(.ARM.exidx*)
 .ARM.exidx     0x0000000008006b94        0x8 /usr/lib/gcc/arm-none-eabi/9.2.1/thumb/v7e-m+fp/hard/libgcc.a(_udivmoddi4.o)
                0x0000000008006b9c                __exidx_end = .
                0x0000000008006b9c                . = ALIGN (0x4)

.rel.dyn        0x0000000008006b9c        0x0
 .rel.iplt      0x0000000008006b9c        0x0 /usr/lib/gcc/arm-none-eabi/9.2.1/thumb/v7e-m+fp/hard/crtbegin.o

.preinit_array  0x0000000008006b9c        0x0
                0x0000000008006b9c                . = ALIGN (0x4)
                0x0000000008006b9c                PROVIDE (__preinit_array_start = .)
 *(.preinit_array*)
                0x0000000008006b9c                PROVIDE (__preinit_array_end = .)
                0x0000000008006b9c                . = ALIGN (0x4)

.init_array     0x0000000008006b9c        0x8
                0x0000000008006b9c                . = ALIGN (0x4)
                0x0000000008006b9c                PROVIDE (__init_array_start = .)
 *(SORT_BY_NAME(.init_array.*))
 .init_array.00000
                0x0000000008006b9c        0x4 /usr/lib/gcc/arm-none-eabi/9.2.1/../../../arm-none-eabi/lib/thumb/v7e-m+fp/hard/libc.a(lib_a-__call_atexit.o)
 *(.init_array*)
 .init_array    0x0000000008006ba0        0x4 /usr/lib/gcc/arm-none-eabi/9.2.1/thumb/v7e-m+fp/hard/crtbegin.o
                0x0000000008006ba4                PROVIDE (__init_array_end = .)
                0x0000000008006ba4                . = ALIGN (0x4)

.fini_array     0x0000000008006ba4        0x4
                0x0000000008006ba4                . = ALIGN (0x4)
                0x0000000008006ba4                PROVIDE (__fini_array_start = .)
 *(SORT_BY_NAME(.fini_array.*))
 *(.fini_array*)
 .fini_array    0x0000000008006ba4        0x4 /usr/lib/gcc/arm-none-eabi/9.2.1/thumb/v7e-m+fp/hard/crtbegin.o
                0x0000000008006ba8                PROVIDE (__fini_array_end = .)
                0x0000000008006ba8                . = ALIGN (0x4)
                0x0000000008006ba8                _sidata = LOADADDR (.data)

.data           0x0000000020000000      0x440 load address 0x0000000008006ba8
                0x0000000020000000                . = ALIGN (0x4)
                0x0000000020000000                _sdata = .
 *(.data)
 .data          0x0000000020000000      0x430 /usr/lib/gcc/arm-none-eabi/9.2.1/../../../arm-none-eabi/lib/thumb/v7e-m+fp/hard/libc.a(lib_a-impure.o)
                0x0000000020000000                _impure_ptr
 *(.data*)
 .data.uxCriticalNesting
                0x0000000020000430        0x4 build/obj/Board_v1___ThirdParty_FreeRTOS_Source_portable_GCC_ARM_CM4F_portc.o
 .data.SystemCoreClock
                0x0000000020000434        0x4 build/obj/Board_v1_Src_system_stm32g4xxc.o
                0x0000000020000434                SystemCoreClock
 .data.uwTickFreq
                0x0000000020000438        0x4 build/obj/ThirdParty_STM32G4xx_HAL_Driver_Src_stm32g4xx_halc.o
                0x0000000020000438                uwTickFreq
 .data.uwTickPrio
                0x000000002000043c        0x4 build/obj/ThirdParty_STM32G4xx_HAL_Driver_Src_stm32g4xx_halc.o
                0x000000002000043c                uwTickPrio
 *(.RamFunc)
 *(.RamFunc*)
                0x0000000020000440                . = ALIGN (0x4)
                0x0000000020000440                _edata = .

.tm_clone_table
                0x0000000020000440        0x0 load address 0x0000000008006fe8
 .tm_clone_table
                0x0000000020000440        0x0 /usr/lib/gcc/arm-none-eabi/9.2.1/thumb/v7e-m+fp/hard/crtbegin.o
 .tm_clone_table
                0x0000000020000440        0x0 /usr/lib/gcc/arm-none-eabi/9.2.1/thumb/v7e-m+fp/hard/crtend.o

.igot.plt       0x0000000020000440        0x0 load address 0x0000000008006fe8
 .igot.plt      0x0000000020000440        0x0 /usr/lib/gcc/arm-none-eabi/9.2.1/thumb/v7e-m+fp/hard/crtbegin.o
                0x0000000020000440                . = ALIGN (0x4)

.bss            0x0000000020000440     0x115c load address 0x0000000008006fe8
                0x0000000020000440                _sbss = .
                0x0000000020000440                __bss_start__ = _sbss
 *(.bss)
 .bss           0x0000000020000440       0x1c /usr/lib/gcc/arm-none-eabi/9.2.1/thumb/v7e-m+fp/hard/crtbegin.o
 *(.bss*)
 .bss.pxCurrentTCB
                0x000000002000045c        0x4 build/obj/ThirdParty_FreeRTOS_Source_tasksc.o
                0x000000002000045c                pxCurrentTCB
 .bss.pxDelayedTaskList
                0x0000000020000460        0x4 build/obj/ThirdParty_FreeRTOS_Source_tasksc.o
 .bss.pxOverflowDelayedTaskList
                0x0000000020000464        0x4 build/obj/ThirdParty_FreeRTOS_Source_tasksc.o
 .bss.pxReadyTasksLists
                0x0000000020000468       0x8c build/obj/ThirdParty_FreeRTOS_Source_tasksc.o
 .bss.uxCurrentNumberOfTasks
                0x00000000200004f4        0x4 build/obj/ThirdParty_FreeRTOS_Source_tasksc.o
 .bss.uxDeletedTasksWaitingCleanUp
                0x00000000200004f8        0x4 build/obj/ThirdParty_FreeRTOS_Source_tasksc.o
 .bss.uxSchedulerSuspended
                0x00000000200004fc        0x4 build/obj/ThirdParty_FreeRTOS_Source_tasksc.o
 .bss.uxTaskNumber
                0x0000000020000500        0x4 build/obj/ThirdParty_FreeRTOS_Source_tasksc.o
 .bss.uxTopReadyPriority
                0x0000000020000504        0x4 build/obj/ThirdParty_FreeRTOS_Source_tasksc.o
 .bss.xDelayedTaskList1
                0x0000000020000508       0x14 build/obj/ThirdParty_FreeRTOS_Source_tasksc.o
 .bss.xDelayedTaskList2
                0x000000002000051c       0x14 build/obj/ThirdParty_FreeRTOS_Source_tasksc.o
 .bss.xIdleTaskHandle
                0x0000000020000530        0x4 build/obj/ThirdParty_FreeRTOS_Source_tasksc.o
 .bss.xNextTaskUnblockTime
                0x0000000020000534        0x4 build/obj/ThirdParty_FreeRTOS_Source_tasksc.o
 .bss.xNumOfOverflows
                0x0000000020000538        0x4 build/obj/ThirdParty_FreeRTOS_Source_tasksc.o
 .bss.xPendedTicks
                0x000000002000053c        0x4 build/obj/ThirdParty_FreeRTOS_Source_tasksc.o
 .bss.xPendingReadyList
                0x0000000020000540       0x14 build/obj/ThirdParty_FreeRTOS_Source_tasksc.o
 .bss.xSchedulerRunning
                0x0000000020000554        0x4 build/obj/ThirdParty_FreeRTOS_Source_tasksc.o
 .bss.xSuspendedTaskList
                0x0000000020000558       0x14 build/obj/ThirdParty_FreeRTOS_Source_tasksc.o
 .bss.xTasksWaitingTermination
                0x000000002000056c       0x14 build/obj/ThirdParty_FreeRTOS_Source_tasksc.o
 .bss.xTickCount
                0x0000000020000580        0x4 build/obj/ThirdParty_FreeRTOS_Source_tasksc.o
 .bss.xYieldPending
                0x0000000020000584        0x4 build/obj/ThirdParty_FreeRTOS_Source_tasksc.o
 .bss.pxEnd     0x0000000020000588        0x4 build/obj/ThirdParty_FreeRTOS_Source_portable_MemMang_heap_4c.o
 .bss.ucHeap    0x000000002000058c      0xc00 build/obj/ThirdParty_FreeRTOS_Source_portable_MemMang_heap_4c.o
 .bss.xBlockAllocatedBit
                0x000000002000118c        0x4 build/obj/ThirdParty_FreeRTOS_Source_portable_MemMang_heap_4c.o
 .bss.xFreeBytesRemaining
                0x0000000020001190        0x4 build/obj/ThirdParty_FreeRTOS_Source_portable_MemMang_heap_4c.o
 .bss.xMinimumEverFreeBytesRemaining
                0x0000000020001194        0x4 build/obj/ThirdParty_FreeRTOS_Source_portable_MemMang_heap_4c.o
 .bss.xNumberOfSuccessfulAllocations
                0x0000000020001198        0x4 build/obj/ThirdParty_FreeRTOS_Source_portable_MemMang_heap_4c.o
 .bss.xNumberOfSuccessfulFrees
                0x000000002000119c        0x4 build/obj/ThirdParty_FreeRTOS_Source_portable_MemMang_heap_4c.o
 .bss.xStart    0x00000000200011a0        0x8 build/obj/ThirdParty_FreeRTOS_Source_portable_MemMang_heap_4c.o
 .bss.ucMaxSysCallPriority
                0x00000000200011a8        0x1 build/obj/Board_v1___ThirdParty_FreeRTOS_Source_portable_GCC_ARM_CM4F_portc.o
 *fill*         0x00000000200011a9        0x3 
 .bss.ulMaxPRIGROUPValue
                0x00000000200011ac        0x4 build/obj/Board_v1___ThirdParty_FreeRTOS_Source_portable_GCC_ARM_CM4F_portc.o
 .bss.HAL_RCC_FDCAN_CLK_ENABLED
                0x00000000200011b0        0x4 build/obj/Board_v1_Src_fdcanc.o
 *(COMMON)
 COMMON         0x00000000200011b4       0x6c build/obj/Board_v1_Src_adcc.o
                0x00000000200011b4                hadc1
 COMMON         0x0000000020001220        0x4 build/obj/Board_v1_Src_app_freertosc.o
                0x0000000020001220                defaultTaskHandle
 COMMON         0x0000000020001224       0x28 build/obj/Board_v1_Src_cordicc.o
                0x0000000020001224                hcordic
 COMMON         0x000000002000124c       0x24 build/obj/Board_v1_Src_crcc.o
                0x000000002000124c                hcrc
 COMMON         0x0000000020001270       0xc8 build/obj/Board_v1_Src_fdcanc.o
                0x0000000020001270                hfdcan3
                0x00000000200012d4                hfdcan2
 COMMON         0x0000000020001338       0x38 build/obj/Board_v1_Src_fmacc.o
                0x0000000020001338                hfmac
 COMMON         0x0000000020001370       0xfc build/obj/Board_v1_Src_hrtimc.o
                0x0000000020001370                hhrtim1
 COMMON         0x000000002000146c       0x4c build/obj/Board_v1_Src_stm32g4xx_hal_timebase_timc.o
                0x000000002000146c                htim17
 COMMON         0x00000000200014b8       0x4c build/obj/Board_v1_Src_timc.o
                0x00000000200014b8                htim8
 COMMON         0x0000000020001504       0x94 build/obj/Board_v1_Src_usartc.o
                0x0000000020001504                huart2
 COMMON         0x0000000020001598        0x4 build/obj/ThirdParty_STM32G4xx_HAL_Driver_Src_stm32g4xx_halc.o
                0x0000000020001598                uwTick
                0x000000002000159c                . = ALIGN (0x4)
                0x000000002000159c                _ebss = .
                0x000000002000159c                __bss_end__ = _ebss

._user_heap_stack
                0x000000002000159c      0x604 load address 0x0000000008006fe8
                0x00000000200015a0                . = ALIGN (0x8)
 *fill*         0x000000002000159c        0x4 
                [!provide]                        PROVIDE (end = .)
                0x00000000200015a0                PROVIDE (_end = .)
                0x00000000200017a0                . = (. + _Min_Heap_Size)
 *fill*         0x00000000200015a0      0x200 
                0x0000000020001ba0                . = (. + _Min_Stack_Size)
 *fill*         0x00000000200017a0      0x400 
                0x0000000020001ba0                . = ALIGN (0x8)

/DISCARD/
 libc.a(*)
 libm.a(*)
 libgcc.a(*)

.ARM.attributes
                0x0000000000000000       0x30
 *(.ARM.attributes)
 .ARM.attributes
                0x0000000000000000       0x1e /usr/lib/gcc/arm-none-eabi/9.2.1/thumb/v7e-m+fp/hard/crti.o
 .ARM.attributes
                0x000000000000001e       0x34 /usr/lib/gcc/arm-none-eabi/9.2.1/thumb/v7e-m+fp/hard/crtbegin.o
 .ARM.attributes
                0x0000000000000052       0x34 build/obj/ThirdParty_FreeRTOS_Source_listc.o
 .ARM.attributes
                0x0000000000000086       0x34 build/obj/ThirdParty_FreeRTOS_Source_tasksc.o
 .ARM.attributes
                0x00000000000000ba       0x34 build/obj/ThirdParty_FreeRTOS_Source_CMSIS_RTOS_cmsis_osc.o
 .ARM.attributes
                0x00000000000000ee       0x34 build/obj/ThirdParty_FreeRTOS_Source_portable_MemMang_heap_4c.o
 .ARM.attributes
                0x0000000000000122       0x21 build/obj/Board_v1_startup_stm32g474xxs.o
 .ARM.attributes
                0x0000000000000143       0x34 build/obj/Board_v1___ThirdParty_FreeRTOS_Source_portable_GCC_ARM_CM4F_portc.o
 .ARM.attributes
                0x0000000000000177       0x34 build/obj/Board_v1_Src_adcc.o
 .ARM.attributes
                0x00000000000001ab       0x34 build/obj/Board_v1_Src_app_freertosc.o
 .ARM.attributes
                0x00000000000001df       0x34 build/obj/Board_v1_Src_cordicc.o
 .ARM.attributes
                0x0000000000000213       0x34 build/obj/Board_v1_Src_crcc.o
 .ARM.attributes
                0x0000000000000247       0x34 build/obj/Board_v1_Src_fdcanc.o
 .ARM.attributes
                0x000000000000027b       0x34 build/obj/Board_v1_Src_fmacc.o
 .ARM.attributes
                0x00000000000002af       0x34 build/obj/Board_v1_Src_gpioc.o
 .ARM.attributes
                0x00000000000002e3       0x34 build/obj/Board_v1_Src_hrtimc.o
 .ARM.attributes
                0x0000000000000317       0x34 build/obj/Board_v1_Src_mainc.o
 .ARM.attributes
                0x000000000000034b       0x34 build/obj/Board_v1_Src_stm32g4xx_hal_mspc.o
 .ARM.attributes
                0x000000000000037f       0x34 build/obj/Board_v1_Src_stm32g4xx_hal_timebase_timc.o
 .ARM.attributes
                0x00000000000003b3       0x34 build/obj/Board_v1_Src_stm32g4xx_itc.o
 .ARM.attributes
                0x00000000000003e7       0x34 build/obj/Board_v1_Src_system_stm32g4xxc.o
 .ARM.attributes
                0x000000000000041b       0x34 build/obj/Board_v1_Src_timc.o
 .ARM.attributes
                0x000000000000044f       0x34 build/obj/Board_v1_Src_usartc.o
 .ARM.attributes
                0x0000000000000483       0x34 build/obj/ThirdParty_STM32G4xx_HAL_Driver_Src_stm32g4xx_hal_adc_exc.o
 .ARM.attributes
                0x00000000000004b7       0x34 build/obj/ThirdParty_STM32G4xx_HAL_Driver_Src_stm32g4xx_hal_adcc.o
 .ARM.attributes
                0x00000000000004eb       0x34 build/obj/ThirdParty_STM32G4xx_HAL_Driver_Src_stm32g4xx_hal_cordicc.o
 .ARM.attributes
                0x000000000000051f       0x34 build/obj/ThirdParty_STM32G4xx_HAL_Driver_Src_stm32g4xx_hal_cortexc.o
 .ARM.attributes
                0x0000000000000553       0x34 build/obj/ThirdParty_STM32G4xx_HAL_Driver_Src_stm32g4xx_hal_crc_exc.o
 .ARM.attributes
                0x0000000000000587       0x34 build/obj/ThirdParty_STM32G4xx_HAL_Driver_Src_stm32g4xx_hal_crcc.o
 .ARM.attributes
                0x00000000000005bb       0x34 build/obj/ThirdParty_STM32G4xx_HAL_Driver_Src_stm32g4xx_hal_dmac.o
 .ARM.attributes
                0x00000000000005ef       0x34 build/obj/ThirdParty_STM32G4xx_HAL_Driver_Src_stm32g4xx_hal_fdcanc.o
 .ARM.attributes
                0x0000000000000623       0x34 build/obj/ThirdParty_STM32G4xx_HAL_Driver_Src_stm32g4xx_hal_fmacc.o
 .ARM.attributes
                0x0000000000000657       0x34 build/obj/ThirdParty_STM32G4xx_HAL_Driver_Src_stm32g4xx_hal_gpioc.o
 .ARM.attributes
                0x000000000000068b       0x34 build/obj/ThirdParty_STM32G4xx_HAL_Driver_Src_stm32g4xx_hal_hrtimc.o
 .ARM.attributes
                0x00000000000006bf       0x34 build/obj/ThirdParty_STM32G4xx_HAL_Driver_Src_stm32g4xx_hal_pwr_exc.o
 .ARM.attributes
                0x00000000000006f3       0x34 build/obj/ThirdParty_STM32G4xx_HAL_Driver_Src_stm32g4xx_hal_rcc_exc.o
 .ARM.attributes
                0x0000000000000727       0x34 build/obj/ThirdParty_STM32G4xx_HAL_Driver_Src_stm32g4xx_hal_rccc.o
 .ARM.attributes
                0x000000000000075b       0x34 build/obj/ThirdParty_STM32G4xx_HAL_Driver_Src_stm32g4xx_hal_tim_exc.o
 .ARM.attributes
                0x000000000000078f       0x34 build/obj/ThirdParty_STM32G4xx_HAL_Driver_Src_stm32g4xx_hal_timc.o
 .ARM.attributes
                0x00000000000007c3       0x34 build/obj/ThirdParty_STM32G4xx_HAL_Driver_Src_stm32g4xx_hal_uart_exc.o
 .ARM.attributes
                0x00000000000007f7       0x34 build/obj/ThirdParty_STM32G4xx_HAL_Driver_Src_stm32g4xx_hal_uartc.o
 .ARM.attributes
                0x000000000000082b       0x34 build/obj/ThirdParty_STM32G4xx_HAL_Driver_Src_stm32g4xx_halc.o
 .ARM.attributes
                0x000000000000085f       0x34 /usr/lib/gcc/arm-none-eabi/9.2.1/../../../arm-none-eabi/lib/thumb/v7e-m+fp/hard/libc.a(lib_a-atexit.o)
 .ARM.attributes
                0x0000000000000893       0x34 /usr/lib/gcc/arm-none-eabi/9.2.1/../../../arm-none-eabi/lib/thumb/v7e-m+fp/hard/libc.a(lib_a-fini.o)
 .ARM.attributes
                0x00000000000008c7       0x32 /usr/lib/gcc/arm-none-eabi/9.2.1/../../../arm-none-eabi/lib/thumb/v7e-m+fp/hard/libc.a(lib_a-impure.o)
 .ARM.attributes
                0x00000000000008f9       0x34 /usr/lib/gcc/arm-none-eabi/9.2.1/../../../arm-none-eabi/lib/thumb/v7e-m+fp/hard/libc.a(lib_a-init.o)
 .ARM.attributes
                0x000000000000092d       0x34 /usr/lib/gcc/arm-none-eabi/9.2.1/../../../arm-none-eabi/lib/thumb/v7e-m+fp/hard/libc.a(lib_a-memset.o)
 .ARM.attributes
                0x0000000000000961       0x34 /usr/lib/gcc/arm-none-eabi/9.2.1/../../../arm-none-eabi/lib/thumb/v7e-m+fp/hard/libc.a(lib_a-__atexit.o)
 .ARM.attributes
                0x0000000000000995       0x34 /usr/lib/gcc/arm-none-eabi/9.2.1/../../../arm-none-eabi/lib/thumb/v7e-m+fp/hard/libc.a(lib_a-__call_atexit.o)
 .ARM.attributes
                0x00000000000009c9       0x1e /usr/lib/gcc/arm-none-eabi/9.2.1/thumb/v7e-m+fp/hard/libgcc.a(_aeabi_uldivmod.o)
 .ARM.attributes
                0x00000000000009e7       0x34 /usr/lib/gcc/arm-none-eabi/9.2.1/thumb/v7e-m+fp/hard/libgcc.a(_udivmoddi4.o)
 .ARM.attributes
                0x0000000000000a1b       0x1e /usr/lib/gcc/arm-none-eabi/9.2.1/thumb/v7e-m+fp/hard/libgcc.a(_dvmd_tls.o)
 .ARM.attributes
                0x0000000000000a39       0x32 /usr/lib/gcc/arm-none-eabi/9.2.1/thumb/v7e-m+fp/hard/crtend.o
 .ARM.attributes
                0x0000000000000a6b       0x1e /usr/lib/gcc/arm-none-eabi/9.2.1/thumb/v7e-m+fp/hard/crtn.o
OUTPUT(build/ZfocFirmware.elf elf32-littlearm)
LOAD linker stubs
LOAD /usr/lib/gcc/arm-none-eabi/9.2.1/../../../arm-none-eabi/lib/thumb/v7e-m+fp/hard/libc.a
LOAD /usr/lib/gcc/arm-none-eabi/9.2.1/../../../arm-none-eabi/lib/thumb/v7e-m+fp/hard/libm.a
LOAD /usr/lib/gcc/arm-none-eabi/9.2.1/thumb/v7e-m+fp/hard/libgcc.a

.comment        0x0000000000000000       0xa7
 .comment       0x0000000000000000       0x59 /usr/lib/gcc/arm-none-eabi/9.2.1/thumb/v7e-m+fp/hard/crtbegin.o
                                         0x5a (size before relaxing)
 .comment       0x0000000000000059       0x5a build/obj/ThirdParty_FreeRTOS_Source_listc.o
 .comment       0x0000000000000059       0x5a build/obj/ThirdParty_FreeRTOS_Source_tasksc.o
 .comment       0x0000000000000059       0x5a build/obj/ThirdParty_FreeRTOS_Source_CMSIS_RTOS_cmsis_osc.o
 .comment       0x0000000000000059       0x5a build/obj/ThirdParty_FreeRTOS_Source_portable_MemMang_heap_4c.o
 .comment       0x0000000000000059       0x5a build/obj/Board_v1___ThirdParty_FreeRTOS_Source_portable_GCC_ARM_CM4F_portc.o
 .comment       0x0000000000000059       0x5a build/obj/Board_v1_Src_adcc.o
 .comment       0x0000000000000059       0x5a build/obj/Board_v1_Src_app_freertosc.o
 .comment       0x0000000000000059       0x5a build/obj/Board_v1_Src_cordicc.o
 .comment       0x0000000000000059       0x5a build/obj/Board_v1_Src_crcc.o
 .comment       0x0000000000000059       0x5a build/obj/Board_v1_Src_fdcanc.o
 .comment       0x0000000000000059       0x5a build/obj/Board_v1_Src_fmacc.o
 .comment       0x0000000000000059       0x5a build/obj/Board_v1_Src_gpioc.o
 .comment       0x0000000000000059       0x5a build/obj/Board_v1_Src_hrtimc.o
 .comment       0x0000000000000059       0x5a build/obj/Board_v1_Src_mainc.o
 .comment       0x0000000000000059       0x5a build/obj/Board_v1_Src_stm32g4xx_hal_mspc.o
 .comment       0x0000000000000059       0x5a build/obj/Board_v1_Src_stm32g4xx_hal_timebase_timc.o
 .comment       0x0000000000000059       0x5a build/obj/Board_v1_Src_stm32g4xx_itc.o
 .comment       0x0000000000000059       0x5a build/obj/Board_v1_Src_system_stm32g4xxc.o
 .comment       0x0000000000000059       0x5a build/obj/Board_v1_Src_timc.o
 .comment       0x0000000000000059       0x5a build/obj/Board_v1_Src_usartc.o
 .comment       0x0000000000000059       0x5a build/obj/ThirdParty_STM32G4xx_HAL_Driver_Src_stm32g4xx_hal_adc_exc.o
 .comment       0x0000000000000059       0x5a build/obj/ThirdParty_STM32G4xx_HAL_Driver_Src_stm32g4xx_hal_adcc.o
 .comment       0x0000000000000059       0x5a build/obj/ThirdParty_STM32G4xx_HAL_Driver_Src_stm32g4xx_hal_cordicc.o
 .comment       0x0000000000000059       0x5a build/obj/ThirdParty_STM32G4xx_HAL_Driver_Src_stm32g4xx_hal_cortexc.o
 .comment       0x0000000000000059       0x5a build/obj/ThirdParty_STM32G4xx_HAL_Driver_Src_stm32g4xx_hal_crc_exc.o
 .comment       0x0000000000000059       0x5a build/obj/ThirdParty_STM32G4xx_HAL_Driver_Src_stm32g4xx_hal_crcc.o
 .comment       0x0000000000000059       0x5a build/obj/ThirdParty_STM32G4xx_HAL_Driver_Src_stm32g4xx_hal_dmac.o
 .comment       0x0000000000000059       0x5a build/obj/ThirdParty_STM32G4xx_HAL_Driver_Src_stm32g4xx_hal_fdcanc.o
 .comment       0x0000000000000059       0x5a build/obj/ThirdParty_STM32G4xx_HAL_Driver_Src_stm32g4xx_hal_fmacc.o
 .comment       0x0000000000000059       0x5a build/obj/ThirdParty_STM32G4xx_HAL_Driver_Src_stm32g4xx_hal_gpioc.o
 .comment       0x0000000000000059       0x5a build/obj/ThirdParty_STM32G4xx_HAL_Driver_Src_stm32g4xx_hal_hrtimc.o
 .comment       0x0000000000000059       0x5a build/obj/ThirdParty_STM32G4xx_HAL_Driver_Src_stm32g4xx_hal_pwr_exc.o
 .comment       0x0000000000000059       0x5a build/obj/ThirdParty_STM32G4xx_HAL_Driver_Src_stm32g4xx_hal_rcc_exc.o
 .comment       0x0000000000000059       0x5a build/obj/ThirdParty_STM32G4xx_HAL_Driver_Src_stm32g4xx_hal_rccc.o
 .comment       0x0000000000000059       0x5a build/obj/ThirdParty_STM32G4xx_HAL_Driver_Src_stm32g4xx_hal_tim_exc.o
 .comment       0x0000000000000059       0x5a build/obj/ThirdParty_STM32G4xx_HAL_Driver_Src_stm32g4xx_hal_timc.o
 .comment       0x0000000000000059       0x5a build/obj/ThirdParty_STM32G4xx_HAL_Driver_Src_stm32g4xx_hal_uart_exc.o
 .comment       0x0000000000000059       0x5a build/obj/ThirdParty_STM32G4xx_HAL_Driver_Src_stm32g4xx_hal_uartc.o
 .comment       0x0000000000000059       0x5a build/obj/ThirdParty_STM32G4xx_HAL_Driver_Src_stm32g4xx_halc.o
 .comment       0x0000000000000059       0x4e /usr/lib/gcc/arm-none-eabi/9.2.1/../../../arm-none-eabi/lib/thumb/v7e-m+fp/hard/libc.a(lib_a-atexit.o)
                                         0x4f (size before relaxing)
 .comment       0x00000000000000a7       0x4f /usr/lib/gcc/arm-none-eabi/9.2.1/../../../arm-none-eabi/lib/thumb/v7e-m+fp/hard/libc.a(lib_a-fini.o)
 .comment       0x00000000000000a7       0x4f /usr/lib/gcc/arm-none-eabi/9.2.1/../../../arm-none-eabi/lib/thumb/v7e-m+fp/hard/libc.a(lib_a-impure.o)
 .comment       0x00000000000000a7       0x4f /usr/lib/gcc/arm-none-eabi/9.2.1/../../../arm-none-eabi/lib/thumb/v7e-m+fp/hard/libc.a(lib_a-init.o)
 .comment       0x00000000000000a7       0x4f /usr/lib/gcc/arm-none-eabi/9.2.1/../../../arm-none-eabi/lib/thumb/v7e-m+fp/hard/libc.a(lib_a-memset.o)
 .comment       0x00000000000000a7       0x4f /usr/lib/gcc/arm-none-eabi/9.2.1/../../../arm-none-eabi/lib/thumb/v7e-m+fp/hard/libc.a(lib_a-__atexit.o)
 .comment       0x00000000000000a7       0x4f /usr/lib/gcc/arm-none-eabi/9.2.1/../../../arm-none-eabi/lib/thumb/v7e-m+fp/hard/libc.a(lib_a-__call_atexit.o)
 .comment       0x00000000000000a7       0x5a /usr/lib/gcc/arm-none-eabi/9.2.1/thumb/v7e-m+fp/hard/libgcc.a(_udivmoddi4.o)
 .comment       0x00000000000000a7       0x5a /usr/lib/gcc/arm-none-eabi/9.2.1/thumb/v7e-m+fp/hard/crtend.o

.debug_info     0x0000000000000000    0x41fd0
 .debug_info    0x0000000000000000      0xb67 build/obj/ThirdParty_FreeRTOS_Source_listc.o
 .debug_info    0x0000000000000b67     0x31b4 build/obj/ThirdParty_FreeRTOS_Source_tasksc.o
 .debug_info    0x0000000000003d1b     0x2940 build/obj/ThirdParty_FreeRTOS_Source_CMSIS_RTOS_cmsis_osc.o
 .debug_info    0x000000000000665b      0xeb7 build/obj/ThirdParty_FreeRTOS_Source_portable_MemMang_heap_4c.o
 .debug_info    0x0000000000007512       0x22 build/obj/Board_v1_startup_stm32g474xxs.o
 .debug_info    0x0000000000007534      0x595 build/obj/Board_v1___ThirdParty_FreeRTOS_Source_portable_GCC_ARM_CM4F_portc.o
 .debug_info    0x0000000000007ac9     0x16bf build/obj/Board_v1_Src_adcc.o
 .debug_info    0x0000000000009188      0x423 build/obj/Board_v1_Src_app_freertosc.o
 .debug_info    0x00000000000095ab      0xa24 build/obj/Board_v1_Src_cordicc.o
 .debug_info    0x0000000000009fcf      0x72f build/obj/Board_v1_Src_crcc.o
 .debug_info    0x000000000000a6fe     0x11ee build/obj/Board_v1_Src_fdcanc.o
 .debug_info    0x000000000000b8ec      0xadc build/obj/Board_v1_Src_fmacc.o
 .debug_info    0x000000000000c3c8      0x6a8 build/obj/Board_v1_Src_gpioc.o
 .debug_info    0x000000000000ca70     0x1f7e build/obj/Board_v1_Src_hrtimc.o
 .debug_info    0x000000000000e9ee     0x2654 build/obj/Board_v1_Src_mainc.o
 .debug_info    0x0000000000011042      0x7f0 build/obj/Board_v1_Src_stm32g4xx_hal_mspc.o
 .debug_info    0x0000000000011832     0x10ba build/obj/Board_v1_Src_stm32g4xx_hal_timebase_timc.o
 .debug_info    0x00000000000128ec     0x1e9f build/obj/Board_v1_Src_stm32g4xx_itc.o
 .debug_info    0x000000000001478b      0x735 build/obj/Board_v1_Src_system_stm32g4xxc.o
 .debug_info    0x0000000000014ec0      0xfed build/obj/Board_v1_Src_timc.o
 .debug_info    0x0000000000015ead     0x13a3 build/obj/Board_v1_Src_usartc.o
 .debug_info    0x0000000000017250     0x3191 build/obj/ThirdParty_STM32G4xx_HAL_Driver_Src_stm32g4xx_hal_adc_exc.o
 .debug_info    0x000000000001a3e1     0x38b1 build/obj/ThirdParty_STM32G4xx_HAL_Driver_Src_stm32g4xx_hal_adcc.o
 .debug_info    0x000000000001dc92      0xffe build/obj/ThirdParty_STM32G4xx_HAL_Driver_Src_stm32g4xx_hal_cordicc.o
 .debug_info    0x000000000001ec90     0x12fd build/obj/ThirdParty_STM32G4xx_HAL_Driver_Src_stm32g4xx_hal_cortexc.o
 .debug_info    0x000000000001ff8d      0x526 build/obj/ThirdParty_STM32G4xx_HAL_Driver_Src_stm32g4xx_hal_crc_exc.o
 .debug_info    0x00000000000204b3      0x7ad build/obj/ThirdParty_STM32G4xx_HAL_Driver_Src_stm32g4xx_hal_crcc.o
 .debug_info    0x0000000000020c60      0xca6 build/obj/ThirdParty_STM32G4xx_HAL_Driver_Src_stm32g4xx_hal_dmac.o
 .debug_info    0x0000000000021906     0x1f46 build/obj/ThirdParty_STM32G4xx_HAL_Driver_Src_stm32g4xx_hal_fdcanc.o
 .debug_info    0x000000000002384c     0x1c24 build/obj/ThirdParty_STM32G4xx_HAL_Driver_Src_stm32g4xx_hal_fmacc.o
 .debug_info    0x0000000000025470      0xa35 build/obj/ThirdParty_STM32G4xx_HAL_Driver_Src_stm32g4xx_hal_gpioc.o
 .debug_info    0x0000000000025ea5     0x523e build/obj/ThirdParty_STM32G4xx_HAL_Driver_Src_stm32g4xx_hal_hrtimc.o
 .debug_info    0x000000000002b0e3      0xbb7 build/obj/ThirdParty_STM32G4xx_HAL_Driver_Src_stm32g4xx_hal_pwr_exc.o
 .debug_info    0x000000000002bc9a     0x1019 build/obj/ThirdParty_STM32G4xx_HAL_Driver_Src_stm32g4xx_hal_rcc_exc.o
 .debug_info    0x000000000002ccb3     0x1109 build/obj/ThirdParty_STM32G4xx_HAL_Driver_Src_stm32g4xx_hal_rccc.o
 .debug_info    0x000000000002ddbc     0x2768 build/obj/ThirdParty_STM32G4xx_HAL_Driver_Src_stm32g4xx_hal_tim_exc.o
 .debug_info    0x0000000000030524     0x4da1 build/obj/ThirdParty_STM32G4xx_HAL_Driver_Src_stm32g4xx_hal_timc.o
 .debug_info    0x00000000000352c5     0x14d7 build/obj/ThirdParty_STM32G4xx_HAL_Driver_Src_stm32g4xx_hal_uart_exc.o
 .debug_info    0x000000000003679c     0x63ce build/obj/ThirdParty_STM32G4xx_HAL_Driver_Src_stm32g4xx_hal_uartc.o
 .debug_info    0x000000000003cb6a      0xe77 build/obj/ThirdParty_STM32G4xx_HAL_Driver_Src_stm32g4xx_halc.o
 .debug_info    0x000000000003d9e1      0x995 /usr/lib/gcc/arm-none-eabi/9.2.1/../../../arm-none-eabi/lib/thumb/v7e-m+fp/hard/libc.a(lib_a-atexit.o)
 .debug_info    0x000000000003e376      0x102 /usr/lib/gcc/arm-none-eabi/9.2.1/../../../arm-none-eabi/lib/thumb/v7e-m+fp/hard/libc.a(lib_a-fini.o)
 .debug_info    0x000000000003e478      0x92a /usr/lib/gcc/arm-none-eabi/9.2.1/../../../arm-none-eabi/lib/thumb/v7e-m+fp/hard/libc.a(lib_a-impure.o)
 .debug_info    0x000000000003eda2      0x11a /usr/lib/gcc/arm-none-eabi/9.2.1/../../../arm-none-eabi/lib/thumb/v7e-m+fp/hard/libc.a(lib_a-init.o)
 .debug_info    0x000000000003eebc      0xf21 /usr/lib/gcc/arm-none-eabi/9.2.1/../../../arm-none-eabi/lib/thumb/v7e-m+fp/hard/libc.a(lib_a-memset.o)
 .debug_info    0x000000000003fddd      0x9d5 /usr/lib/gcc/arm-none-eabi/9.2.1/../../../arm-none-eabi/lib/thumb/v7e-m+fp/hard/libc.a(lib_a-__atexit.o)
 .debug_info    0x00000000000407b2      0xa56 /usr/lib/gcc/arm-none-eabi/9.2.1/../../../arm-none-eabi/lib/thumb/v7e-m+fp/hard/libc.a(lib_a-__call_atexit.o)
 .debug_info    0x0000000000041208       0x26 /usr/lib/gcc/arm-none-eabi/9.2.1/thumb/v7e-m+fp/hard/libgcc.a(_aeabi_uldivmod.o)
 .debug_info    0x000000000004122e      0xd7c /usr/lib/gcc/arm-none-eabi/9.2.1/thumb/v7e-m+fp/hard/libgcc.a(_udivmoddi4.o)
 .debug_info    0x0000000000041faa       0x26 /usr/lib/gcc/arm-none-eabi/9.2.1/thumb/v7e-m+fp/hard/libgcc.a(_dvmd_tls.o)

.debug_abbrev   0x0000000000000000     0x7917
 .debug_abbrev  0x0000000000000000      0x249 build/obj/ThirdParty_FreeRTOS_Source_listc.o
 .debug_abbrev  0x0000000000000249      0x52a build/obj/ThirdParty_FreeRTOS_Source_tasksc.o
 .debug_abbrev  0x0000000000000773      0x531 build/obj/ThirdParty_FreeRTOS_Source_CMSIS_RTOS_cmsis_osc.o
 .debug_abbrev  0x0000000000000ca4      0x3c1 build/obj/ThirdParty_FreeRTOS_Source_portable_MemMang_heap_4c.o
 .debug_abbrev  0x0000000000001065       0x12 build/obj/Board_v1_startup_stm32g474xxs.o
 .debug_abbrev  0x0000000000001077      0x289 build/obj/Board_v1___ThirdParty_FreeRTOS_Source_portable_GCC_ARM_CM4F_portc.o
 .debug_abbrev  0x0000000000001300      0x213 build/obj/Board_v1_Src_adcc.o
 .debug_abbrev  0x0000000000001513      0x19a build/obj/Board_v1_Src_app_freertosc.o
 .debug_abbrev  0x00000000000016ad      0x1cd build/obj/Board_v1_Src_cordicc.o
 .debug_abbrev  0x000000000000187a      0x1a5 build/obj/Board_v1_Src_crcc.o
 .debug_abbrev  0x0000000000001a1f      0x209 build/obj/Board_v1_Src_fdcanc.o
 .debug_abbrev  0x0000000000001c28      0x1cd build/obj/Board_v1_Src_fmacc.o
 .debug_abbrev  0x0000000000001df5      0x184 build/obj/Board_v1_Src_gpioc.o
 .debug_abbrev  0x0000000000001f79      0x274 build/obj/Board_v1_Src_hrtimc.o
 .debug_abbrev  0x00000000000021ed      0x2ab build/obj/Board_v1_Src_mainc.o
 .debug_abbrev  0x0000000000002498      0x174 build/obj/Board_v1_Src_stm32g4xx_hal_mspc.o
 .debug_abbrev  0x000000000000260c      0x248 build/obj/Board_v1_Src_stm32g4xx_hal_timebase_timc.o
 .debug_abbrev  0x0000000000002854      0x20e build/obj/Board_v1_Src_stm32g4xx_itc.o
 .debug_abbrev  0x0000000000002a62      0x168 build/obj/Board_v1_Src_system_stm32g4xxc.o
 .debug_abbrev  0x0000000000002bca      0x248 build/obj/Board_v1_Src_timc.o
 .debug_abbrev  0x0000000000002e12      0x221 build/obj/Board_v1_Src_usartc.o
 .debug_abbrev  0x0000000000003033      0x3a1 build/obj/ThirdParty_STM32G4xx_HAL_Driver_Src_stm32g4xx_hal_adc_exc.o
 .debug_abbrev  0x00000000000033d4      0x354 build/obj/ThirdParty_STM32G4xx_HAL_Driver_Src_stm32g4xx_hal_adcc.o
 .debug_abbrev  0x0000000000003728      0x2d3 build/obj/ThirdParty_STM32G4xx_HAL_Driver_Src_stm32g4xx_hal_cordicc.o
 .debug_abbrev  0x00000000000039fb      0x37d build/obj/ThirdParty_STM32G4xx_HAL_Driver_Src_stm32g4xx_hal_cortexc.o
 .debug_abbrev  0x0000000000003d78      0x18b build/obj/ThirdParty_STM32G4xx_HAL_Driver_Src_stm32g4xx_hal_crc_exc.o
 .debug_abbrev  0x0000000000003f03      0x251 build/obj/ThirdParty_STM32G4xx_HAL_Driver_Src_stm32g4xx_hal_crcc.o
 .debug_abbrev  0x0000000000004154      0x2cc build/obj/ThirdParty_STM32G4xx_HAL_Driver_Src_stm32g4xx_hal_dmac.o
 .debug_abbrev  0x0000000000004420      0x2be build/obj/ThirdParty_STM32G4xx_HAL_Driver_Src_stm32g4xx_hal_fdcanc.o
 .debug_abbrev  0x00000000000046de      0x387 build/obj/ThirdParty_STM32G4xx_HAL_Driver_Src_stm32g4xx_hal_fmacc.o
 .debug_abbrev  0x0000000000004a65      0x211 build/obj/ThirdParty_STM32G4xx_HAL_Driver_Src_stm32g4xx_hal_gpioc.o
 .debug_abbrev  0x0000000000004c76      0x395 build/obj/ThirdParty_STM32G4xx_HAL_Driver_Src_stm32g4xx_hal_hrtimc.o
 .debug_abbrev  0x000000000000500b      0x28c build/obj/ThirdParty_STM32G4xx_HAL_Driver_Src_stm32g4xx_hal_pwr_exc.o
 .debug_abbrev  0x0000000000005297      0x2bb build/obj/ThirdParty_STM32G4xx_HAL_Driver_Src_stm32g4xx_hal_rcc_exc.o
 .debug_abbrev  0x0000000000005552      0x311 build/obj/ThirdParty_STM32G4xx_HAL_Driver_Src_stm32g4xx_hal_rccc.o
 .debug_abbrev  0x0000000000005863      0x384 build/obj/ThirdParty_STM32G4xx_HAL_Driver_Src_stm32g4xx_hal_tim_exc.o
 .debug_abbrev  0x0000000000005be7      0x3ef build/obj/ThirdParty_STM32G4xx_HAL_Driver_Src_stm32g4xx_hal_timc.o
 .debug_abbrev  0x0000000000005fd6      0x36a build/obj/ThirdParty_STM32G4xx_HAL_Driver_Src_stm32g4xx_hal_uart_exc.o
 .debug_abbrev  0x0000000000006340      0x472 build/obj/ThirdParty_STM32G4xx_HAL_Driver_Src_stm32g4xx_hal_uartc.o
 .debug_abbrev  0x00000000000067b2      0x2db build/obj/ThirdParty_STM32G4xx_HAL_Driver_Src_stm32g4xx_halc.o
 .debug_abbrev  0x0000000000006a8d      0x232 /usr/lib/gcc/arm-none-eabi/9.2.1/../../../arm-none-eabi/lib/thumb/v7e-m+fp/hard/libc.a(lib_a-atexit.o)
 .debug_abbrev  0x0000000000006cbf       0xcf /usr/lib/gcc/arm-none-eabi/9.2.1/../../../arm-none-eabi/lib/thumb/v7e-m+fp/hard/libc.a(lib_a-fini.o)
 .debug_abbrev  0x0000000000006d8e      0x1b8 /usr/lib/gcc/arm-none-eabi/9.2.1/../../../arm-none-eabi/lib/thumb/v7e-m+fp/hard/libc.a(lib_a-impure.o)
 .debug_abbrev  0x0000000000006f46       0xcc /usr/lib/gcc/arm-none-eabi/9.2.1/../../../arm-none-eabi/lib/thumb/v7e-m+fp/hard/libc.a(lib_a-init.o)
 .debug_abbrev  0x0000000000007012      0x217 /usr/lib/gcc/arm-none-eabi/9.2.1/../../../arm-none-eabi/lib/thumb/v7e-m+fp/hard/libc.a(lib_a-memset.o)
 .debug_abbrev  0x0000000000007229      0x252 /usr/lib/gcc/arm-none-eabi/9.2.1/../../../arm-none-eabi/lib/thumb/v7e-m+fp/hard/libc.a(lib_a-__atexit.o)
 .debug_abbrev  0x000000000000747b      0x2b2 /usr/lib/gcc/arm-none-eabi/9.2.1/../../../arm-none-eabi/lib/thumb/v7e-m+fp/hard/libc.a(lib_a-__call_atexit.o)
 .debug_abbrev  0x000000000000772d       0x14 /usr/lib/gcc/arm-none-eabi/9.2.1/thumb/v7e-m+fp/hard/libgcc.a(_aeabi_uldivmod.o)
 .debug_abbrev  0x0000000000007741      0x1c2 /usr/lib/gcc/arm-none-eabi/9.2.1/thumb/v7e-m+fp/hard/libgcc.a(_udivmoddi4.o)
 .debug_abbrev  0x0000000000007903       0x14 /usr/lib/gcc/arm-none-eabi/9.2.1/thumb/v7e-m+fp/hard/libgcc.a(_dvmd_tls.o)

.debug_loc      0x0000000000000000    0x28c46
 .debug_loc     0x0000000000000000       0xbc build/obj/ThirdParty_FreeRTOS_Source_listc.o
 .debug_loc     0x00000000000000bc     0x1dec build/obj/ThirdParty_FreeRTOS_Source_tasksc.o
 .debug_loc     0x0000000000001ea8     0x1680 build/obj/ThirdParty_FreeRTOS_Source_CMSIS_RTOS_cmsis_osc.o
 .debug_loc     0x0000000000003528      0x522 build/obj/ThirdParty_FreeRTOS_Source_portable_MemMang_heap_4c.o
 .debug_loc     0x0000000000003a4a      0x124 build/obj/Board_v1___ThirdParty_FreeRTOS_Source_portable_GCC_ARM_CM4F_portc.o
 .debug_loc     0x0000000000003b6e       0x64 build/obj/Board_v1_Src_adcc.o
 .debug_loc     0x0000000000003bd2       0x25 build/obj/Board_v1_Src_app_freertosc.o
 .debug_loc     0x0000000000003bf7       0x9e build/obj/Board_v1_Src_fdcanc.o
 .debug_loc     0x0000000000003c95       0x6f build/obj/Board_v1_Src_hrtimc.o
 .debug_loc     0x0000000000003d04       0x25 build/obj/Board_v1_Src_mainc.o
 .debug_loc     0x0000000000003d29       0xb4 build/obj/Board_v1_Src_stm32g4xx_hal_timebase_timc.o
 .debug_loc     0x0000000000003ddd       0xbd build/obj/Board_v1_Src_system_stm32g4xxc.o
 .debug_loc     0x0000000000003e9a       0x4a build/obj/Board_v1_Src_timc.o
 .debug_loc     0x0000000000003ee4       0x64 build/obj/Board_v1_Src_usartc.o
 .debug_loc     0x0000000000003f48     0x281e build/obj/ThirdParty_STM32G4xx_HAL_Driver_Src_stm32g4xx_hal_adc_exc.o