Archive member included to satisfy reference by file (symbol)

/usr/lib/gcc/arm-none-eabi/10.3.1/../../../arm-none-eabi/lib/thumb/v7e-m+fp/hard/libg_nano.a(lib_a-atexit.o)
                              /usr/lib/gcc/arm-none-eabi/10.3.1/../../../arm-none-eabi/lib/thumb/v7e-m+fp/hard/crt0.o (atexit)
/usr/lib/gcc/arm-none-eabi/10.3.1/../../../arm-none-eabi/lib/thumb/v7e-m+fp/hard/libg_nano.a(lib_a-errno.o)
                              CMakeFiles/g474_test.dir/Core/Src/sysmem.c.obj (__errno)
/usr/lib/gcc/arm-none-eabi/10.3.1/../../../arm-none-eabi/lib/thumb/v7e-m+fp/hard/libg_nano.a(lib_a-exit.o)
                              /usr/lib/gcc/arm-none-eabi/10.3.1/../../../arm-none-eabi/lib/thumb/v7e-m+fp/hard/crt0.o (exit)
/usr/lib/gcc/arm-none-eabi/10.3.1/../../../arm-none-eabi/lib/thumb/v7e-m+fp/hard/libg_nano.a(lib_a-fini.o)
                              /usr/lib/gcc/arm-none-eabi/10.3.1/../../../arm-none-eabi/lib/thumb/v7e-m+fp/hard/crt0.o (__libc_fini_array)
/usr/lib/gcc/arm-none-eabi/10.3.1/../../../arm-none-eabi/lib/thumb/v7e-m+fp/hard/libg_nano.a(lib_a-impure.o)
                              /usr/lib/gcc/arm-none-eabi/10.3.1/../../../arm-none-eabi/lib/thumb/v7e-m+fp/hard/libg_nano.a(lib_a-exit.o) (_global_impure_ptr)
/usr/lib/gcc/arm-none-eabi/10.3.1/../../../arm-none-eabi/lib/thumb/v7e-m+fp/hard/libg_nano.a(lib_a-init.o)
                              /usr/lib/gcc/arm-none-eabi/10.3.1/../../../arm-none-eabi/lib/thumb/v7e-m+fp/hard/crt0.o (__libc_init_array)
/usr/lib/gcc/arm-none-eabi/10.3.1/../../../arm-none-eabi/lib/thumb/v7e-m+fp/hard/libg_nano.a(lib_a-memset.o)
                              /usr/lib/gcc/arm-none-eabi/10.3.1/../../../arm-none-eabi/lib/thumb/v7e-m+fp/hard/crt0.o (memset)
/usr/lib/gcc/arm-none-eabi/10.3.1/../../../arm-none-eabi/lib/thumb/v7e-m+fp/hard/libg_nano.a(lib_a-__atexit.o)
                              /usr/lib/gcc/arm-none-eabi/10.3.1/../../../arm-none-eabi/lib/thumb/v7e-m+fp/hard/libg_nano.a(lib_a-atexit.o) (__register_exitproc)
/usr/lib/gcc/arm-none-eabi/10.3.1/../../../arm-none-eabi/lib/thumb/v7e-m+fp/hard/libg_nano.a(lib_a-__call_atexit.o)
                              /usr/lib/gcc/arm-none-eabi/10.3.1/../../../arm-none-eabi/lib/thumb/v7e-m+fp/hard/libg_nano.a(lib_a-__atexit.o) (__call_exitprocs)

Discarded input sections

 .text          0x0000000000000000        0x0 /usr/lib/gcc/arm-none-eabi/10.3.1/thumb/v7e-m+fp/hard/crti.o
 .data          0x0000000000000000        0x0 /usr/lib/gcc/arm-none-eabi/10.3.1/thumb/v7e-m+fp/hard/crti.o
 .bss           0x0000000000000000        0x0 /usr/lib/gcc/arm-none-eabi/10.3.1/thumb/v7e-m+fp/hard/crti.o
 .data          0x0000000000000000        0x4 /usr/lib/gcc/arm-none-eabi/10.3.1/thumb/v7e-m+fp/hard/crtbegin.o
 .rodata        0x0000000000000000       0x24 /usr/lib/gcc/arm-none-eabi/10.3.1/thumb/v7e-m+fp/hard/crtbegin.o
 .text          0x0000000000000000       0x70 /usr/lib/gcc/arm-none-eabi/10.3.1/../../../arm-none-eabi/lib/thumb/v7e-m+fp/hard/crt0.o
 .data          0x0000000000000000        0x0 /usr/lib/gcc/arm-none-eabi/10.3.1/../../../arm-none-eabi/lib/thumb/v7e-m+fp/hard/crt0.o
 .bss           0x0000000000000000        0x0 /usr/lib/gcc/arm-none-eabi/10.3.1/../../../arm-none-eabi/lib/thumb/v7e-m+fp/hard/crt0.o
 .ARM.extab     0x0000000000000000        0x0 /usr/lib/gcc/arm-none-eabi/10.3.1/../../../arm-none-eabi/lib/thumb/v7e-m+fp/hard/crt0.o
 .ARM.exidx     0x0000000000000000       0x10 /usr/lib/gcc/arm-none-eabi/10.3.1/../../../arm-none-eabi/lib/thumb/v7e-m+fp/hard/crt0.o
 .debug_line    0x0000000000000000       0x87 /usr/lib/gcc/arm-none-eabi/10.3.1/../../../arm-none-eabi/lib/thumb/v7e-m+fp/hard/crt0.o
 .debug_info    0x0000000000000000       0x26 /usr/lib/gcc/arm-none-eabi/10.3.1/../../../arm-none-eabi/lib/thumb/v7e-m+fp/hard/crt0.o
 .debug_abbrev  0x0000000000000000       0x14 /usr/lib/gcc/arm-none-eabi/10.3.1/../../../arm-none-eabi/lib/thumb/v7e-m+fp/hard/crt0.o
 .debug_aranges
                0x0000000000000000       0x20 /usr/lib/gcc/arm-none-eabi/10.3.1/../../../arm-none-eabi/lib/thumb/v7e-m+fp/hard/crt0.o
 .debug_str     0x0000000000000000       0x98 /usr/lib/gcc/arm-none-eabi/10.3.1/../../../arm-none-eabi/lib/thumb/v7e-m+fp/hard/crt0.o
 .ARM.attributes
                0x0000000000000000       0x1c /usr/lib/gcc/arm-none-eabi/10.3.1/../../../arm-none-eabi/lib/thumb/v7e-m+fp/hard/crt0.o
 .group         0x0000000000000000        0xc cmake/stm32cubemx/CMakeFiles/STM32_Drivers.dir/__/__/Core/Src/system_stm32g4xx.c.obj
 .group         0x0000000000000000        0xc cmake/stm32cubemx/CMakeFiles/STM32_Drivers.dir/__/__/Core/Src/system_stm32g4xx.c.obj
 .group         0x0000000000000000        0xc cmake/stm32cubemx/CMakeFiles/STM32_Drivers.dir/__/__/Core/Src/system_stm32g4xx.c.obj
 .group         0x0000000000000000        0xc cmake/stm32cubemx/CMakeFiles/STM32_Drivers.dir/__/__/Core/Src/system_stm32g4xx.c.obj
 .group         0x0000000000000000        0xc cmake/stm32cubemx/CMakeFiles/STM32_Drivers.dir/__/__/Core/Src/system_stm32g4xx.c.obj
[...]
Memory Configuration

Name             Origin             Length             Attributes
RAM              0x0000000020000000 0x0000000000020000 xrw
FLASH            0x0000000008000000 0x0000000000080000 xr
*default*        0x0000000000000000 0xffffffffffffffff

Linker script and memory map

LOAD /usr/lib/gcc/arm-none-eabi/10.3.1/thumb/v7e-m+fp/hard/crti.o
LOAD /usr/lib/gcc/arm-none-eabi/10.3.1/thumb/v7e-m+fp/hard/crtbegin.o
LOAD /usr/lib/gcc/arm-none-eabi/10.3.1/../../../arm-none-eabi/lib/thumb/v7e-m+fp/hard/crt0.o
LOAD cmake/stm32cubemx/CMakeFiles/STM32_Drivers.dir/__/__/Core/Src/system_stm32g4xx.c.obj
LOAD cmake/stm32cubemx/CMakeFiles/STM32_Drivers.dir/__/__/Drivers/STM32G4xx_HAL_Driver/Src/stm32g4xx_hal_pwr_ex.c.obj
LOAD cmake/stm32cubemx/CMakeFiles/STM32_Drivers.dir/__/__/Drivers/STM32G4xx_HAL_Driver/Src/stm32g4xx_hal_tim.c.obj
LOAD cmake/stm32cubemx/CMakeFiles/STM32_Drivers.dir/__/__/Drivers/STM32G4xx_HAL_Driver/Src/stm32g4xx_hal_tim_ex.c.obj
LOAD cmake/stm32cubemx/CMakeFiles/STM32_Drivers.dir/__/__/Drivers/STM32G4xx_HAL_Driver/Src/stm32g4xx_hal.c.obj
LOAD cmake/stm32cubemx/CMakeFiles/STM32_Drivers.dir/__/__/Drivers/STM32G4xx_HAL_Driver/Src/stm32g4xx_hal_rcc.c.obj
LOAD cmake/stm32cubemx/CMakeFiles/STM32_Drivers.dir/__/__/Drivers/STM32G4xx_HAL_Driver/Src/stm32g4xx_hal_rcc_ex.c.obj
LOAD cmake/stm32cubemx/CMakeFiles/STM32_Drivers.dir/__/__/Drivers/STM32G4xx_HAL_Driver/Src/stm32g4xx_hal_flash.c.obj
LOAD cmake/stm32cubemx/CMakeFiles/STM32_Drivers.dir/__/__/Drivers/STM32G4xx_HAL_Driver/Src/stm32g4xx_hal_flash_ex.c.obj
LOAD cmake/stm32cubemx/CMakeFiles/STM32_Drivers.dir/__/__/Drivers/STM32G4xx_HAL_Driver/Src/stm32g4xx_hal_flash_ramfunc.c.obj
LOAD cmake/stm32cubemx/CMakeFiles/STM32_Drivers.dir/__/__/Drivers/STM32G4xx_HAL_Driver/Src/stm32g4xx_hal_gpio.c.obj
LOAD cmake/stm32cubemx/CMakeFiles/STM32_Drivers.dir/__/__/Drivers/STM32G4xx_HAL_Driver/Src/stm32g4xx_hal_exti.c.obj
LOAD cmake/stm32cubemx/CMakeFiles/STM32_Drivers.dir/__/__/Drivers/STM32G4xx_HAL_Driver/Src/stm32g4xx_hal_dma.c.obj
LOAD cmake/stm32cubemx/CMakeFiles/STM32_Drivers.dir/__/__/Drivers/STM32G4xx_HAL_Driver/Src/stm32g4xx_hal_dma_ex.c.obj
LOAD cmake/stm32cubemx/CMakeFiles/STM32_Drivers.dir/__/__/Drivers/STM32G4xx_HAL_Driver/Src/stm32g4xx_hal_pwr.c.obj
LOAD cmake/stm32cubemx/CMakeFiles/STM32_Drivers.dir/__/__/Drivers/STM32G4xx_HAL_Driver/Src/stm32g4xx_hal_cortex.c.obj
LOAD CMakeFiles/g474_test.dir/Core/Src/main.c.obj
LOAD CMakeFiles/g474_test.dir/Core/Src/gpio.c.obj
LOAD CMakeFiles/g474_test.dir/Core/Src/tim.c.obj
LOAD CMakeFiles/g474_test.dir/Core/Src/stm32g4xx_it.c.obj
LOAD CMakeFiles/g474_test.dir/Core/Src/stm32g4xx_hal_msp.c.obj
LOAD CMakeFiles/g474_test.dir/Core/Src/sysmem.c.obj
LOAD CMakeFiles/g474_test.dir/Core/Src/syscalls.c.obj
LOAD CMakeFiles/g474_test.dir/startup_stm32g474xx.s.obj
LOAD /usr/lib/gcc/arm-none-eabi/10.3.1/../../../arm-none-eabi/lib/thumb/v7e-m+fp/hard/libm.a
START GROUP
LOAD /usr/lib/gcc/arm-none-eabi/10.3.1/thumb/v7e-m+fp/hard/libgcc.a
LOAD /usr/lib/gcc/arm-none-eabi/10.3.1/../../../arm-none-eabi/lib/thumb/v7e-m+fp/hard/libg_nano.a
LOAD /usr/lib/gcc/arm-none-eabi/10.3.1/../../../arm-none-eabi/lib/thumb/v7e-m+fp/hard/libc_nano.a
END GROUP
START GROUP
LOAD /usr/lib/gcc/arm-none-eabi/10.3.1/thumb/v7e-m+fp/hard/libgcc.a
LOAD /usr/lib/gcc/arm-none-eabi/10.3.1/../../../arm-none-eabi/lib/thumb/v7e-m+fp/hard/libc_nano.a
END GROUP
LOAD /usr/lib/gcc/arm-none-eabi/10.3.1/thumb/v7e-m+fp/hard/crtend.o
LOAD /usr/lib/gcc/arm-none-eabi/10.3.1/thumb/v7e-m+fp/hard/crtn.o
                0x0000000020020000                _estack = (ORIGIN (RAM) + LENGTH (RAM))
                0x0000000000000200                _Min_Heap_Size = 0x200
                0x0000000000000400                _Min_Stack_Size = 0x400

.isr_vector     0x0000000008000000      0x1d8
                0x0000000008000000                . = ALIGN (0x4)
 *(.isr_vector)
 .isr_vector    0x0000000008000000      0x1d8 CMakeFiles/g474_test.dir/startup_stm32g474xx.s.obj
                0x0000000008000000                g_pfnVectors
                0x00000000080001d8                . = ALIGN (0x4)

.text           0x00000000080001d8     0x2224
                0x00000000080001d8                . = ALIGN (0x4)
 *(.text)
 .text          0x00000000080001d8       0x88 /usr/lib/gcc/arm-none-eabi/10.3.1/thumb/v7e-m+fp/hard/crtbegin.o
 .text          0x0000000008000260       0x48 /usr/lib/gcc/arm-none-eabi/10.3.1/../../../arm-none-eabi/lib/thumb/v7e-m+fp/hard/libg_nano.a(lib_a-init.o)
                0x0000000008000260                __libc_init_array
 .text          0x00000000080002a8       0xa4 /usr/lib/gcc/arm-none-eabi/10.3.1/../../../arm-none-eabi/lib/thumb/v7e-m+fp/hard/libg_nano.a(lib_a-memset.o)
                0x00000000080002a8                memset
 *(.text*)
 .text.SystemInit
                0x000000000800034c       0x24 cmake/stm32cubemx/CMakeFiles/STM32_Drivers.dir/__/__/Core/Src/system_stm32g4xx.c.obj
                0x000000000800034c                SystemInit
 .text.HAL_PWREx_ControlVoltageScaling
                0x0000000008000370      0x148 cmake/stm32cubemx/CMakeFiles/STM32_Drivers.dir/__/__/Drivers/STM32G4xx_HAL_Driver/Src/stm32g4xx_hal_pwr_ex.c.obj
                0x0000000008000370                HAL_PWREx_ControlVoltageScaling
 .text.HAL_PWREx_DisableUCPDDeadBattery
                0x00000000080004b8       0x20 cmake/stm32cubemx/CMakeFiles/STM32_Drivers.dir/__/__/Drivers/STM32G4xx_HAL_Driver/Src/stm32g4xx_hal_pwr_ex.c.obj
                0x00000000080004b8                HAL_PWREx_DisableUCPDDeadBattery
 .text.HAL_TIM_Base_Init
                0x00000000080004d8       0xae cmake/stm32cubemx/CMakeFiles/STM32_Drivers.dir/__/__/Drivers/STM32G4xx_HAL_Driver/Src/stm32g4xx_hal_tim.c.obj
                0x00000000080004d8                HAL_TIM_Base_Init
 *fill*         0x0000000008000586        0x2 
 .text.HAL_TIM_Base_Start
                0x0000000008000588       0xe0 cmake/stm32cubemx/CMakeFiles/STM32_Drivers.dir/__/__/Drivers/STM32G4xx_HAL_Driver/Src/stm32g4xx_hal_tim.c.obj
                0x0000000008000588                HAL_TIM_Base_Start
 .text.HAL_TIM_IRQHandler
                0x0000000008000668      0x29e cmake/stm32cubemx/CMakeFiles/STM32_Drivers.dir/__/__/Drivers/STM32G4xx_HAL_Driver/Src/stm32g4xx_hal_tim.c.obj
                0x0000000008000668                HAL_TIM_IRQHandler
 *fill*         0x0000000008000906        0x2 
 .text.HAL_TIM_ConfigClockSource
                0x0000000008000908      0x22c cmake/stm32cubemx/CMakeFiles/STM32_Drivers.dir/__/__/Drivers/STM32G4xx_HAL_Driver/Src/stm32g4xx_hal_tim.c.obj
                0x0000000008000908                HAL_TIM_ConfigClockSource
 .text.HAL_TIM_OC_DelayElapsedCallback
                0x0000000008000b34       0x14 cmake/stm32cubemx/CMakeFiles/STM32_Drivers.dir/__/__/Drivers/STM32G4xx_HAL_Driver/Src/stm32g4xx_hal_tim.c.obj
                0x0000000008000b34                HAL_TIM_OC_DelayElapsedCallback
 .text.HAL_TIM_IC_CaptureCallback
                0x0000000008000b48       0x14 cmake/stm32cubemx/CMakeFiles/STM32_Drivers.dir/__/__/Drivers/STM32G4xx_HAL_Driver/Src/stm32g4xx_hal_tim.c.obj
                0x0000000008000b48                HAL_TIM_IC_CaptureCallback
 .text.HAL_TIM_PWM_PulseFinishedCallback
                0x0000000008000b5c       0x14 cmake/stm32cubemx/CMakeFiles/STM32_Drivers.dir/__/__/Drivers/STM32G4xx_HAL_Driver/Src/stm32g4xx_hal_tim.c.obj
                0x0000000008000b5c                HAL_TIM_PWM_PulseFinishedCallback
 .text.HAL_TIM_TriggerCallback
                0x0000000008000b70       0x14 cmake/stm32cubemx/CMakeFiles/STM32_Drivers.dir/__/__/Drivers/STM32G4xx_HAL_Driver/Src/stm32g4xx_hal_tim.c.obj
                0x0000000008000b70                HAL_TIM_TriggerCallback
 .text.TIM_Base_SetConfig
                0x0000000008000b84      0x168 cmake/stm32cubemx/CMakeFiles/STM32_Drivers.dir/__/__/Drivers/STM32G4xx_HAL_Driver/Src/stm32g4xx_hal_tim.c.obj
                0x0000000008000b84                TIM_Base_SetConfig
 .text.TIM_TI1_ConfigInputStage
                0x0000000008000cec       0x5e cmake/stm32cubemx/CMakeFiles/STM32_Drivers.dir/__/__/Drivers/STM32G4xx_HAL_Driver/Src/stm32g4xx_hal_tim.c.obj
 .text.TIM_TI2_ConfigInputStage
                0x0000000008000d4a       0x60 cmake/stm32cubemx/CMakeFiles/STM32_Drivers.dir/__/__/Drivers/STM32G4xx_HAL_Driver/Src/stm32g4xx_hal_tim.c.obj
 .text.TIM_ITRx_SetConfig
                0x0000000008000daa       0x3a cmake/stm32cubemx/CMakeFiles/STM32_Drivers.dir/__/__/Drivers/STM32G4xx_HAL_Driver/Src/stm32g4xx_hal_tim.c.obj
 .text.TIM_ETR_SetConfig
                0x0000000008000de4       0x40 cmake/stm32cubemx/CMakeFiles/STM32_Drivers.dir/__/__/Drivers/STM32G4xx_HAL_Driver/Src/stm32g4xx_hal_tim.c.obj
                0x0000000008000de4                TIM_ETR_SetConfig
 .text.HAL_TIMEx_MasterConfigSynchronization
                0x0000000008000e24      0x12c cmake/stm32cubemx/CMakeFiles/STM32_Drivers.dir/__/__/Drivers/STM32G4xx_HAL_Driver/Src/stm32g4xx_hal_tim_ex.c.obj
                0x0000000008000e24                HAL_TIMEx_MasterConfigSynchronization
 .text.HAL_TIMEx_CommutCallback
                0x0000000008000f50       0x14 cmake/stm32cubemx/CMakeFiles/STM32_Drivers.dir/__/__/Drivers/STM32G4xx_HAL_Driver/Src/stm32g4xx_hal_tim_ex.c.obj
                0x0000000008000f50                HAL_TIMEx_CommutCallback
 .text.HAL_TIMEx_BreakCallback
                0x0000000008000f64       0x14 cmake/stm32cubemx/CMakeFiles/STM32_Drivers.dir/__/__/Drivers/STM32G4xx_HAL_Driver/Src/stm32g4xx_hal_tim_ex.c.obj
                0x0000000008000f64                HAL_TIMEx_BreakCallback
 .text.HAL_TIMEx_Break2Callback
                0x0000000008000f78       0x14 cmake/stm32cubemx/CMakeFiles/STM32_Drivers.dir/__/__/Drivers/STM32G4xx_HAL_Driver/Src/stm32g4xx_hal_tim_ex.c.obj
                0x0000000008000f78                HAL_TIMEx_Break2Callback
 .text.HAL_TIMEx_EncoderIndexCallback
                0x0000000008000f8c       0x14 cmake/stm32cubemx/CMakeFiles/STM32_Drivers.dir/__/__/Drivers/STM32G4xx_HAL_Driver/Src/stm32g4xx_hal_tim_ex.c.obj
                0x0000000008000f8c                HAL_TIMEx_EncoderIndexCallback
 .text.HAL_TIMEx_DirectionChangeCallback
                0x0000000008000fa0       0x14 cmake/stm32cubemx/CMakeFiles/STM32_Drivers.dir/__/__/Drivers/STM32G4xx_HAL_Driver/Src/stm32g4xx_hal_tim_ex.c.obj
                0x0000000008000fa0                HAL_TIMEx_DirectionChangeCallback
 .text.HAL_TIMEx_IndexErrorCallback
                0x0000000008000fb4       0x14 cmake/stm32cubemx/CMakeFiles/STM32_Drivers.dir/__/__/Drivers/STM32G4xx_HAL_Driver/Src/stm32g4xx_hal_tim_ex.c.obj
                0x0000000008000fb4                HAL_TIMEx_IndexErrorCallback
 .text.HAL_TIMEx_TransitionErrorCallback
                0x0000000008000fc8       0x14 cmake/stm32cubemx/CMakeFiles/STM32_Drivers.dir/__/__/Drivers/STM32G4xx_HAL_Driver/Src/stm32g4xx_hal_tim_ex.c.obj
                0x0000000008000fc8                HAL_TIMEx_TransitionErrorCallback
 .text.HAL_Init
                0x0000000008000fdc       0x30 cmake/stm32cubemx/CMakeFiles/STM32_Drivers.dir/__/__/Drivers/STM32G4xx_HAL_Driver/Src/stm32g4xx_hal.c.obj
                0x0000000008000fdc                HAL_Init
 .text.HAL_InitTick
                0x000000000800100c       0x74 cmake/stm32cubemx/CMakeFiles/STM32_Drivers.dir/__/__/Drivers/STM32G4xx_HAL_Driver/Src/stm32g4xx_hal.c.obj
                0x000000000800100c                HAL_InitTick
 .text.HAL_IncTick
                0x0000000008001080       0x24 cmake/stm32cubemx/CMakeFiles/STM32_Drivers.dir/__/__/Drivers/STM32G4xx_HAL_Driver/Src/stm32g4xx_hal.c.obj
                0x0000000008001080                HAL_IncTick
 .text.HAL_GetTick
                0x00000000080010a4       0x18 cmake/stm32cubemx/CMakeFiles/STM32_Drivers.dir/__/__/Drivers/STM32G4xx_HAL_Driver/Src/stm32g4xx_hal.c.obj
                0x00000000080010a4                HAL_GetTick
 .text.HAL_RCC_OscConfig
                0x00000000080010bc      0x624 cmake/stm32cubemx/CMakeFiles/STM32_Drivers.dir/__/__/Drivers/STM32G4xx_HAL_Driver/Src/stm32g4xx_hal_rcc.c.obj
                0x00000000080010bc                HAL_RCC_OscConfig
 .text.HAL_RCC_ClockConfig
                0x00000000080016e0      0x278 cmake/stm32cubemx/CMakeFiles/STM32_Drivers.dir/__/__/Drivers/STM32G4xx_HAL_Driver/Src/stm32g4xx_hal_rcc.c.obj
                0x00000000080016e0                HAL_RCC_ClockConfig
 .text.HAL_RCC_GetSysClockFreq
                0x0000000008001958       0xc4 cmake/stm32cubemx/CMakeFiles/STM32_Drivers.dir/__/__/Drivers/STM32G4xx_HAL_Driver/Src/stm32g4xx_hal_rcc.c.obj
                0x0000000008001958                HAL_RCC_GetSysClockFreq
 .text.RCC_GetSysClockFreqFromPLLSource
                0x0000000008001a1c       0x8c cmake/stm32cubemx/CMakeFiles/STM32_Drivers.dir/__/__/Drivers/STM32G4xx_HAL_Driver/Src/stm32g4xx_hal_rcc.c.obj
 .text.HAL_GPIO_Init
                0x0000000008001aa8      0x304 cmake/stm32cubemx/CMakeFiles/STM32_Drivers.dir/__/__/Drivers/STM32G4xx_HAL_Driver/Src/stm32g4xx_hal_gpio.c.obj
                0x0000000008001aa8                HAL_GPIO_Init
 .text.HAL_GPIO_WritePin
                0x0000000008001dac       0x30 cmake/stm32cubemx/CMakeFiles/STM32_Drivers.dir/__/__/Drivers/STM32G4xx_HAL_Driver/Src/stm32g4xx_hal_gpio.c.obj
                0x0000000008001dac                HAL_GPIO_WritePin
 .text.HAL_GPIO_TogglePin
                0x0000000008001ddc       0x34 cmake/stm32cubemx/CMakeFiles/STM32_Drivers.dir/__/__/Drivers/STM32G4xx_HAL_Driver/Src/stm32g4xx_hal_gpio.c.obj
                0x0000000008001ddc                HAL_GPIO_TogglePin
 .text.__NVIC_SetPriorityGrouping
                0x0000000008001e10       0x48 cmake/stm32cubemx/CMakeFiles/STM32_Drivers.dir/__/__/Drivers/STM32G4xx_HAL_Driver/Src/stm32g4xx_hal_cortex.c.obj
 .text.__NVIC_GetPriorityGrouping
                0x0000000008001e58       0x1c cmake/stm32cubemx/CMakeFiles/STM32_Drivers.dir/__/__/Drivers/STM32G4xx_HAL_Driver/Src/stm32g4xx_hal_cortex.c.obj
 .text.__NVIC_EnableIRQ
                0x0000000008001e74       0x3c cmake/stm32cubemx/CMakeFiles/STM32_Drivers.dir/__/__/Drivers/STM32G4xx_HAL_Driver/Src/stm32g4xx_hal_cortex.c.obj
 .text.__NVIC_SetPriority
                0x0000000008001eb0       0x54 cmake/stm32cubemx/CMakeFiles/STM32_Drivers.dir/__/__/Drivers/STM32G4xx_HAL_Driver/Src/stm32g4xx_hal_cortex.c.obj
 .text.NVIC_EncodePriority
                0x0000000008001f04       0x66 cmake/stm32cubemx/CMakeFiles/STM32_Drivers.dir/__/__/Drivers/STM32G4xx_HAL_Driver/Src/stm32g4xx_hal_cortex.c.obj
 *fill*         0x0000000008001f6a        0x2 
 .text.SysTick_Config
                0x0000000008001f6c       0x44 cmake/stm32cubemx/CMakeFiles/STM32_Drivers.dir/__/__/Drivers/STM32G4xx_HAL_Driver/Src/stm32g4xx_hal_cortex.c.obj
 .text.HAL_NVIC_SetPriorityGrouping
                0x0000000008001fb0       0x16 cmake/stm32cubemx/CMakeFiles/STM32_Drivers.dir/__/__/Drivers/STM32G4xx_HAL_Driver/Src/stm32g4xx_hal_cortex.c.obj
                0x0000000008001fb0                HAL_NVIC_SetPriorityGrouping
 .text.HAL_NVIC_SetPriority
                0x0000000008001fc6       0x34 cmake/stm32cubemx/CMakeFiles/STM32_Drivers.dir/__/__/Drivers/STM32G4xx_HAL_Driver/Src/stm32g4xx_hal_cortex.c.obj
                0x0000000008001fc6                HAL_NVIC_SetPriority
 .text.HAL_NVIC_EnableIRQ
                0x0000000008001ffa       0x1c cmake/stm32cubemx/CMakeFiles/STM32_Drivers.dir/__/__/Drivers/STM32G4xx_HAL_Driver/Src/stm32g4xx_hal_cortex.c.obj
                0x0000000008001ffa                HAL_NVIC_EnableIRQ
 .text.HAL_SYSTICK_Config
                0x0000000008002016       0x18 cmake/stm32cubemx/CMakeFiles/STM32_Drivers.dir/__/__/Drivers/STM32G4xx_HAL_Driver/Src/stm32g4xx_hal_cortex.c.obj
                0x0000000008002016                HAL_SYSTICK_Config
 *fill*         0x000000000800202e        0x2 
 .text.TIM1_Delay_ms_IT
                0x0000000008002030       0x30 CMakeFiles/g474_test.dir/Core/Src/main.c.obj
                0x0000000008002030                TIM1_Delay_ms_IT
 .text.main     0x0000000008002060       0x3c CMakeFiles/g474_test.dir/Core/Src/main.c.obj
                0x0000000008002060                main
 .text.SystemClock_Config
                0x000000000800209c       0x96 CMakeFiles/g474_test.dir/Core/Src/main.c.obj
                0x000000000800209c                SystemClock_Config
 .text.Error_Handler
                0x0000000008002132        0xa CMakeFiles/g474_test.dir/Core/Src/main.c.obj
                0x0000000008002132                Error_Handler
 .text.MX_GPIO_Init
                0x000000000800213c       0x80 CMakeFiles/g474_test.dir/Core/Src/gpio.c.obj
                0x000000000800213c                MX_GPIO_Init
 .text.MX_TIM1_Init
                0x00000000080021bc       0xa8 CMakeFiles/g474_test.dir/Core/Src/tim.c.obj
                0x00000000080021bc                MX_TIM1_Init
 .text.HAL_TIM_Base_MspInit
                0x0000000008002264       0x4c CMakeFiles/g474_test.dir/Core/Src/tim.c.obj
                0x0000000008002264                HAL_TIM_Base_MspInit
 .text.NMI_Handler
                0x00000000080022b0        0x6 CMakeFiles/g474_test.dir/Core/Src/stm32g4xx_it.c.obj
                0x00000000080022b0                NMI_Handler
 .text.HardFault_Handler
                0x00000000080022b6        0x6 CMakeFiles/g474_test.dir/Core/Src/stm32g4xx_it.c.obj
                0x00000000080022b6                HardFault_Handler
 .text.MemManage_Handler
                0x00000000080022bc        0x6 CMakeFiles/g474_test.dir/Core/Src/stm32g4xx_it.c.obj
                0x00000000080022bc                MemManage_Handler
 .text.BusFault_Handler
                0x00000000080022c2        0x6 CMakeFiles/g474_test.dir/Core/Src/stm32g4xx_it.c.obj
                0x00000000080022c2                BusFault_Handler
 .text.UsageFault_Handler
                0x00000000080022c8        0x6 CMakeFiles/g474_test.dir/Core/Src/stm32g4xx_it.c.obj
                0x00000000080022c8                UsageFault_Handler
 .text.SVC_Handler
                0x00000000080022ce        0xe CMakeFiles/g474_test.dir/Core/Src/stm32g4xx_it.c.obj
                0x00000000080022ce                SVC_Handler
 .text.DebugMon_Handler
                0x00000000080022dc        0xe CMakeFiles/g474_test.dir/Core/Src/stm32g4xx_it.c.obj
                0x00000000080022dc                DebugMon_Handler
 .text.PendSV_Handler
                0x00000000080022ea        0xe CMakeFiles/g474_test.dir/Core/Src/stm32g4xx_it.c.obj
                0x00000000080022ea                PendSV_Handler
 .text.SysTick_Handler
                0x00000000080022f8        0xc CMakeFiles/g474_test.dir/Core/Src/stm32g4xx_it.c.obj
                0x00000000080022f8                SysTick_Handler
 .text.TIM1_UP_TIM16_IRQHandler
                0x0000000008002304       0x14 CMakeFiles/g474_test.dir/Core/Src/stm32g4xx_it.c.obj
                0x0000000008002304                TIM1_UP_TIM16_IRQHandler
 .text.HAL_TIM_PeriodElapsedCallback
                0x0000000008002318       0x30 CMakeFiles/g474_test.dir/Core/Src/stm32g4xx_it.c.obj
                0x0000000008002318                HAL_TIM_PeriodElapsedCallback
 .text.HAL_MspInit
                0x0000000008002348       0x48 CMakeFiles/g474_test.dir/Core/Src/stm32g4xx_hal_msp.c.obj
                0x0000000008002348                HAL_MspInit
 .text.Reset_Handler
                0x0000000008002390       0x50 CMakeFiles/g474_test.dir/startup_stm32g474xx.s.obj
                0x0000000008002390                Reset_Handler
 .text.Default_Handler
                0x00000000080023e0        0x2 CMakeFiles/g474_test.dir/startup_stm32g474xx.s.obj
                0x00000000080023e0                RTC_Alarm_IRQHandler
                0x00000000080023e0                EXTI2_IRQHandler
                0x00000000080023e0                TIM8_TRG_COM_IRQHandler
                0x00000000080023e0                TIM8_CC_IRQHandler
                0x00000000080023e0                HRTIM1_Master_IRQHandler
                0x00000000080023e0                SPI4_IRQHandler
                0x00000000080023e0                FDCAN3_IT0_IRQHandler
                0x00000000080023e0                TIM1_CC_IRQHandler
                0x00000000080023e0                HRTIM1_FLT_IRQHandler
                0x00000000080023e0                HRTIM1_TIMF_IRQHandler
                0x00000000080023e0                USB_HP_IRQHandler
                0x00000000080023e0                CORDIC_IRQHandler
                0x00000000080023e0                HRTIM1_TIMD_IRQHandler
                0x00000000080023e0                DMA2_Channel8_IRQHandler
                0x00000000080023e0                EXTI3_IRQHandler
                0x00000000080023e0                I2C3_ER_IRQHandler
                0x00000000080023e0                EXTI0_IRQHandler
                0x00000000080023e0                I2C2_EV_IRQHandler
                0x00000000080023e0                FPU_IRQHandler
                0x00000000080023e0                FDCAN1_IT1_IRQHandler
                0x00000000080023e0                ADC1_2_IRQHandler
                0x00000000080023e0                HRTIM1_TIME_IRQHandler
                0x00000000080023e0                SPI1_IRQHandler
                0x00000000080023e0                TIM6_DAC_IRQHandler
                0x00000000080023e0                HRTIM1_TIMC_IRQHandler
                0x00000000080023e0                TIM8_UP_IRQHandler
                0x00000000080023e0                DMA2_Channel2_IRQHandler
                0x00000000080023e0                DMA1_Channel4_IRQHandler
                0x00000000080023e0                TIM20_TRG_COM_IRQHandler
                0x00000000080023e0                USART3_IRQHandler
                0x00000000080023e0                DMA1_Channel7_IRQHandler
                0x00000000080023e0                UART5_IRQHandler
                0x00000000080023e0                ADC3_IRQHandler
                0x00000000080023e0                TIM4_IRQHandler
                0x00000000080023e0                DMA2_Channel1_IRQHandler
                0x00000000080023e0                QUADSPI_IRQHandler
                0x00000000080023e0                I2C1_EV_IRQHandler
                0x00000000080023e0                DMA1_Channel6_IRQHandler
                0x00000000080023e0                UART4_IRQHandler
                0x00000000080023e0                DMA2_Channel4_IRQHandler
                0x00000000080023e0                TIM3_IRQHandler
                0x00000000080023e0                RCC_IRQHandler
                0x00000000080023e0                TIM20_UP_IRQHandler
                0x00000000080023e0                DMA1_Channel1_IRQHandler
                0x00000000080023e0                Default_Handler
                0x00000000080023e0                DMA2_Channel7_IRQHandler
                0x00000000080023e0                RTC_TAMP_LSECSS_IRQHandler
                0x00000000080023e0                FMAC_IRQHandler
                0x00000000080023e0                EXTI15_10_IRQHandler
                0x00000000080023e0                DMA1_Channel8_IRQHandler
                0x00000000080023e0                HRTIM1_TIMA_IRQHandler
                0x00000000080023e0                TIM7_DAC_IRQHandler
                0x00000000080023e0                FDCAN3_IT1_IRQHandler
                0x00000000080023e0                TIM5_IRQHandler
                0x00000000080023e0                UCPD1_IRQHandler
                0x00000000080023e0                I2C3_EV_IRQHandler
                0x00000000080023e0                EXTI9_5_IRQHandler
                0x00000000080023e0                RTC_WKUP_IRQHandler
                0x00000000080023e0                PVD_PVM_IRQHandler
                0x00000000080023e0                SPI2_IRQHandler
                0x00000000080023e0                ADC5_IRQHandler
                0x00000000080023e0                DMA2_Channel5_IRQHandler
                0x00000000080023e0                CRS_IRQHandler
                0x00000000080023e0                DMA1_Channel5_IRQHandler
                0x00000000080023e0                USB_LP_IRQHandler
                0x00000000080023e0                EXTI4_IRQHandler
                0x00000000080023e0                RNG_IRQHandler
                0x00000000080023e0                HRTIM1_TIMB_IRQHandler
                0x00000000080023e0                TIM1_TRG_COM_TIM17_IRQHandler
                0x00000000080023e0                FDCAN2_IT1_IRQHandler
                0x00000000080023e0                DMA1_Channel3_IRQHandler
                0x00000000080023e0                ADC4_IRQHandler
                0x00000000080023e0                WWDG_IRQHandler
                0x00000000080023e0                I2C4_EV_IRQHandler
                0x00000000080023e0                FDCAN2_IT0_IRQHandler
                0x00000000080023e0                LPUART1_IRQHandler
                0x00000000080023e0                DMA2_Channel6_IRQHandler
                0x00000000080023e0                FDCAN1_IT0_IRQHandler
                0x00000000080023e0                TIM2_IRQHandler
                0x00000000080023e0                COMP7_IRQHandler
                0x00000000080023e0                COMP1_2_3_IRQHandler
                0x00000000080023e0                EXTI1_IRQHandler
                0x00000000080023e0                USART2_IRQHandler
                0x00000000080023e0                COMP4_5_6_IRQHandler
                0x00000000080023e0                TIM20_BRK_IRQHandler
                0x00000000080023e0                I2C2_ER_IRQHandler
                0x00000000080023e0                DMA1_Channel2_IRQHandler
                0x00000000080023e0                TIM8_BRK_IRQHandler
                0x00000000080023e0                FLASH_IRQHandler
                0x00000000080023e0                TIM20_CC_IRQHandler
                0x00000000080023e0                USART1_IRQHandler
                0x00000000080023e0                SPI3_IRQHandler
                0x00000000080023e0                I2C1_ER_IRQHandler
                0x00000000080023e0                FMC_IRQHandler
                0x00000000080023e0                LPTIM1_IRQHandler
                0x00000000080023e0                DMAMUX_OVR_IRQHandler
                0x00000000080023e0                I2C4_ER_IRQHandler
                0x00000000080023e0                USBWakeUp_IRQHandler
                0x00000000080023e0                SAI1_IRQHandler
                0x00000000080023e0                DMA2_Channel3_IRQHandler
                0x00000000080023e0                TIM1_BRK_TIM15_IRQHandler
 *(.glue_7)
 .glue_7        0x00000000080023e2        0x0 linker stubs
 *(.glue_7t)
 .glue_7t       0x00000000080023e2        0x0 linker stubs
 *(.eh_frame)
 *fill*         0x00000000080023e2        0x2 
 .eh_frame      0x00000000080023e4        0x0 /usr/lib/gcc/arm-none-eabi/10.3.1/thumb/v7e-m+fp/hard/crtbegin.o
 *(.init)
 .init          0x00000000080023e4        0x4 /usr/lib/gcc/arm-none-eabi/10.3.1/thumb/v7e-m+fp/hard/crti.o
                0x00000000080023e4                _init
 .init          0x00000000080023e8        0x8 /usr/lib/gcc/arm-none-eabi/10.3.1/thumb/v7e-m+fp/hard/crtn.o
 *(.fini)
 .fini          0x00000000080023f0        0x4 /usr/lib/gcc/arm-none-eabi/10.3.1/thumb/v7e-m+fp/hard/crti.o
                0x00000000080023f0                _fini
 .fini          0x00000000080023f4        0x8 /usr/lib/gcc/arm-none-eabi/10.3.1/thumb/v7e-m+fp/hard/crtn.o
                0x00000000080023fc                . = ALIGN (0x4)
                0x00000000080023fc                _etext = .

.vfp11_veneer   0x00000000080023fc        0x0
 .vfp11_veneer  0x00000000080023fc        0x0 linker stubs

.v4_bx          0x00000000080023fc        0x0
 .v4_bx         0x00000000080023fc        0x0 linker stubs

.iplt           0x00000000080023fc        0x0
 .iplt          0x00000000080023fc        0x0 /usr/lib/gcc/arm-none-eabi/10.3.1/thumb/v7e-m+fp/hard/crtbegin.o

.rodata         0x00000000080023fc       0x10
                0x00000000080023fc                . = ALIGN (0x4)
 *(.rodata)
 *(.rodata*)
 .rodata.AHBPrescTable
                0x00000000080023fc       0x10 cmake/stm32cubemx/CMakeFiles/STM32_Drivers.dir/__/__/Core/Src/system_stm32g4xx.c.obj
                0x00000000080023fc                AHBPrescTable
                0x000000000800240c                . = ALIGN (0x4)

.ARM.extab      0x000000000800240c        0x0
                0x000000000800240c                . = ALIGN (0x4)
 *(.ARM.extab* .gnu.linkonce.armextab.*)
                0x000000000800240c                . = ALIGN (0x4)

.ARM            0x000000000800240c        0x0
                0x000000000800240c                . = ALIGN (0x4)
                0x000000000800240c                __exidx_start = .
 *(.ARM.exidx*)
                0x000000000800240c                __exidx_end = .
                0x000000000800240c                . = ALIGN (0x4)

.preinit_array  0x000000000800240c        0x0
                0x000000000800240c                . = ALIGN (0x4)
                0x000000000800240c                PROVIDE (__preinit_array_start = .)
 *(.preinit_array*)
                0x000000000800240c                PROVIDE (__preinit_array_end = .)
                0x000000000800240c                . = ALIGN (0x4)

.init_array     0x000000000800240c        0x4
                0x000000000800240c                . = ALIGN (0x4)
                0x000000000800240c                PROVIDE (__init_array_start = .)
 *(SORT_BY_NAME(.init_array.*))
 *(.init_array*)
 .init_array    0x000000000800240c        0x4 /usr/lib/gcc/arm-none-eabi/10.3.1/thumb/v7e-m+fp/hard/crtbegin.o
                0x0000000008002410                PROVIDE (__init_array_end = .)
                0x0000000008002410                . = ALIGN (0x4)

.fini_array     0x0000000008002410        0x4
                0x0000000008002410                . = ALIGN (0x4)
                0x0000000008002410                PROVIDE (__fini_array_start = .)
 *(SORT_BY_NAME(.fini_array.*))
 *(.fini_array*)
 .fini_array    0x0000000008002410        0x4 /usr/lib/gcc/arm-none-eabi/10.3.1/thumb/v7e-m+fp/hard/crtbegin.o
                0x0000000008002414                PROVIDE (__fini_array_end = .)
                0x0000000008002414                . = ALIGN (0x4)
                0x0000000008002414                _sidata = LOADADDR (.data)

.rel.dyn        0x0000000008002414        0x0
 .rel.iplt      0x0000000008002414        0x0 /usr/lib/gcc/arm-none-eabi/10.3.1/thumb/v7e-m+fp/hard/crtbegin.o

.data           0x0000000020000000        0xc load address 0x0000000008002414
                0x0000000020000000                . = ALIGN (0x4)
                0x0000000020000000                _sdata = .
 *(.data)
 *(.data*)
 .data.SystemCoreClock
                0x0000000020000000        0x4 cmake/stm32cubemx/CMakeFiles/STM32_Drivers.dir/__/__/Core/Src/system_stm32g4xx.c.obj
                0x0000000020000000                SystemCoreClock
 .data.uwTickPrio
                0x0000000020000004        0x4 cmake/stm32cubemx/CMakeFiles/STM32_Drivers.dir/__/__/Drivers/STM32G4xx_HAL_Driver/Src/stm32g4xx_hal.c.obj
                0x0000000020000004                uwTickPrio
 .data.uwTickFreq
                0x0000000020000008        0x4 cmake/stm32cubemx/CMakeFiles/STM32_Drivers.dir/__/__/Drivers/STM32G4xx_HAL_Driver/Src/stm32g4xx_hal.c.obj
                0x0000000020000008                uwTickFreq
 *(.RamFunc)
 *(.RamFunc*)
                0x000000002000000c                . = ALIGN (0x4)

.tm_clone_table
                0x000000002000000c        0x0 load address 0x0000000008002420
 .tm_clone_table
                0x000000002000000c        0x0 /usr/lib/gcc/arm-none-eabi/10.3.1/thumb/v7e-m+fp/hard/crtbegin.o
 .tm_clone_table
                0x000000002000000c        0x0 /usr/lib/gcc/arm-none-eabi/10.3.1/thumb/v7e-m+fp/hard/crtend.o

.igot.plt       0x000000002000000c        0x0 load address 0x0000000008002420
 .igot.plt      0x000000002000000c        0x0 /usr/lib/gcc/arm-none-eabi/10.3.1/thumb/v7e-m+fp/hard/crtbegin.o

.tdata          0x000000002000000c        0x0 load address 0x0000000008002420
 *(.tdata .tdata.* .gnu.linkonce.td.*)
                0x000000002000000c                . = ALIGN (0x4)
                0x000000002000000c                _edata = .
                [!provide]                        PROVIDE (__data_end = .)
                [!provide]                        PROVIDE (__tdata_end = .)
                [!provide]                        PROVIDE (__tdata_start = ADDR (.tdata))
                [!provide]                        PROVIDE (__tdata_size = (__tdata_end - __tdata_start))
                [!provide]                        PROVIDE (__data_start = ADDR (.data))
                [!provide]                        PROVIDE (__data_size = (__data_end - __data_start))
                [!provide]                        PROVIDE (__tdata_source = LOADADDR (.tdata))
                [!provide]                        PROVIDE (__tdata_source_end = (LOADADDR (.tdata) + SIZEOF (.tdata)))
                [!provide]                        PROVIDE (__tdata_source_size = (__tdata_source_end - __tdata_source))
                [!provide]                        PROVIDE (__data_source = LOADADDR (.data))
                [!provide]                        PROVIDE (__data_source_end = __tdata_source_end)
                [!provide]                        PROVIDE (__data_source_size = (__data_source_end - __data_source))

.tbss           0x000000002000000c        0x0 load address 0x0000000008002420
                0x000000002000000c                _sbss = .
                0x000000002000000c                __bss_start__ = _sbss
 *(.tbss .tbss.*)
                0x000000002000000c                . = ALIGN (0x4)
                [!provide]                        PROVIDE (__tbss_end = .)
                [!provide]                        PROVIDE (__tbss_start = ADDR (.tbss))
                [!provide]                        PROVIDE (__tbss_size = (__tbss_end - __tbss_start))
                [!provide]                        PROVIDE (__tbss_offset = (ADDR (.tbss) - ADDR (.tdata)))
                [!provide]                        PROVIDE (__tls_base = __tdata_start)
                [!provide]                        PROVIDE (__tls_end = __tbss_end)
                [!provide]                        PROVIDE (__tls_size = (__tls_end - __tls_base))
                [!provide]                        PROVIDE (__tls_align = MAX (ALIGNOF (.tdata), ALIGNOF (.tbss)))
                [!provide]                        PROVIDE (__tls_size_align = (((__tls_size + __tls_align) - 0x1) & ~ ((__tls_align - 0x1))))
                [!provide]                        PROVIDE (__arm32_tls_tcb_offset = MAX (0x8, __tls_align))
                [!provide]                        PROVIDE (__arm64_tls_tcb_offset = MAX (0x10, __tls_align))

.bss            0x000000002000000c       0x70 load address 0x0000000008002420
 *(.bss)
 .bss           0x000000002000000c       0x1c /usr/lib/gcc/arm-none-eabi/10.3.1/thumb/v7e-m+fp/hard/crtbegin.o
 *(.bss*)
 .bss.uwTick    0x0000000020000028        0x4 cmake/stm32cubemx/CMakeFiles/STM32_Drivers.dir/__/__/Drivers/STM32G4xx_HAL_Driver/Src/stm32g4xx_hal.c.obj
                0x0000000020000028                uwTick
 .bss.tim1_ticks
                0x000000002000002c        0x4 CMakeFiles/g474_test.dir/Core/Src/main.c.obj
                0x000000002000002c                tim1_ticks
 .bss.htim1     0x0000000020000030       0x4c CMakeFiles/g474_test.dir/Core/Src/tim.c.obj
                0x0000000020000030                htim1
 *(COMMON)
                0x000000002000007c                . = ALIGN (0x4)
                0x000000002000007c                _ebss = .
                0x000000002000007c                __bss_end__ = _ebss
                [!provide]                        PROVIDE (__bss_end = .)
                [!provide]                        PROVIDE (__non_tls_bss_start = ADDR (.bss))
                [!provide]                        PROVIDE (__bss_start = __tbss_start)
                [!provide]                        PROVIDE (__bss_size = (__bss_end - __bss_start))

._user_heap_stack
                0x000000002000007c      0x604 load address 0x0000000008002420
                0x0000000020000080                . = ALIGN (0x8)
 *fill*         0x000000002000007c        0x4 
                [!provide]                        PROVIDE (end = .)
                0x0000000020000080                PROVIDE (_end = .)
                0x0000000020000280                . = (. + _Min_Heap_Size)
 *fill*         0x0000000020000080      0x200 
                0x0000000020000680                . = (. + _Min_Stack_Size)
 *fill*         0x0000000020000280      0x400 
                0x0000000020000680                . = ALIGN (0x8)

/DISCARD/
 libc.a:*(*)
 libm.a:*(*)
 libgcc.a:*(*)
OUTPUT(g474_test.elf elf32-littlearm)
LOAD linker stubs

.ARM.attributes
                0x0000000000000000       0x30
 .ARM.attributes
                0x0000000000000000       0x1e /usr/lib/gcc/arm-none-eabi/10.3.1/thumb/v7e-m+fp/hard/crti.o
 .ARM.attributes
                0x000000000000001e       0x34 /usr/lib/gcc/arm-none-eabi/10.3.1/thumb/v7e-m+fp/hard/crtbegin.o
 .ARM.attributes
                0x0000000000000052       0x34 cmake/stm32cubemx/CMakeFiles/STM32_Drivers.dir/__/__/Core/Src/system_stm32g4xx.c.obj
 .ARM.attributes
                0x0000000000000086       0x34 cmake/stm32cubemx/CMakeFiles/STM32_Drivers.dir/__/__/Drivers/STM32G4xx_HAL_Driver/Src/stm32g4xx_hal_pwr_ex.c.obj
 .ARM.attributes
                0x00000000000000ba       0x34 cmake/stm32cubemx/CMakeFiles/STM32_Drivers.dir/__/__/Drivers/STM32G4xx_HAL_Driver/Src/stm32g4xx_hal_tim.c.obj
 .ARM.attributes
                0x00000000000000ee       0x34 cmake/stm32cubemx/CMakeFiles/STM32_Drivers.dir/__/__/Drivers/STM32G4xx_HAL_Driver/Src/stm32g4xx_hal_tim_ex.c.obj
 .ARM.attributes
                0x0000000000000122       0x34 cmake/stm32cubemx/CMakeFiles/STM32_Drivers.dir/__/__/Drivers/STM32G4xx_HAL_Driver/Src/stm32g4xx_hal.c.obj
 .ARM.attributes
                0x0000000000000156       0x34 cmake/stm32cubemx/CMakeFiles/STM32_Drivers.dir/__/__/Drivers/STM32G4xx_HAL_Driver/Src/stm32g4xx_hal_rcc.c.obj
 .ARM.attributes
                0x000000000000018a       0x34 cmake/stm32cubemx/CMakeFiles/STM32_Drivers.dir/__/__/Drivers/STM32G4xx_HAL_Driver/Src/stm32g4xx_hal_gpio.c.obj
 .ARM.attributes
                0x00000000000001be       0x34 cmake/stm32cubemx/CMakeFiles/STM32_Drivers.dir/__/__/Drivers/STM32G4xx_HAL_Driver/Src/stm32g4xx_hal_cortex.c.obj
 .ARM.attributes
                0x00000000000001f2       0x34 CMakeFiles/g474_test.dir/Core/Src/main.c.obj
 .ARM.attributes
                0x0000000000000226       0x34 CMakeFiles/g474_test.dir/Core/Src/gpio.c.obj
 .ARM.attributes
                0x000000000000025a       0x34 CMakeFiles/g474_test.dir/Core/Src/tim.c.obj
 .ARM.attributes
                0x000000000000028e       0x34 CMakeFiles/g474_test.dir/Core/Src/stm32g4xx_it.c.obj
 .ARM.attributes
                0x00000000000002c2       0x34 CMakeFiles/g474_test.dir/Core/Src/stm32g4xx_hal_msp.c.obj
 .ARM.attributes
                0x00000000000002f6       0x21 CMakeFiles/g474_test.dir/startup_stm32g474xx.s.obj
 .ARM.attributes
                0x0000000000000317       0x34 /usr/lib/gcc/arm-none-eabi/10.3.1/../../../arm-none-eabi/lib/thumb/v7e-m+fp/hard/libg_nano.a(lib_a-init.o)
 .ARM.attributes
                0x000000000000034b       0x34 /usr/lib/gcc/arm-none-eabi/10.3.1/../../../arm-none-eabi/lib/thumb/v7e-m+fp/hard/libg_nano.a(lib_a-memset.o)
 .ARM.attributes
                0x000000000000037f       0x32 /usr/lib/gcc/arm-none-eabi/10.3.1/thumb/v7e-m+fp/hard/crtend.o
 .ARM.attributes
                0x00000000000003b1       0x1e /usr/lib/gcc/arm-none-eabi/10.3.1/thumb/v7e-m+fp/hard/crtn.o

.comment        0x0000000000000000       0x33
 .comment       0x0000000000000000       0x33 /usr/lib/gcc/arm-none-eabi/10.3.1/thumb/v7e-m+fp/hard/crtbegin.o
                                         0x34 (size before relaxing)
 .comment       0x0000000000000033       0x34 cmake/stm32cubemx/CMakeFiles/STM32_Drivers.dir/__/__/Core/Src/system_stm32g4xx.c.obj
 .comment       0x0000000000000033       0x34 cmake/stm32cubemx/CMakeFiles/STM32_Drivers.dir/__/__/Drivers/STM32G4xx_HAL_Driver/Src/stm32g4xx_hal_pwr_ex.c.obj
 .comment       0x0000000000000033       0x34 cmake/stm32cubemx/CMakeFiles/STM32_Drivers.dir/__/__/Drivers/STM32G4xx_HAL_Driver/Src/stm32g4xx_hal_tim.c.obj
 .comment       0x0000000000000033       0x34 cmake/stm32cubemx/CMakeFiles/STM32_Drivers.dir/__/__/Drivers/STM32G4xx_HAL_Driver/Src/stm32g4xx_hal_tim_ex.c.obj
 .comment       0x0000000000000033       0x34 cmake/stm32cubemx/CMakeFiles/STM32_Drivers.dir/__/__/Drivers/STM32G4xx_HAL_Driver/Src/stm32g4xx_hal.c.obj
 .comment       0x0000000000000033       0x34 cmake/stm32cubemx/CMakeFiles/STM32_Drivers.dir/__/__/Drivers/STM32G4xx_HAL_Driver/Src/stm32g4xx_hal_rcc.c.obj
 .comment       0x0000000000000033       0x34 cmake/stm32cubemx/CMakeFiles/STM32_Drivers.dir/__/__/Drivers/STM32G4xx_HAL_Driver/Src/stm32g4xx_hal_gpio.c.obj
 .comment       0x0000000000000033       0x34 cmake/stm32cubemx/CMakeFiles/STM32_Drivers.dir/__/__/Drivers/STM32G4xx_HAL_Driver/Src/stm32g4xx_hal_cortex.c.obj
 .comment       0x0000000000000033       0x34 CMakeFiles/g474_test.dir/Core/Src/main.c.obj
 .comment       0x0000000000000033       0x34 CMakeFiles/g474_test.dir/Core/Src/gpio.c.obj
 .comment       0x0000000000000033       0x34 CMakeFiles/g474_test.dir/Core/Src/tim.c.obj
 .comment       0x0000000000000033       0x34 CMakeFiles/g474_test.dir/Core/Src/stm32g4xx_it.c.obj
 .comment       0x0000000000000033       0x34 CMakeFiles/g474_test.dir/Core/Src/stm32g4xx_hal_msp.c.obj
 .comment       0x0000000000000033       0x34 /usr/lib/gcc/arm-none-eabi/10.3.1/../../../arm-none-eabi/lib/thumb/v7e-m+fp/hard/libg_nano.a(lib_a-init.o)
 .comment       0x0000000000000033       0x34 /usr/lib/gcc/arm-none-eabi/10.3.1/../../../arm-none-eabi/lib/thumb/v7e-m+fp/hard/libg_nano.a(lib_a-memset.o)
 .comment       0x0000000000000033       0x34 /usr/lib/gcc/arm-none-eabi/10.3.1/thumb/v7e-m+fp/hard/crtend.o

.debug_info     0x0000000000000000     0xb4c7
 .debug_info    0x0000000000000000      0x587 cmake/stm32cubemx/CMakeFiles/STM32_Drivers.dir/__/__/Core/Src/system_stm32g4xx.c.obj
 .debug_info    0x0000000000000587      0x962 cmake/stm32cubemx/CMakeFiles/STM32_Drivers.dir/__/__/Drivers/STM32G4xx_HAL_Driver/Src/stm32g4xx_hal_pwr_ex.c.obj
 .debug_info    0x0000000000000ee9     0x2ddc cmake/stm32cubemx/CMakeFiles/STM32_Drivers.dir/__/__/Drivers/STM32G4xx_HAL_Driver/Src/stm32g4xx_hal_tim.c.obj
 .debug_info    0x0000000000003cc5     0x1da3 cmake/stm32cubemx/CMakeFiles/STM32_Drivers.dir/__/__/Drivers/STM32G4xx_HAL_Driver/Src/stm32g4xx_hal_tim_ex.c.obj
 .debug_info    0x0000000000005a68      0xb83 cmake/stm32cubemx/CMakeFiles/STM32_Drivers.dir/__/__/Drivers/STM32G4xx_HAL_Driver/Src/stm32g4xx_hal.c.obj
 .debug_info    0x00000000000065eb      0xc5d cmake/stm32cubemx/CMakeFiles/STM32_Drivers.dir/__/__/Drivers/STM32G4xx_HAL_Driver/Src/stm32g4xx_hal_rcc.c.obj
 .debug_info    0x0000000000007248      0x817 cmake/stm32cubemx/CMakeFiles/STM32_Drivers.dir/__/__/Drivers/STM32G4xx_HAL_Driver/Src/stm32g4xx_hal_gpio.c.obj
 .debug_info    0x0000000000007a5f      0xeaa cmake/stm32cubemx/CMakeFiles/STM32_Drivers.dir/__/__/Drivers/STM32G4xx_HAL_Driver/Src/stm32g4xx_hal_cortex.c.obj
 .debug_info    0x0000000000008909      0xada CMakeFiles/g474_test.dir/Core/Src/main.c.obj
 .debug_info    0x00000000000093e3      0x45e CMakeFiles/g474_test.dir/Core/Src/gpio.c.obj
 .debug_info    0x0000000000009841      0xe29 CMakeFiles/g474_test.dir/Core/Src/tim.c.obj
 .debug_info    0x000000000000a66a      0x8d2 CMakeFiles/g474_test.dir/Core/Src/stm32g4xx_it.c.obj
 .debug_info    0x000000000000af3c      0x318 CMakeFiles/g474_test.dir/Core/Src/stm32g4xx_hal_msp.c.obj
 .debug_info    0x000000000000b254       0x22 CMakeFiles/g474_test.dir/startup_stm32g474xx.s.obj
 .debug_info    0x000000000000b276      0x11a /usr/lib/gcc/arm-none-eabi/10.3.1/../../../arm-none-eabi/lib/thumb/v7e-m+fp/hard/libg_nano.a(lib_a-init.o)
 .debug_info    0x000000000000b390      0x137 /usr/lib/gcc/arm-none-eabi/10.3.1/../../../arm-none-eabi/lib/thumb/v7e-m+fp/hard/libg_nano.a(lib_a-memset.o)

.debug_abbrev   0x0000000000000000     0x1a8f
 .debug_abbrev  0x0000000000000000      0x116 cmake/stm32cubemx/CMakeFiles/STM32_Drivers.dir/__/__/Core/Src/system_stm32g4xx.c.obj
 .debug_abbrev  0x0000000000000116      0x216 cmake/stm32cubemx/CMakeFiles/STM32_Drivers.dir/__/__/Drivers/STM32G4xx_HAL_Driver/Src/stm32g4xx_hal_pwr_ex.c.obj
 .debug_abbrev  0x000000000000032c      0x269 cmake/stm32cubemx/CMakeFiles/STM32_Drivers.dir/__/__/Drivers/STM32G4xx_HAL_Driver/Src/stm32g4xx_hal_tim.c.obj
 .debug_abbrev  0x0000000000000595      0x271 cmake/stm32cubemx/CMakeFiles/STM32_Drivers.dir/__/__/Drivers/STM32G4xx_HAL_Driver/Src/stm32g4xx_hal_tim_ex.c.obj
 .debug_abbrev  0x0000000000000806      0x236 cmake/stm32cubemx/CMakeFiles/STM32_Drivers.dir/__/__/Drivers/STM32G4xx_HAL_Driver/Src/stm32g4xx_hal.c.obj
 .debug_abbrev  0x0000000000000a3c      0x275 cmake/stm32cubemx/CMakeFiles/STM32_Drivers.dir/__/__/Drivers/STM32G4xx_HAL_Driver/Src/stm32g4xx_hal_rcc.c.obj
 .debug_abbrev  0x0000000000000cb1      0x1bb cmake/stm32cubemx/CMakeFiles/STM32_Drivers.dir/__/__/Drivers/STM32G4xx_HAL_Driver/Src/stm32g4xx_hal_gpio.c.obj
 .debug_abbrev  0x0000000000000e6c      0x30d cmake/stm32cubemx/CMakeFiles/STM32_Drivers.dir/__/__/Drivers/STM32G4xx_HAL_Driver/Src/stm32g4xx_hal_cortex.c.obj
 .debug_abbrev  0x0000000000001179      0x215 CMakeFiles/g474_test.dir/Core/Src/main.c.obj
 .debug_abbrev  0x000000000000138e      0x121 CMakeFiles/g474_test.dir/Core/Src/gpio.c.obj
 .debug_abbrev  0x00000000000014af      0x1d2 CMakeFiles/g474_test.dir/Core/Src/tim.c.obj
 .debug_abbrev  0x0000000000001681      0x1ba CMakeFiles/g474_test.dir/Core/Src/stm32g4xx_it.c.obj
 .debug_abbrev  0x000000000000183b       0xc2 CMakeFiles/g474_test.dir/Core/Src/stm32g4xx_hal_msp.c.obj
 .debug_abbrev  0x00000000000018fd       0x12 CMakeFiles/g474_test.dir/startup_stm32g474xx.s.obj
 .debug_abbrev  0x000000000000190f       0xcc /usr/lib/gcc/arm-none-eabi/10.3.1/../../../arm-none-eabi/lib/thumb/v7e-m+fp/hard/libg_nano.a(lib_a-init.o)
 .debug_abbrev  0x00000000000019db       0xb4 /usr/lib/gcc/arm-none-eabi/10.3.1/../../../arm-none-eabi/lib/thumb/v7e-m+fp/hard/libg_nano.a(lib_a-memset.o)

.debug_aranges  0x0000000000000000      0xc68
 .debug_aranges
                0x0000000000000000       0x28 cmake/stm32cubemx/CMakeFiles/STM32_Drivers.dir/__/__/Core/Src/system_stm32g4xx.c.obj
 .debug_aranges
                0x0000000000000028      0x140 cmake/stm32cubemx/CMakeFiles/STM32_Drivers.dir/__/__/Drivers/STM32G4xx_HAL_Driver/Src/stm32g4xx_hal_pwr_ex.c.obj
 .debug_aranges
                0x0000000000000168      0x3e0 cmake/stm32cubemx/CMakeFiles/STM32_Drivers.dir/__/__/Drivers/STM32G4xx_HAL_Driver/Src/stm32g4xx_hal_tim.c.obj
 .debug_aranges
                0x0000000000000548      0x240 cmake/stm32cubemx/CMakeFiles/STM32_Drivers.dir/__/__/Drivers/STM32G4xx_HAL_Driver/Src/stm32g4xx_hal_tim_ex.c.obj
 .debug_aranges
                0x0000000000000788      0x148 cmake/stm32cubemx/CMakeFiles/STM32_Drivers.dir/__/__/Drivers/STM32G4xx_HAL_Driver/Src/stm32g4xx_hal.c.obj
 .debug_aranges
                0x00000000000008d0       0x98 cmake/stm32cubemx/CMakeFiles/STM32_Drivers.dir/__/__/Drivers/STM32G4xx_HAL_Driver/Src/stm32g4xx_hal_rcc.c.obj
 .debug_aranges
                0x0000000000000968       0x58 cmake/stm32cubemx/CMakeFiles/STM32_Drivers.dir/__/__/Drivers/STM32G4xx_HAL_Driver/Src/stm32g4xx_hal_gpio.c.obj
 .debug_aranges
                0x00000000000009c0      0x128 cmake/stm32cubemx/CMakeFiles/STM32_Drivers.dir/__/__/Drivers/STM32G4xx_HAL_Driver/Src/stm32g4xx_hal_cortex.c.obj
 .debug_aranges
                0x0000000000000ae8       0x38 CMakeFiles/g474_test.dir/Core/Src/main.c.obj
 .debug_aranges
                0x0000000000000b20       0x20 CMakeFiles/g474_test.dir/Core/Src/gpio.c.obj
 .debug_aranges
                0x0000000000000b40       0x30 CMakeFiles/g474_test.dir/Core/Src/tim.c.obj
 .debug_aranges
                0x0000000000000b70       0x70 CMakeFiles/g474_test.dir/Core/Src/stm32g4xx_it.c.obj
 .debug_aranges
                0x0000000000000be0       0x20 CMakeFiles/g474_test.dir/Core/Src/stm32g4xx_hal_msp.c.obj
 .debug_aranges
                0x0000000000000c00       0x28 CMakeFiles/g474_test.dir/startup_stm32g474xx.s.obj
 .debug_aranges
                0x0000000000000c28       0x20 /usr/lib/gcc/arm-none-eabi/10.3.1/../../../arm-none-eabi/lib/thumb/v7e-m+fp/hard/libg_nano.a(lib_a-init.o)
 .debug_aranges
                0x0000000000000c48       0x20 /usr/lib/gcc/arm-none-eabi/10.3.1/../../../arm-none-eabi/lib/thumb/v7e-m+fp/hard/libg_nano.a(lib_a-memset.o)

.debug_ranges   0x0000000000000000      0xb50
 .debug_ranges  0x0000000000000000       0x18 cmake/stm32cubemx/CMakeFiles/STM32_Drivers.dir/__/__/Core/Src/system_stm32g4xx.c.obj
 .debug_ranges  0x0000000000000018      0x130 cmake/stm32cubemx/CMakeFiles/STM32_Drivers.dir/__/__/Drivers/STM32G4xx_HAL_Driver/Src/stm32g4xx_hal_pwr_ex.c.obj
 .debug_ranges  0x0000000000000148      0x3d0 cmake/stm32cubemx/CMakeFiles/STM32_Drivers.dir/__/__/Drivers/STM32G4xx_HAL_Driver/Src/stm32g4xx_hal_tim.c.obj
 .debug_ranges  0x0000000000000518      0x230 cmake/stm32cubemx/CMakeFiles/STM32_Drivers.dir/__/__/Drivers/STM32G4xx_HAL_Driver/Src/stm32g4xx_hal_tim_ex.c.obj
 .debug_ranges  0x0000000000000748      0x138 cmake/stm32cubemx/CMakeFiles/STM32_Drivers.dir/__/__/Drivers/STM32G4xx_HAL_Driver/Src/stm32g4xx_hal.c.obj
 .debug_ranges  0x0000000000000880       0x88 cmake/stm32cubemx/CMakeFiles/STM32_Drivers.dir/__/__/Drivers/STM32G4xx_HAL_Driver/Src/stm32g4xx_hal_rcc.c.obj
 .debug_ranges  0x0000000000000908       0x48 cmake/stm32cubemx/CMakeFiles/STM32_Drivers.dir/__/__/Drivers/STM32G4xx_HAL_Driver/Src/stm32g4xx_hal_gpio.c.obj
 .debug_ranges  0x0000000000000950      0x118 cmake/stm32cubemx/CMakeFiles/STM32_Drivers.dir/__/__/Drivers/STM32G4xx_HAL_Driver/Src/stm32g4xx_hal_cortex.c.obj
 .debug_ranges  0x0000000000000a68       0x28 CMakeFiles/g474_test.dir/Core/Src/main.c.obj
 .debug_ranges  0x0000000000000a90       0x10 CMakeFiles/g474_test.dir/Core/Src/gpio.c.obj
 .debug_ranges  0x0000000000000aa0       0x20 CMakeFiles/g474_test.dir/Core/Src/tim.c.obj
 .debug_ranges  0x0000000000000ac0       0x60 CMakeFiles/g474_test.dir/Core/Src/stm32g4xx_it.c.obj
 .debug_ranges  0x0000000000000b20       0x10 CMakeFiles/g474_test.dir/Core/Src/stm32g4xx_hal_msp.c.obj
 .debug_ranges  0x0000000000000b30       0x20 CMakeFiles/g474_test.dir/startup_stm32g474xx.s.obj

.debug_macro    0x0000000000000000    0x2474c
 .debug_macro   0x0000000000000000      0x171 cmake/stm32cubemx/CMakeFiles/STM32_Drivers.dir/__/__/Core/Src/system_stm32g4xx.c.obj
 .debug_macro   0x0000000000000171      0xa78 cmake/stm32cubemx/CMakeFiles/STM32_Drivers.dir/__/__/Core/Src/system_stm32g4xx.c.obj
 .debug_macro   0x0000000000000be9       0x2e cmake/stm32cubemx/CMakeFiles/STM32_Drivers.dir/__/__/Core/Src/system_stm32g4xx.c.obj
 .debug_macro   0x0000000000000c17       0x28 cmake/stm32cubemx/CMakeFiles/STM32_Drivers.dir/__/__/Core/Src/system_stm32g4xx.c.obj
 .debug_macro   0x0000000000000c3f      0x34e cmake/stm32cubemx/CMakeFiles/STM32_Drivers.dir/__/__/Core/Src/system_stm32g4xx.c.obj
 .debug_macro   0x0000000000000f8d       0x1c cmake/stm32cubemx/CMakeFiles/STM32_Drivers.dir/__/__/Core/Src/system_stm32g4xx.c.obj
 .debug_macro   0x0000000000000fa9       0x22 cmake/stm32cubemx/CMakeFiles/STM32_Drivers.dir/__/__/Core/Src/system_stm32g4xx.c.obj
 .debug_macro   0x0000000000000fcb       0xfb cmake/stm32cubemx/CMakeFiles/STM32_Drivers.dir/__/__/Core/Src/system_stm32g4xx.c.obj
 .debug_macro   0x00000000000010c6     0x1011 cmake/stm32cubemx/CMakeFiles/STM32_Drivers.dir/__/__/Core/Src/system_stm32g4xx.c.obj
 .debug_macro   0x00000000000020d7      0x11f cmake/stm32cubemx/CMakeFiles/STM32_Drivers.dir/__/__/Core/Src/system_stm32g4xx.c.obj
 .debug_macro   0x00000000000021f6    0x18b8c cmake/stm32cubemx/CMakeFiles/STM32_Drivers.dir/__/__/Core/Src/system_stm32g4xx.c.obj
 .debug_macro   0x000000000001ad82       0x6d cmake/stm32cubemx/CMakeFiles/STM32_Drivers.dir/__/__/Core/Src/system_stm32g4xx.c.obj
 .debug_macro   0x000000000001adef      0x155 cmake/stm32cubemx/CMakeFiles/STM32_Drivers.dir/__/__/Core/Src/system_stm32g4xx.c.obj
 .debug_macro   0x000000000001af44     0x3558 cmake/stm32cubemx/CMakeFiles/STM32_Drivers.dir/__/__/Core/Src/system_stm32g4xx.c.obj
 .debug_macro   0x000000000001e49c      0x174 cmake/stm32cubemx/CMakeFiles/STM32_Drivers.dir/__/__/Core/Src/system_stm32g4xx.c.obj
 .debug_macro   0x000000000001e610       0x5c cmake/stm32cubemx/CMakeFiles/STM32_Drivers.dir/__/__/Core/Src/system_stm32g4xx.c.obj
 .debug_macro   0x000000000001e66c     0x171f cmake/stm32cubemx/CMakeFiles/STM32_Drivers.dir/__/__/Core/Src/system_stm32g4xx.c.obj
 .debug_macro   0x000000000001fd8b      0x600 cmake/stm32cubemx/CMakeFiles/STM32_Drivers.dir/__/__/Core/Src/system_stm32g4xx.c.obj
 .debug_macro   0x000000000002038b      0x1b6 cmake/stm32cubemx/CMakeFiles/STM32_Drivers.dir/__/__/Core/Src/system_stm32g4xx.c.obj
 .debug_macro   0x0000000000020541      0x34a cmake/stm32cubemx/CMakeFiles/STM32_Drivers.dir/__/__/Core/Src/system_stm32g4xx.c.obj
 .debug_macro   0x000000000002088b      0x53c cmake/stm32cubemx/CMakeFiles/STM32_Drivers.dir/__/__/Core/Src/system_stm32g4xx.c.obj
 .debug_macro   0x0000000000020dc7      0x18b cmake/stm32cubemx/CMakeFiles/STM32_Drivers.dir/__/__/Core/Src/system_stm32g4xx.c.obj
 .debug_macro   0x0000000000020f52       0x43 cmake/stm32cubemx/CMakeFiles/STM32_Drivers.dir/__/__/Core/Src/system_stm32g4xx.c.obj
 .debug_macro   0x0000000000020f95      0x23d cmake/stm32cubemx/CMakeFiles/STM32_Drivers.dir/__/__/Core/Src/system_stm32g4xx.c.obj
 .debug_macro   0x00000000000211d2      0x211 cmake/stm32cubemx/CMakeFiles/STM32_Drivers.dir/__/__/Core/Src/system_stm32g4xx.c.obj
 .debug_macro   0x00000000000213e3      0x45c cmake/stm32cubemx/CMakeFiles/STM32_Drivers.dir/__/__/Core/Src/system_stm32g4xx.c.obj
 .debug_macro   0x000000000002183f      0x11c cmake/stm32cubemx/CMakeFiles/STM32_Drivers.dir/__/__/Core/Src/system_stm32g4xx.c.obj
 .debug_macro   0x000000000002195b      0x122 cmake/stm32cubemx/CMakeFiles/STM32_Drivers.dir/__/__/Core/Src/system_stm32g4xx.c.obj
 .debug_macro   0x0000000000021a7d      0x3d1 cmake/stm32cubemx/CMakeFiles/STM32_Drivers.dir/__/__/Core/Src/system_stm32g4xx.c.obj
 .debug_macro   0x0000000000021e4e      0xc0b cmake/stm32cubemx/CMakeFiles/STM32_Drivers.dir/__/__/Core/Src/system_stm32g4xx.c.obj
 .debug_macro   0x0000000000022a59      0x718 cmake/stm32cubemx/CMakeFiles/STM32_Drivers.dir/__/__/Core/Src/system_stm32g4xx.c.obj
 .debug_macro   0x0000000000023171      0x358 cmake/stm32cubemx/CMakeFiles/STM32_Drivers.dir/__/__/Core/Src/system_stm32g4xx.c.obj
 .debug_macro   0x00000000000234c9      0x19b cmake/stm32cubemx/CMakeFiles/STM32_Drivers.dir/__/__/Drivers/STM32G4xx_HAL_Driver/Src/stm32g4xx_hal_pwr_ex.c.obj
 .debug_macro   0x0000000000023664      0x179 cmake/stm32cubemx/CMakeFiles/STM32_Drivers.dir/__/__/Drivers/STM32G4xx_HAL_Driver/Src/stm32g4xx_hal_tim.c.obj
 .debug_macro   0x00000000000237dd      0x177 cmake/stm32cubemx/CMakeFiles/STM32_Drivers.dir/__/__/Drivers/STM32G4xx_HAL_Driver/Src/stm32g4xx_hal_tim_ex.c.obj
 .debug_macro   0x0000000000023954      0x1bf cmake/stm32cubemx/CMakeFiles/STM32_Drivers.dir/__/__/Drivers/STM32G4xx_HAL_Driver/Src/stm32g4xx_hal.c.obj
 .debug_macro   0x0000000000023b13      0x1b3 cmake/stm32cubemx/CMakeFiles/STM32_Drivers.dir/__/__/Drivers/STM32G4xx_HAL_Driver/Src/stm32g4xx_hal_rcc.c.obj
 .debug_macro   0x0000000000023cc6      0x178 cmake/stm32cubemx/CMakeFiles/STM32_Drivers.dir/__/__/Drivers/STM32G4xx_HAL_Driver/Src/stm32g4xx_hal_gpio.c.obj
 .debug_macro   0x0000000000023e3e      0x171 cmake/stm32cubemx/CMakeFiles/STM32_Drivers.dir/__/__/Drivers/STM32G4xx_HAL_Driver/Src/stm32g4xx_hal_cortex.c.obj
 .debug_macro   0x0000000000023faf      0x193 CMakeFiles/g474_test.dir/Core/Src/main.c.obj
 .debug_macro   0x0000000000024142      0x185 CMakeFiles/g474_test.dir/Core/Src/gpio.c.obj
 .debug_macro   0x00000000000242c7      0x185 CMakeFiles/g474_test.dir/Core/Src/tim.c.obj
 .debug_macro   0x000000000002444c      0x185 CMakeFiles/g474_test.dir/Core/Src/stm32g4xx_it.c.obj
 .debug_macro   0x00000000000245d1      0x17b CMakeFiles/g474_test.dir/Core/Src/stm32g4xx_hal_msp.c.obj

.debug_line     0x0000000000000000     0xb47a
 .debug_line    0x0000000000000000      0x559 cmake/stm32cubemx/CMakeFiles/STM32_Drivers.dir/__/__/Core/Src/system_stm32g4xx.c.obj
 .debug_line    0x0000000000000559      0xa87 cmake/stm32cubemx/CMakeFiles/STM32_Drivers.dir/__/__/Drivers/STM32G4xx_HAL_Driver/Src/stm32g4xx_hal_pwr_ex.c.obj
 .debug_line    0x0000000000000fe0     0x3d53 cmake/stm32cubemx/CMakeFiles/STM32_Drivers.dir/__/__/Drivers/STM32G4xx_HAL_Driver/Src/stm32g4xx_hal_tim.c.obj
 .debug_line    0x0000000000004d33     0x1f12 cmake/stm32cubemx/CMakeFiles/STM32_Drivers.dir/__/__/Drivers/STM32G4xx_HAL_Driver/Src/stm32g4xx_hal_tim_ex.c.obj
 .debug_line    0x0000000000006c45      0x918 cmake/stm32cubemx/CMakeFiles/STM32_Drivers.dir/__/__/Drivers/STM32G4xx_HAL_Driver/Src/stm32g4xx_hal.c.obj
 .debug_line    0x000000000000755d      0xce3 cmake/stm32cubemx/CMakeFiles/STM32_Drivers.dir/__/__/Drivers/STM32G4xx_HAL_Driver/Src/stm32g4xx_hal_rcc.c.obj
 .debug_line    0x0000000000008240      0x913 cmake/stm32cubemx/CMakeFiles/STM32_Drivers.dir/__/__/Drivers/STM32G4xx_HAL_Driver/Src/stm32g4xx_hal_gpio.c.obj
 .debug_line    0x0000000000008b53      0xab1 cmake/stm32cubemx/CMakeFiles/STM32_Drivers.dir/__/__/Drivers/STM32G4xx_HAL_Driver/Src/stm32g4xx_hal_cortex.c.obj
 .debug_line    0x0000000000009604      0x5ac CMakeFiles/g474_test.dir/Core/Src/main.c.obj
 .debug_line    0x0000000000009bb0      0x4fd CMakeFiles/g474_test.dir/Core/Src/gpio.c.obj
 .debug_line    0x000000000000a0ad      0x561 CMakeFiles/g474_test.dir/Core/Src/tim.c.obj
 .debug_line    0x000000000000a60e      0x5e8 CMakeFiles/g474_test.dir/Core/Src/stm32g4xx_it.c.obj
 .debug_line    0x000000000000abf6      0x4f0 CMakeFiles/g474_test.dir/Core/Src/stm32g4xx_hal_msp.c.obj
 .debug_line    0x000000000000b0e6       0x9d CMakeFiles/g474_test.dir/startup_stm32g474xx.s.obj
 .debug_line    0x000000000000b183      0x138 /usr/lib/gcc/arm-none-eabi/10.3.1/../../../arm-none-eabi/lib/thumb/v7e-m+fp/hard/libg_nano.a(lib_a-init.o)
 .debug_line    0x000000000000b2bb      0x1bf /usr/lib/gcc/arm-none-eabi/10.3.1/../../../arm-none-eabi/lib/thumb/v7e-m+fp/hard/libg_nano.a(lib_a-memset.o)

.debug_str      0x0000000000000000    0xf10d9
 .debug_str     0x0000000000000000    0xecf26 cmake/stm32cubemx/CMakeFiles/STM32_Drivers.dir/__/__/Core/Src/system_stm32g4xx.c.obj
                                      0xed1b4 (size before relaxing)
 .debug_str     0x00000000000ecf26      0x574 cmake/stm32cubemx/CMakeFiles/STM32_Drivers.dir/__/__/Drivers/STM32G4xx_HAL_Driver/Src/stm32g4xx_hal_pwr_ex.c.obj
                                      0xed68e (size before relaxing)
 .debug_str     0x00000000000ed49a     0x1480 cmake/stm32cubemx/CMakeFiles/STM32_Drivers.dir/__/__/Drivers/STM32G4xx_HAL_Driver/Src/stm32g4xx_hal_tim.c.obj
                                      0xee58f (size before relaxing)
 .debug_str     0x00000000000ee91a      0xaa9 cmake/stm32cubemx/CMakeFiles/STM32_Drivers.dir/__/__/Drivers/STM32G4xx_HAL_Driver/Src/stm32g4xx_hal_tim_ex.c.obj
                                      0xee213 (size before relaxing)
 .debug_str     0x00000000000ef3c3      0xc1f cmake/stm32cubemx/CMakeFiles/STM32_Drivers.dir/__/__/Drivers/STM32G4xx_HAL_Driver/Src/stm32g4xx_hal.c.obj
                                      0xede81 (size before relaxing)
 .debug_str     0x00000000000effe2      0x6b6 cmake/stm32cubemx/CMakeFiles/STM32_Drivers.dir/__/__/Drivers/STM32G4xx_HAL_Driver/Src/stm32g4xx_hal_rcc.c.obj
                                      0xed8ac (size before relaxing)
 .debug_str     0x00000000000f0698      0x15e cmake/stm32cubemx/CMakeFiles/STM32_Drivers.dir/__/__/Drivers/STM32G4xx_HAL_Driver/Src/stm32g4xx_hal_gpio.c.obj
                                      0xed33e (size before relaxing)
 .debug_str     0x00000000000f07f6      0x3e3 cmake/stm32cubemx/CMakeFiles/STM32_Drivers.dir/__/__/Drivers/STM32G4xx_HAL_Driver/Src/stm32g4xx_hal_cortex.c.obj
                                      0xedb78 (size before relaxing)
 .debug_str     0x00000000000f0bd9       0xb8 CMakeFiles/g474_test.dir/Core/Src/main.c.obj
                                      0xed7a1 (size before relaxing)
 .debug_str     0x00000000000f0c91       0x53 CMakeFiles/g474_test.dir/Core/Src/gpio.c.obj
                                      0xed1a0 (size before relaxing)
 .debug_str     0x00000000000f0ce4       0x51 CMakeFiles/g474_test.dir/Core/Src/tim.c.obj
                                      0xede5d (size before relaxing)
 .debug_str     0x00000000000f0d35       0xf9 CMakeFiles/g474_test.dir/Core/Src/stm32g4xx_it.c.obj
                                      0xed6a1 (size before relaxing)
 .debug_str     0x00000000000f0e2e       0x43 CMakeFiles/g474_test.dir/Core/Src/stm32g4xx_hal_msp.c.obj
                                      0xed10e (size before relaxing)
 .debug_str     0x00000000000f0e71       0x48 CMakeFiles/g474_test.dir/startup_stm32g474xx.s.obj
                                         0x7a (size before relaxing)
 .debug_str     0x00000000000f0eb9      0x16f /usr/lib/gcc/arm-none-eabi/10.3.1/../../../arm-none-eabi/lib/thumb/v7e-m+fp/hard/libg_nano.a(lib_a-init.o)
                                        0x20b (size before relaxing)
 .debug_str     0x00000000000f1028       0xb1 /usr/lib/gcc/arm-none-eabi/10.3.1/../../../arm-none-eabi/lib/thumb/v7e-m+fp/hard/libg_nano.a(lib_a-memset.o)
                                        0x1c0 (size before relaxing)

.debug_frame    0x0000000000000000     0x3268
 .debug_frame   0x0000000000000000       0x58 cmake/stm32cubemx/CMakeFiles/STM32_Drivers.dir/__/__/Core/Src/system_stm32g4xx.c.obj
 .debug_frame   0x0000000000000058      0x4fc cmake/stm32cubemx/CMakeFiles/STM32_Drivers.dir/__/__/Drivers/STM32G4xx_HAL_Driver/Src/stm32g4xx_hal_pwr_ex.c.obj
 .debug_frame   0x0000000000000554     0x1220 cmake/stm32cubemx/CMakeFiles/STM32_Drivers.dir/__/__/Drivers/STM32G4xx_HAL_Driver/Src/stm32g4xx_hal_tim.c.obj
 .debug_frame   0x0000000000001774      0xa70 cmake/stm32cubemx/CMakeFiles/STM32_Drivers.dir/__/__/Drivers/STM32G4xx_HAL_Driver/Src/stm32g4xx_hal_tim_ex.c.obj
 .debug_frame   0x00000000000021e4      0x500 cmake/stm32cubemx/CMakeFiles/STM32_Drivers.dir/__/__/Drivers/STM32G4xx_HAL_Driver/Src/stm32g4xx_hal.c.obj
 .debug_frame   0x00000000000026e4      0x23c cmake/stm32cubemx/CMakeFiles/STM32_Drivers.dir/__/__/Drivers/STM32G4xx_HAL_Driver/Src/stm32g4xx_hal_rcc.c.obj
 .debug_frame   0x0000000000002920      0x14c cmake/stm32cubemx/CMakeFiles/STM32_Drivers.dir/__/__/Drivers/STM32G4xx_HAL_Driver/Src/stm32g4xx_hal_gpio.c.obj
 .debug_frame   0x0000000000002a6c      0x4e8 cmake/stm32cubemx/CMakeFiles/STM32_Drivers.dir/__/__/Drivers/STM32G4xx_HAL_Driver/Src/stm32g4xx_hal_cortex.c.obj
 .debug_frame   0x0000000000002f54       0x90 CMakeFiles/g474_test.dir/Core/Src/main.c.obj
 .debug_frame   0x0000000000002fe4       0x34 CMakeFiles/g474_test.dir/Core/Src/gpio.c.obj
 .debug_frame   0x0000000000003018       0x7c CMakeFiles/g474_test.dir/Core/Src/tim.c.obj
 .debug_frame   0x0000000000003094      0x148 CMakeFiles/g474_test.dir/Core/Src/stm32g4xx_it.c.obj
 .debug_frame   0x00000000000031dc       0x34 CMakeFiles/g474_test.dir/Core/Src/stm32g4xx_hal_msp.c.obj
 .debug_frame   0x0000000000003210       0x2c /usr/lib/gcc/arm-none-eabi/10.3.1/../../../arm-none-eabi/lib/thumb/v7e-m+fp/hard/libg_nano.a(lib_a-init.o)
 .debug_frame   0x000000000000323c       0x2c /usr/lib/gcc/arm-none-eabi/10.3.1/../../../arm-none-eabi/lib/thumb/v7e-m+fp/hard/libg_nano.a(lib_a-memset.o)

.debug_loc      0x0000000000000000      0x2e6
 .debug_loc     0x0000000000000000       0xba /usr/lib/gcc/arm-none-eabi/10.3.1/../../../arm-none-eabi/lib/thumb/v7e-m+fp/hard/libg_nano.a(lib_a-init.o)
 .debug_loc     0x00000000000000ba      0x22c /usr/lib/gcc/arm-none-eabi/10.3.1/../../../arm-none-eabi/lib/thumb/v7e-m+fp/hard/libg_nano.a(lib_a-memset.o)
